Archive member included to satisfy reference by file (symbol)

c:/intelfpga_lite/18.1/nios2eds/bin/gnu/h-x86_64-mingw32/bin/../lib/gcc/nios2-elf/5.3.0\libgcc.a(lib2-divmod.o)
                              obj/default/hello_ucosii.o (__modsi3)
c:/intelfpga_lite/18.1/nios2eds/bin/gnu/h-x86_64-mingw32/bin/../lib/gcc/nios2-elf/5.3.0/../../../../../H-x86_64-mingw32/nios2-elf/lib\libc.a(lib_a-puts.o)
                              obj/default/hello_ucosii.o (puts)
c:/intelfpga_lite/18.1/nios2eds/bin/gnu/h-x86_64-mingw32/bin/../lib/gcc/nios2-elf/5.3.0/../../../../../H-x86_64-mingw32/nios2-elf/lib\libc.a(lib_a-strlen.o)
                              c:/intelfpga_lite/18.1/nios2eds/bin/gnu/h-x86_64-mingw32/bin/../lib/gcc/nios2-elf/5.3.0/../../../../../H-x86_64-mingw32/nios2-elf/lib\libc.a(lib_a-puts.o) (strlen)
c:/intelfpga_lite/18.1/nios2eds/bin/gnu/h-x86_64-mingw32/bin/../lib/gcc/nios2-elf/5.3.0/../../../../../H-x86_64-mingw32/nios2-elf/lib\libc.a(lib_a-findfp.o)
                              c:/intelfpga_lite/18.1/nios2eds/bin/gnu/h-x86_64-mingw32/bin/../lib/gcc/nios2-elf/5.3.0/../../../../../H-x86_64-mingw32/nios2-elf/lib\libc.a(lib_a-puts.o) (__sinit)
c:/intelfpga_lite/18.1/nios2eds/bin/gnu/h-x86_64-mingw32/bin/../lib/gcc/nios2-elf/5.3.0/../../../../../H-x86_64-mingw32/nios2-elf/lib\libc.a(lib_a-fvwrite.o)
                              c:/intelfpga_lite/18.1/nios2eds/bin/gnu/h-x86_64-mingw32/bin/../lib/gcc/nios2-elf/5.3.0/../../../../../H-x86_64-mingw32/nios2-elf/lib\libc.a(lib_a-puts.o) (__sfvwrite_r)
c:/intelfpga_lite/18.1/nios2eds/bin/gnu/h-x86_64-mingw32/bin/../lib/gcc/nios2-elf/5.3.0/../../../../../H-x86_64-mingw32/nios2-elf/lib\libc.a(lib_a-fwalk.o)
                              c:/intelfpga_lite/18.1/nios2eds/bin/gnu/h-x86_64-mingw32/bin/../lib/gcc/nios2-elf/5.3.0/../../../../../H-x86_64-mingw32/nios2-elf/lib\libc.a(lib_a-findfp.o) (_fwalk)
c:/intelfpga_lite/18.1/nios2eds/bin/gnu/h-x86_64-mingw32/bin/../lib/gcc/nios2-elf/5.3.0/../../../../../H-x86_64-mingw32/nios2-elf/lib\libc.a(lib_a-impure.o)
                              c:/intelfpga_lite/18.1/nios2eds/bin/gnu/h-x86_64-mingw32/bin/../lib/gcc/nios2-elf/5.3.0/../../../../../H-x86_64-mingw32/nios2-elf/lib\libc.a(lib_a-findfp.o) (_global_impure_ptr)
c:/intelfpga_lite/18.1/nios2eds/bin/gnu/h-x86_64-mingw32/bin/../lib/gcc/nios2-elf/5.3.0/../../../../../H-x86_64-mingw32/nios2-elf/lib\libc.a(lib_a-mallocr.o)
                              c:/intelfpga_lite/18.1/nios2eds/bin/gnu/h-x86_64-mingw32/bin/../lib/gcc/nios2-elf/5.3.0/../../../../../H-x86_64-mingw32/nios2-elf/lib\libc.a(lib_a-findfp.o) (_malloc_r)
c:/intelfpga_lite/18.1/nios2eds/bin/gnu/h-x86_64-mingw32/bin/../lib/gcc/nios2-elf/5.3.0/../../../../../H-x86_64-mingw32/nios2-elf/lib\libc.a(lib_a-memchr.o)
                              c:/intelfpga_lite/18.1/nios2eds/bin/gnu/h-x86_64-mingw32/bin/../lib/gcc/nios2-elf/5.3.0/../../../../../H-x86_64-mingw32/nios2-elf/lib\libc.a(lib_a-fvwrite.o) (memchr)
c:/intelfpga_lite/18.1/nios2eds/bin/gnu/h-x86_64-mingw32/bin/../lib/gcc/nios2-elf/5.3.0/../../../../../H-x86_64-mingw32/nios2-elf/lib\libc.a(lib_a-memcpy.o)
                              c:/intelfpga_lite/18.1/nios2eds/bin/gnu/h-x86_64-mingw32/bin/../lib/gcc/nios2-elf/5.3.0/../../../../../H-x86_64-mingw32/nios2-elf/lib\libc.a(lib_a-fvwrite.o) (memcpy)
c:/intelfpga_lite/18.1/nios2eds/bin/gnu/h-x86_64-mingw32/bin/../lib/gcc/nios2-elf/5.3.0/../../../../../H-x86_64-mingw32/nios2-elf/lib\libc.a(lib_a-memmove.o)
                              c:/intelfpga_lite/18.1/nios2eds/bin/gnu/h-x86_64-mingw32/bin/../lib/gcc/nios2-elf/5.3.0/../../../../../H-x86_64-mingw32/nios2-elf/lib\libc.a(lib_a-fvwrite.o) (memmove)
c:/intelfpga_lite/18.1/nios2eds/bin/gnu/h-x86_64-mingw32/bin/../lib/gcc/nios2-elf/5.3.0/../../../../../H-x86_64-mingw32/nios2-elf/lib\libc.a(lib_a-memset.o)
                              c:/intelfpga_lite/18.1/nios2eds/bin/gnu/h-x86_64-mingw32/bin/../lib/gcc/nios2-elf/5.3.0/../../../../../H-x86_64-mingw32/nios2-elf/lib\libc.a(lib_a-findfp.o) (memset)
c:/intelfpga_lite/18.1/nios2eds/bin/gnu/h-x86_64-mingw32/bin/../lib/gcc/nios2-elf/5.3.0/../../../../../H-x86_64-mingw32/nios2-elf/lib\libc.a(lib_a-reallocr.o)
                              c:/intelfpga_lite/18.1/nios2eds/bin/gnu/h-x86_64-mingw32/bin/../lib/gcc/nios2-elf/5.3.0/../../../../../H-x86_64-mingw32/nios2-elf/lib\libc.a(lib_a-fvwrite.o) (_realloc_r)
c:/intelfpga_lite/18.1/nios2eds/bin/gnu/h-x86_64-mingw32/bin/../lib/gcc/nios2-elf/5.3.0/../../../../../H-x86_64-mingw32/nios2-elf/lib\libc.a(lib_a-sbrkr.o)
                              c:/intelfpga_lite/18.1/nios2eds/bin/gnu/h-x86_64-mingw32/bin/../lib/gcc/nios2-elf/5.3.0/../../../../../H-x86_64-mingw32/nios2-elf/lib\libc.a(lib_a-mallocr.o) (_sbrk_r)
c:/intelfpga_lite/18.1/nios2eds/bin/gnu/h-x86_64-mingw32/bin/../lib/gcc/nios2-elf/5.3.0/../../../../../H-x86_64-mingw32/nios2-elf/lib\libc.a(lib_a-stdio.o)
[...]
Memory Configuration

Name             Origin             Length             Attributes
reset            0x0000000000000000 0x0000000000000020
new_sdram_controller_0 0x0000000000000020 0x0000000003ffffe0
onchip_memory2_0 0x0000000004004000 0x0000000000004000
*default*        0x0000000000000000 0xffffffffffffffff

Linker script and memory map

LOAD ../RTOS_bsp//obj/HAL/src/crt0.o
LOAD obj/default/hello_ucosii.o
LOAD c:/intelfpga_lite/18.1/nios2eds/bin/gnu/h-x86_64-mingw32/bin/../lib/gcc/nios2-elf/5.3.0/../../../../../H-x86_64-mingw32/nios2-elf/lib\libstdc++.a
LOAD c:/intelfpga_lite/18.1/nios2eds/bin/gnu/h-x86_64-mingw32/bin/../lib/gcc/nios2-elf/5.3.0/../../../../../H-x86_64-mingw32/nios2-elf/lib\libm.a
LOAD c:/intelfpga_lite/18.1/nios2eds/bin/gnu/h-x86_64-mingw32/bin/../lib/gcc/nios2-elf/5.3.0\libgcc.a
START GROUP
LOAD c:/intelfpga_lite/18.1/nios2eds/bin/gnu/h-x86_64-mingw32/bin/../lib/gcc/nios2-elf/5.3.0/../../../../../H-x86_64-mingw32/nios2-elf/lib\libc.a
LOAD c:/intelfpga_lite/18.1/nios2eds/bin/gnu/h-x86_64-mingw32/bin/../lib/gcc/nios2-elf/5.3.0\libgcc.a
LOAD ../RTOS_bsp/\libucosii_bsp.a
LOAD c:/intelfpga_lite/18.1/nios2eds/bin/gnu/h-x86_64-mingw32/bin/../lib/gcc/nios2-elf/5.3.0/../../../../../H-x86_64-mingw32/nios2-elf/lib\libm.a
END GROUP
LOAD c:/intelfpga_lite/18.1/nios2eds/bin/gnu/h-x86_64-mingw32/bin/../lib/gcc/nios2-elf/5.3.0\libgcc.a
                0x0000000000000000                __alt_mem_new_sdram_controller_0 = 0x0
                0x0000000004004000                __alt_mem_onchip_memory2_0 = 0x4004000

.entry          0x0000000000000000       0x20
 *(.entry)
 .entry         0x0000000000000000       0x20 ../RTOS_bsp//obj/HAL/src/crt0.o
                0x0000000000000000                __reset

.exceptions     0x0000000000000020      0x224
                0x0000000000000020                PROVIDE (__ram_exceptions_start, ABSOLUTE (.))
                0x0000000000000020                . = ALIGN (0x20)
 *(.irq)
 *(.exceptions.entry.label)
 .exceptions.entry.label
                0x0000000000000020        0x0 ../RTOS_bsp/\libucosii_bsp.a(alt_irq_entry.o)
                0x0000000000000020                alt_irq_entry
 .exceptions.entry.label
                0x0000000000000020        0x0 ../RTOS_bsp/\libucosii_bsp.a(alt_exception_entry.o)
                0x0000000000000020                alt_exception
 *(.exceptions.entry.user)
 *(.exceptions.entry.ecc_fatal)
 *(.exceptions.entry)
 .exceptions.entry
                0x0000000000000020       0x54 ../RTOS_bsp/\libucosii_bsp.a(alt_exception_entry.o)
 *(.exceptions.irqtest.user)
 *(.exceptions.irqtest)
 .exceptions.irqtest
                0x0000000000000074       0x10 ../RTOS_bsp/\libucosii_bsp.a(alt_irq_entry.o)
 *(.exceptions.irqhandler.user)
 *(.exceptions.irqhandler)
 .exceptions.irqhandler
                0x0000000000000084        0x4 ../RTOS_bsp/\libucosii_bsp.a(alt_irq_entry.o)
 *(.exceptions.irqreturn.user)
 *(.exceptions.irqreturn)
 .exceptions.irqreturn
                0x0000000000000088        0x4 ../RTOS_bsp/\libucosii_bsp.a(alt_irq_entry.o)
 *(.exceptions.notirq.label)
 .exceptions.notirq.label
                0x000000000000008c        0x0 ../RTOS_bsp/\libucosii_bsp.a(alt_irq_entry.o)
 *(.exceptions.notirq.user)
 *(.exceptions.notirq)
 .exceptions.notirq
                0x000000000000008c        0x8 ../RTOS_bsp/\libucosii_bsp.a(alt_exception_entry.o)
 *(.exceptions.soft.user)
 *(.exceptions.soft)
 *(.exceptions.unknown.user)
 *(.exceptions.unknown)
 .exceptions.unknown
                0x0000000000000094       0x14 ../RTOS_bsp/\libucosii_bsp.a(alt_exception_entry.o)
 *(.exceptions.exit.label)
 .exceptions.exit.label
                0x00000000000000a8        0x0 ../RTOS_bsp/\libucosii_bsp.a(alt_irq_entry.o)
 .exceptions.exit.label
                0x00000000000000a8        0x0 ../RTOS_bsp/\libucosii_bsp.a(alt_exception_entry.o)
 *(.exceptions.exit.user)
 *(.exceptions.exit)
 .exceptions.exit
                0x00000000000000a8       0x54 ../RTOS_bsp/\libucosii_bsp.a(alt_exception_entry.o)
 *(.exceptions)
 .exceptions    0x00000000000000fc       0xd4 ../RTOS_bsp/\libucosii_bsp.a(alt_irq_handler.o)
                0x00000000000000fc                alt_irq_handler
 .exceptions    0x00000000000001d0       0x74 ../RTOS_bsp/\libucosii_bsp.a(alt_instruction_exception_entry.o)
                0x00000000000001d0                alt_instruction_exception_entry
                0x0000000000000244                PROVIDE (__ram_exceptions_end, ABSOLUTE (.))
                0x0000000000000020                PROVIDE (__flash_exceptions_start, LOADADDR (.exceptions))

.text           0x0000000000000244     0xe968
                [!provide]                        PROVIDE (stext, ABSOLUTE (.))
 *(.interp)
 *(.hash)
 *(.dynsym)
 *(.dynstr)
 *(.gnu.version)
 *(.gnu.version_d)
 *(.gnu.version_r)
 *(.rel.init)
 *(.rela.init)
 *(.rel.text .rel.text.* .rel.gnu.linkonce.t.*)
 *(.rela.text .rela.text.* .rela.gnu.linkonce.t.*)
 *(.rel.fini)
 *(.rela.fini)
 *(.rel.rodata .rel.rodata.* .rel.gnu.linkonce.r.*)
 *(.rela.rodata .rela.rodata.* .rela.gnu.linkonce.r.*)
 *(.rel.data .rel.data.* .rel.gnu.linkonce.d.*)
 *(.rela.data .rela.data.* .rela.gnu.linkonce.d.*)
 *(.rel.tdata .rel.tdata.* .rel.gnu.linkonce.td.*)
 *(.rela.tdata .rela.tdata.* .rela.gnu.linkonce.td.*)
 *(.rel.tbss .rel.tbss.* .rel.gnu.linkonce.tb.*)
 *(.rela.tbss .rela.tbss.* .rela.gnu.linkonce.tb.*)
 *(.rel.ctors)
 *(.rela.ctors)
 *(.rel.dtors)
 *(.rela.dtors)
 *(.rel.got)
 *(.rela.got)
 *(.rel.sdata .rel.sdata.* .rel.gnu.linkonce.s.*)
 *(.rela.sdata .rela.sdata.* .rela.gnu.linkonce.s.*)
 *(.rel.sbss .rel.sbss.* .rel.gnu.linkonce.sb.*)
 *(.rela.sbss .rela.sbss.* .rela.gnu.linkonce.sb.*)
 *(.rel.sdata2 .rel.sdata2.* .rel.gnu.linkonce.s2.*)
 *(.rela.sdata2 .rela.sdata2.* .rela.gnu.linkonce.s2.*)
 *(.rel.sbss2 .rel.sbss2.* .rel.gnu.linkonce.sb2.*)
 *(.rela.sbss2 .rela.sbss2.* .rela.gnu.linkonce.sb2.*)
 *(.rel.bss .rel.bss.* .rel.gnu.linkonce.b.*)
 *(.rela.bss .rela.bss.* .rela.gnu.linkonce.b.*)
 *(.rel.plt)
 *(.rela.plt)
 *(.rel.dyn)
 *(.init)
 *(.plt)
 *(.text .stub .text.* .gnu.linkonce.t.*)
 .text          0x0000000000000244       0x4c ../RTOS_bsp//obj/HAL/src/crt0.o
                0x0000000000000244                _start
 .text          0x0000000000000290      0x324 obj/default/hello_ucosii.o
                0x0000000000000290                task1
                0x0000000000000324                task2
                0x000000000000046c                main
 .text          0x00000000000005b4      0x1b4 c:/intelfpga_lite/18.1/nios2eds/bin/gnu/h-x86_64-mingw32/bin/../lib/gcc/nios2-elf/5.3.0\libgcc.a(lib2-divmod.o)
                0x00000000000005b4                __divsi3
                0x0000000000000638                __modsi3
                0x00000000000006ac                __udivsi3
                0x0000000000000710                __umodsi3
 .text          0x0000000000000768        0x0 c:/intelfpga_lite/18.1/nios2eds/bin/gnu/h-x86_64-mingw32/bin/../lib/gcc/nios2-elf/5.3.0/../../../../../H-x86_64-mingw32/nios2-elf/lib\libc.a(lib_a-puts.o)
 .text._puts_r  0x0000000000000768       0xc0 c:/intelfpga_lite/18.1/nios2eds/bin/gnu/h-x86_64-mingw32/bin/../lib/gcc/nios2-elf/5.3.0/../../../../../H-x86_64-mingw32/nios2-elf/lib\libc.a(lib_a-puts.o)
                0x0000000000000768                _puts_r
 .text.puts     0x0000000000000828       0x14 c:/intelfpga_lite/18.1/nios2eds/bin/gnu/h-x86_64-mingw32/bin/../lib/gcc/nios2-elf/5.3.0/../../../../../H-x86_64-mingw32/nios2-elf/lib\libc.a(lib_a-puts.o)
                0x0000000000000828                puts
 .text          0x000000000000083c        0x0 c:/intelfpga_lite/18.1/nios2eds/bin/gnu/h-x86_64-mingw32/bin/../lib/gcc/nios2-elf/5.3.0/../../../../../H-x86_64-mingw32/nios2-elf/lib\libc.a(lib_a-strlen.o)
 .text.strlen   0x000000000000083c       0x98 c:/intelfpga_lite/18.1/nios2eds/bin/gnu/h-x86_64-mingw32/bin/../lib/gcc/nios2-elf/5.3.0/../../../../../H-x86_64-mingw32/nios2-elf/lib\libc.a(lib_a-strlen.o)
                0x000000000000083c                strlen
 .text          0x00000000000008d4        0x0 c:/intelfpga_lite/18.1/nios2eds/bin/gnu/h-x86_64-mingw32/bin/../lib/gcc/nios2-elf/5.3.0/../../../../../H-x86_64-mingw32/nios2-elf/lib\libc.a(lib_a-findfp.o)
 .text.__fp_unlock
                0x00000000000008d4        0x8 c:/intelfpga_lite/18.1/nios2eds/bin/gnu/h-x86_64-mingw32/bin/../lib/gcc/nios2-elf/5.3.0/../../../../../H-x86_64-mingw32/nios2-elf/lib\libc.a(lib_a-findfp.o)
 .text._cleanup_r
                0x00000000000008dc        0xc c:/intelfpga_lite/18.1/nios2eds/bin/gnu/h-x86_64-mingw32/bin/../lib/gcc/nios2-elf/5.3.0/../../../../../H-x86_64-mingw32/nios2-elf/lib\libc.a(lib_a-findfp.o)
                0x00000000000008dc                _cleanup_r
 .text.__sinit.part.1
                0x00000000000008e8      0x19c c:/intelfpga_lite/18.1/nios2eds/bin/gnu/h-x86_64-mingw32/bin/../lib/gcc/nios2-elf/5.3.0/../../../../../H-x86_64-mingw32/nios2-elf/lib\libc.a(lib_a-findfp.o)
 .text.__fp_lock
                0x0000000000000a84        0x8 c:/intelfpga_lite/18.1/nios2eds/bin/gnu/h-x86_64-mingw32/bin/../lib/gcc/nios2-elf/5.3.0/../../../../../H-x86_64-mingw32/nios2-elf/lib\libc.a(lib_a-findfp.o)
 .text.__sfmoreglue
                0x0000000000000a8c       0x68 c:/intelfpga_lite/18.1/nios2eds/bin/gnu/h-x86_64-mingw32/bin/../lib/gcc/nios2-elf/5.3.0/../../../../../H-x86_64-mingw32/nios2-elf/lib\libc.a(lib_a-findfp.o)
                0x0000000000000a8c                __sfmoreglue
 .text.__sfp    0x0000000000000af4      0x118 c:/intelfpga_lite/18.1/nios2eds/bin/gnu/h-x86_64-mingw32/bin/../lib/gcc/nios2-elf/5.3.0/../../../../../H-x86_64-mingw32/nios2-elf/lib\libc.a(lib_a-findfp.o)
                0x0000000000000af4                __sfp
 .text._cleanup
                0x0000000000000c0c       0x18 c:/intelfpga_lite/18.1/nios2eds/bin/gnu/h-x86_64-mingw32/bin/../lib/gcc/nios2-elf/5.3.0/../../../../../H-x86_64-mingw32/nios2-elf/lib\libc.a(lib_a-findfp.o)
                0x0000000000000c0c                _cleanup
 .text.__sinit  0x0000000000000c24       0x10 c:/intelfpga_lite/18.1/nios2eds/bin/gnu/h-x86_64-mingw32/bin/../lib/gcc/nios2-elf/5.3.0/../../../../../H-x86_64-mingw32/nios2-elf/lib\libc.a(lib_a-findfp.o)
                0x0000000000000c24                __sinit
 .text.__sfp_lock_acquire
                0x0000000000000c34        0x4 c:/intelfpga_lite/18.1/nios2eds/bin/gnu/h-x86_64-mingw32/bin/../lib/gcc/nios2-elf/5.3.0/../../../../../H-x86_64-mingw32/nios2-elf/lib\libc.a(lib_a-findfp.o)
                0x0000000000000c34                __sfp_lock_acquire
 .text.__sfp_lock_release
                0x0000000000000c38        0x4 c:/intelfpga_lite/18.1/nios2eds/bin/gnu/h-x86_64-mingw32/bin/../lib/gcc/nios2-elf/5.3.0/../../../../../H-x86_64-mingw32/nios2-elf/lib\libc.a(lib_a-findfp.o)
                0x0000000000000c38                __sfp_lock_release
 .text.__sinit_lock_acquire
                0x0000000000000c3c        0x4 c:/intelfpga_lite/18.1/nios2eds/bin/gnu/h-x86_64-mingw32/bin/../lib/gcc/nios2-elf/5.3.0/../../../../../H-x86_64-mingw32/nios2-elf/lib\libc.a(lib_a-findfp.o)
                0x0000000000000c3c                __sinit_lock_acquire
 .text.__sinit_lock_release
                0x0000000000000c40        0x4 c:/intelfpga_lite/18.1/nios2eds/bin/gnu/h-x86_64-mingw32/bin/../lib/gcc/nios2-elf/5.3.0/../../../../../H-x86_64-mingw32/nios2-elf/lib\libc.a(lib_a-findfp.o)
                0x0000000000000c40                __sinit_lock_release
 .text.__fp_lock_all
                0x0000000000000c44       0x18 c:/intelfpga_lite/18.1/nios2eds/bin/gnu/h-x86_64-mingw32/bin/../lib/gcc/nios2-elf/5.3.0/../../../../../H-x86_64-mingw32/nios2-elf/lib\libc.a(lib_a-findfp.o)
                0x0000000000000c44                __fp_lock_all
 .text.__fp_unlock_all
                0x0000000000000c5c       0x18 c:/intelfpga_lite/18.1/nios2eds/bin/gnu/h-x86_64-mingw32/bin/../lib/gcc/nios2-elf/5.3.0/../../../../../H-x86_64-mingw32/nios2-elf/lib\libc.a(lib_a-findfp.o)
                0x0000000000000c5c                __fp_unlock_all
 .text          0x0000000000000c74        0x0 c:/intelfpga_lite/18.1/nios2eds/bin/gnu/h-x86_64-mingw32/bin/../lib/gcc/nios2-elf/5.3.0/../../../../../H-x86_64-mingw32/nios2-elf/lib\libc.a(lib_a-fvwrite.o)
 .text.__sfvwrite_r
                0x0000000000000c74      0x4bc c:/intelfpga_lite/18.1/nios2eds/bin/gnu/h-x86_64-mingw32/bin/../lib/gcc/nios2-elf/5.3.0/../../../../../H-x86_64-mingw32/nios2-elf/lib\libc.a(lib_a-fvwrite.o)
                0x0000000000000c74                __sfvwrite_r
 .text          0x0000000000001130        0x0 c:/intelfpga_lite/18.1/nios2eds/bin/gnu/h-x86_64-mingw32/bin/../lib/gcc/nios2-elf/5.3.0/../../../../../H-x86_64-mingw32/nios2-elf/lib\libc.a(lib_a-fwalk.o)
 .text._fwalk   0x0000000000001130       0xc4 c:/intelfpga_lite/18.1/nios2eds/bin/gnu/h-x86_64-mingw32/bin/../lib/gcc/nios2-elf/5.3.0/../../../../../H-x86_64-mingw32/nios2-elf/lib\libc.a(lib_a-fwalk.o)
                0x0000000000001130                _fwalk
 .text._fwalk_reent
                0x00000000000011f4       0xc4 c:/intelfpga_lite/18.1/nios2eds/bin/gnu/h-x86_64-mingw32/bin/../lib/gcc/nios2-elf/5.3.0/../../../../../H-x86_64-mingw32/nios2-elf/lib\libc.a(lib_a-fwalk.o)
                0x00000000000011f4                _fwalk_reent
 .text          0x00000000000012b8        0x0 c:/intelfpga_lite/18.1/nios2eds/bin/gnu/h-x86_64-mingw32/bin/../lib/gcc/nios2-elf/5.3.0/../../../../../H-x86_64-mingw32/nios2-elf/lib\libc.a(lib_a-impure.o)
 .text          0x00000000000012b8        0x0 c:/intelfpga_lite/18.1/nios2eds/bin/gnu/h-x86_64-mingw32/bin/../lib/gcc/nios2-elf/5.3.0/../../../../../H-x86_64-mingw32/nios2-elf/lib\libc.a(lib_a-mallocr.o)
 .text._malloc_r
                0x00000000000012b8      0x80c c:/intelfpga_lite/18.1/nios2eds/bin/gnu/h-x86_64-mingw32/bin/../lib/gcc/nios2-elf/5.3.0/../../../../../H-x86_64-mingw32/nios2-elf/lib\libc.a(lib_a-mallocr.o)
                0x00000000000012b8                _malloc_r
 .text          0x0000000000001ac4        0x0 c:/intelfpga_lite/18.1/nios2eds/bin/gnu/h-x86_64-mingw32/bin/../lib/gcc/nios2-elf/5.3.0/../../../../../H-x86_64-mingw32/nios2-elf/lib\libc.a(lib_a-memchr.o)
 .text.memchr   0x0000000000001ac4       0xe4 c:/intelfpga_lite/18.1/nios2eds/bin/gnu/h-x86_64-mingw32/bin/../lib/gcc/nios2-elf/5.3.0/../../../../../H-x86_64-mingw32/nios2-elf/lib\libc.a(lib_a-memchr.o)
                0x0000000000001ac4                memchr
 .text          0x0000000000001ba8        0x0 c:/intelfpga_lite/18.1/nios2eds/bin/gnu/h-x86_64-mingw32/bin/../lib/gcc/nios2-elf/5.3.0/../../../../../H-x86_64-mingw32/nios2-elf/lib\libc.a(lib_a-memcpy.o)
 .text.memcpy   0x0000000000001ba8      0x148 c:/intelfpga_lite/18.1/nios2eds/bin/gnu/h-x86_64-mingw32/bin/../lib/gcc/nios2-elf/5.3.0/../../../../../H-x86_64-mingw32/nios2-elf/lib\libc.a(lib_a-memcpy.o)
                0x0000000000001ba8                memcpy
 .text          0x0000000000001cf0        0x0 c:/intelfpga_lite/18.1/nios2eds/bin/gnu/h-x86_64-mingw32/bin/../lib/gcc/nios2-elf/5.3.0/../../../../../H-x86_64-mingw32/nios2-elf/lib\libc.a(lib_a-memmove.o)
 .text.memmove  0x0000000000001cf0      0x15c c:/intelfpga_lite/18.1/nios2eds/bin/gnu/h-x86_64-mingw32/bin/../lib/gcc/nios2-elf/5.3.0/../../../../../H-x86_64-mingw32/nios2-elf/lib\libc.a(lib_a-memmove.o)
                0x0000000000001cf0                memmove
 .text          0x0000000000001e4c        0x0 c:/intelfpga_lite/18.1/nios2eds/bin/gnu/h-x86_64-mingw32/bin/../lib/gcc/nios2-elf/5.3.0/../../../../../H-x86_64-mingw32/nios2-elf/lib\libc.a(lib_a-memset.o)
 .text.memset   0x0000000000001e4c      0x128 c:/intelfpga_lite/18.1/nios2eds/bin/gnu/h-x86_64-mingw32/bin/../lib/gcc/nios2-elf/5.3.0/../../../../../H-x86_64-mingw32/nios2-elf/lib\libc.a(lib_a-memset.o)
                0x0000000000001e4c                memset
 .text          0x0000000000001f74        0x0 c:/intelfpga_lite/18.1/nios2eds/bin/gnu/h-x86_64-mingw32/bin/../lib/gcc/nios2-elf/5.3.0/../../../../../H-x86_64-mingw32/nios2-elf/lib\libc.a(lib_a-reallocr.o)
 .text._realloc_r
                0x0000000000001f74      0x564 c:/intelfpga_lite/18.1/nios2eds/bin/gnu/h-x86_64-mingw32/bin/../lib/gcc/nios2-elf/5.3.0/../../../../../H-x86_64-mingw32/nios2-elf/lib\libc.a(lib_a-reallocr.o)
                0x0000000000001f74                _realloc_r
 .text          0x00000000000024d8        0x0 c:/intelfpga_lite/18.1/nios2eds/bin/gnu/h-x86_64-mingw32/bin/../lib/gcc/nios2-elf/5.3.0/../../../../../H-x86_64-mingw32/nios2-elf/lib\libc.a(lib_a-sbrkr.o)
 .text._sbrk_r  0x00000000000024d8       0x54 c:/intelfpga_lite/18.1/nios2eds/bin/gnu/h-x86_64-mingw32/bin/../lib/gcc/nios2-elf/5.3.0/../../../../../H-x86_64-mingw32/nios2-elf/lib\libc.a(lib_a-sbrkr.o)
                0x00000000000024d8                _sbrk_r
 .text          0x000000000000252c        0x0 c:/intelfpga_lite/18.1/nios2eds/bin/gnu/h-x86_64-mingw32/bin/../lib/gcc/nios2-elf/5.3.0/../../../../../H-x86_64-mingw32/nios2-elf/lib\libc.a(lib_a-stdio.o)
 .text.__sread  0x000000000000252c       0x54 c:/intelfpga_lite/18.1/nios2eds/bin/gnu/h-x86_64-mingw32/bin/../lib/gcc/nios2-elf/5.3.0/../../../../../H-x86_64-mingw32/nios2-elf/lib\libc.a(lib_a-stdio.o)
                0x000000000000252c                __sread
 .text.__seofread
                0x0000000000002580        0x8 c:/intelfpga_lite/18.1/nios2eds/bin/gnu/h-x86_64-mingw32/bin/../lib/gcc/nios2-elf/5.3.0/../../../../../H-x86_64-mingw32/nios2-elf/lib\libc.a(lib_a-stdio.o)
                0x0000000000002580                __seofread
 .text.__swrite
                0x0000000000002588       0x7c c:/intelfpga_lite/18.1/nios2eds/bin/gnu/h-x86_64-mingw32/bin/../lib/gcc/nios2-elf/5.3.0/../../../../../H-x86_64-mingw32/nios2-elf/lib\libc.a(lib_a-stdio.o)
                0x0000000000002588                __swrite
 .text.__sseek  0x0000000000002604       0x5c c:/intelfpga_lite/18.1/nios2eds/bin/gnu/h-x86_64-mingw32/bin/../lib/gcc/nios2-elf/5.3.0/../../../../../H-x86_64-mingw32/nios2-elf/lib\libc.a(lib_a-stdio.o)
                0x0000000000002604                __sseek
 .text.__sclose
                0x0000000000002660        0x8 c:/intelfpga_lite/18.1/nios2eds/bin/gnu/h-x86_64-mingw32/bin/../lib/gcc/nios2-elf/5.3.0/../../../../../H-x86_64-mingw32/nios2-elf/lib\libc.a(lib_a-stdio.o)
                0x0000000000002660                __sclose
 .text          0x0000000000002668        0x0 c:/intelfpga_lite/18.1/nios2eds/bin/gnu/h-x86_64-mingw32/bin/../lib/gcc/nios2-elf/5.3.0/../../../../../H-x86_64-mingw32/nios2-elf/lib\libc.a(lib_a-writer.o)
 .text._write_r
                0x0000000000002668       0x60 c:/intelfpga_lite/18.1/nios2eds/bin/gnu/h-x86_64-mingw32/bin/../lib/gcc/nios2-elf/5.3.0/../../../../../H-x86_64-mingw32/nios2-elf/lib\libc.a(lib_a-writer.o)
                0x0000000000002668                _write_r
 .text          0x00000000000026c8        0x0 c:/intelfpga_lite/18.1/nios2eds/bin/gnu/h-x86_64-mingw32/bin/../lib/gcc/nios2-elf/5.3.0/../../../../../H-x86_64-mingw32/nios2-elf/lib\libc.a(lib_a-wsetup.o)
 .text.__swsetup_r
                0x00000000000026c8      0x154 c:/intelfpga_lite/18.1/nios2eds/bin/gnu/h-x86_64-mingw32/bin/../lib/gcc/nios2-elf/5.3.0/../../../../../H-x86_64-mingw32/nios2-elf/lib\libc.a(lib_a-wsetup.o)
                0x00000000000026c8                __swsetup_r
 .text          0x000000000000281c        0x0 c:/intelfpga_lite/18.1/nios2eds/bin/gnu/h-x86_64-mingw32/bin/../lib/gcc/nios2-elf/5.3.0/../../../../../H-x86_64-mingw32/nios2-elf/lib\libc.a(closer.o)
 .text._close_r
                0x000000000000281c       0x54 c:/intelfpga_lite/18.1/nios2eds/bin/gnu/h-x86_64-mingw32/bin/../lib/gcc/nios2-elf/5.3.0/../../../../../H-x86_64-mingw32/nios2-elf/lib\libc.a(closer.o)
                0x000000000000281c                _close_r
 .text          0x0000000000002870        0x0 c:/intelfpga_lite/18.1/nios2eds/bin/gnu/h-x86_64-mingw32/bin/../lib/gcc/nios2-elf/5.3.0/../../../../../H-x86_64-mingw32/nios2-elf/lib\libc.a(lib_a-fclose.o)
 .text._fclose_r
                0x0000000000002870       0xf0 c:/intelfpga_lite/18.1/nios2eds/bin/gnu/h-x86_64-mingw32/bin/../lib/gcc/nios2-elf/5.3.0/../../../../../H-x86_64-mingw32/nios2-elf/lib\libc.a(lib_a-fclose.o)
                0x0000000000002870                _fclose_r
 .text.fclose   0x0000000000002960       0x14 c:/intelfpga_lite/18.1/nios2eds/bin/gnu/h-x86_64-mingw32/bin/../lib/gcc/nios2-elf/5.3.0/../../../../../H-x86_64-mingw32/nios2-elf/lib\libc.a(lib_a-fclose.o)
                0x0000000000002960                fclose
 .text          0x0000000000002974        0x0 c:/intelfpga_lite/18.1/nios2eds/bin/gnu/h-x86_64-mingw32/bin/../lib/gcc/nios2-elf/5.3.0/../../../../../H-x86_64-mingw32/nios2-elf/lib\libc.a(lib_a-fflush.o)
 .text.__sflush_r
                0x0000000000002974      0x21c c:/intelfpga_lite/18.1/nios2eds/bin/gnu/h-x86_64-mingw32/bin/../lib/gcc/nios2-elf/5.3.0/../../../../../H-x86_64-mingw32/nios2-elf/lib\libc.a(lib_a-fflush.o)
                0x0000000000002974                __sflush_r
 .text._fflush_r
                0x0000000000002b90       0x5c c:/intelfpga_lite/18.1/nios2eds/bin/gnu/h-x86_64-mingw32/bin/../lib/gcc/nios2-elf/5.3.0/../../../../../H-x86_64-mingw32/nios2-elf/lib\libc.a(lib_a-fflush.o)
                0x0000000000002b90                _fflush_r
 .text.fflush   0x0000000000002bec       0x30 c:/intelfpga_lite/18.1/nios2eds/bin/gnu/h-x86_64-mingw32/bin/../lib/gcc/nios2-elf/5.3.0/../../../../../H-x86_64-mingw32/nios2-elf/lib\libc.a(lib_a-fflush.o)
                0x0000000000002bec                fflush
 .text          0x0000000000002c1c        0x0 c:/intelfpga_lite/18.1/nios2eds/bin/gnu/h-x86_64-mingw32/bin/../lib/gcc/nios2-elf/5.3.0/../../../../../H-x86_64-mingw32/nios2-elf/lib\libc.a(lib_a-freer.o)
 .text._malloc_trim_r
                0x0000000000002c1c      0x124 c:/intelfpga_lite/18.1/nios2eds/bin/gnu/h-x86_64-mingw32/bin/../lib/gcc/nios2-elf/5.3.0/../../../../../H-x86_64-mingw32/nios2-elf/lib\libc.a(lib_a-freer.o)
                0x0000000000002c1c                _malloc_trim_r
 .text._free_r  0x0000000000002d40      0x310 c:/intelfpga_lite/18.1/nios2eds/bin/gnu/h-x86_64-mingw32/bin/../lib/gcc/nios2-elf/5.3.0/../../../../../H-x86_64-mingw32/nios2-elf/lib\libc.a(lib_a-freer.o)
                0x0000000000002d40                _free_r
 .text          0x0000000000003050        0x0 c:/intelfpga_lite/18.1/nios2eds/bin/gnu/h-x86_64-mingw32/bin/../lib/gcc/nios2-elf/5.3.0/../../../../../H-x86_64-mingw32/nios2-elf/lib\libc.a(lib_a-int_errno.o)
 .text          0x0000000000003050        0x0 c:/intelfpga_lite/18.1/nios2eds/bin/gnu/h-x86_64-mingw32/bin/../lib/gcc/nios2-elf/5.3.0/../../../../../H-x86_64-mingw32/nios2-elf/lib\libc.a(lib_a-lseekr.o)
 .text._lseek_r
                0x0000000000003050       0x60 c:/intelfpga_lite/18.1/nios2eds/bin/gnu/h-x86_64-mingw32/bin/../lib/gcc/nios2-elf/5.3.0/../../../../../H-x86_64-mingw32/nios2-elf/lib\libc.a(lib_a-lseekr.o)
                0x0000000000003050                _lseek_r
 .text          0x00000000000030b0        0x0 c:/intelfpga_lite/18.1/nios2eds/bin/gnu/h-x86_64-mingw32/bin/../lib/gcc/nios2-elf/5.3.0/../../../../../H-x86_64-mingw32/nios2-elf/lib\libc.a(lib_a-makebuf.o)
 .text.__smakebuf_r
                0x00000000000030b0      0x1bc c:/intelfpga_lite/18.1/nios2eds/bin/gnu/h-x86_64-mingw32/bin/../lib/gcc/nios2-elf/5.3.0/../../../../../H-x86_64-mingw32/nios2-elf/lib\libc.a(lib_a-makebuf.o)
                0x00000000000030b0                __smakebuf_r
 .text          0x000000000000326c        0x0 c:/intelfpga_lite/18.1/nios2eds/bin/gnu/h-x86_64-mingw32/bin/../lib/gcc/nios2-elf/5.3.0/../../../../../H-x86_64-mingw32/nios2-elf/lib\libc.a(lib_a-readr.o)
 .text._read_r  0x000000000000326c       0x60 c:/intelfpga_lite/18.1/nios2eds/bin/gnu/h-x86_64-mingw32/bin/../lib/gcc/nios2-elf/5.3.0/../../../../../H-x86_64-mingw32/nios2-elf/lib\libc.a(lib_a-readr.o)
                0x000000000000326c                _read_r
 .text          0x00000000000032cc        0x0 c:/intelfpga_lite/18.1/nios2eds/bin/gnu/h-x86_64-mingw32/bin/../lib/gcc/nios2-elf/5.3.0/../../../../../H-x86_64-mingw32/nios2-elf/lib\libc.a(lib_a-fstatr.o)
 .text._fstat_r
                0x00000000000032cc       0x5c c:/intelfpga_lite/18.1/nios2eds/bin/gnu/h-x86_64-mingw32/bin/../lib/gcc/nios2-elf/5.3.0/../../../../../H-x86_64-mingw32/nios2-elf/lib\libc.a(lib_a-fstatr.o)
                0x00000000000032cc                _fstat_r
 .text          0x0000000000003328        0x0 c:/intelfpga_lite/18.1/nios2eds/bin/gnu/h-x86_64-mingw32/bin/../lib/gcc/nios2-elf/5.3.0/../../../../../H-x86_64-mingw32/nios2-elf/lib\libc.a(lib_a-isattyr.o)
 .text._isatty_r
                0x0000000000003328       0x54 c:/intelfpga_lite/18.1/nios2eds/bin/gnu/h-x86_64-mingw32/bin/../lib/gcc/nios2-elf/5.3.0/../../../../../H-x86_64-mingw32/nios2-elf/lib\libc.a(lib_a-isattyr.o)
                0x0000000000003328                _isatty_r
 .text          0x000000000000337c      0x10c ../RTOS_bsp/\libucosii_bsp.a(alt_close.o)
                0x00000000000033b8                close
 .text          0x0000000000003488       0x2c ../RTOS_bsp/\libucosii_bsp.a(alt_dev.o)
 .text          0x00000000000034b4        0x0 ../RTOS_bsp/\libucosii_bsp.a(alt_errno.o)
 .text          0x00000000000034b4       0xec ../RTOS_bsp/\libucosii_bsp.a(alt_fstat.o)
                0x00000000000034f0                fstat
 .text          0x00000000000035a0       0xe0 ../RTOS_bsp/\libucosii_bsp.a(alt_isatty.o)
                0x00000000000035dc                isatty
 .text          0x0000000000003680       0xec ../RTOS_bsp/\libucosii_bsp.a(alt_load.o)
                0x00000000000036e8                alt_load
 .text          0x000000000000376c      0x110 ../RTOS_bsp/\libucosii_bsp.a(alt_lseek.o)
                0x00000000000037a8                lseek
 .text          0x000000000000387c       0xbc ../RTOS_bsp/\libucosii_bsp.a(alt_main.o)
                0x000000000000387c                alt_main
 .text          0x0000000000003938       0x3c ../RTOS_bsp/\libucosii_bsp.a(alt_putchar.o)
                0x0000000000003938                alt_putchar
 .text          0x0000000000003974       0x3c ../RTOS_bsp/\libucosii_bsp.a(alt_putstr.o)
                0x0000000000003974                alt_putstr
 .text          0x00000000000039b0      0x138 ../RTOS_bsp/\libucosii_bsp.a(alt_read.o)
                0x00000000000039ec                read
 .text          0x0000000000003ae8       0x64 ../RTOS_bsp/\libucosii_bsp.a(alt_release_fd.o)
                0x0000000000003ae8                alt_release_fd
 .text          0x0000000000003b4c       0xb0 ../RTOS_bsp/\libucosii_bsp.a(alt_sbrk.o)
                0x0000000000003b4c                sbrk
 .text          0x0000000000003bfc      0x134 ../RTOS_bsp/\libucosii_bsp.a(alt_write.o)
                0x0000000000003c38                write
 .text          0x0000000000003d30      0x124 ../RTOS_bsp/\libucosii_bsp.a(alt_env_lock.o)
                0x0000000000003d30                __env_lock
                0x0000000000003df4                __env_unlock
 .text          0x0000000000003e54      0x1ec ../RTOS_bsp/\libucosii_bsp.a(alt_malloc_lock.o)
                0x0000000000003e54                __malloc_lock
                0x0000000000003f74                __malloc_unlock
 .text          0x0000000000004040     0x2014 ../RTOS_bsp/\libucosii_bsp.a(os_core.o)
                0x0000000000004040                OSEventNameGet
                0x0000000000004160                OSEventNameSet
                0x00000000000042a0                OSEventPendMulti
                0x00000000000048b0                OSInit
                0x0000000000004908                OSIntEnter
                0x0000000000004954                OSIntExit
                0x0000000000004a4c                OSSchedLock
                0x0000000000004ad8                OSSchedUnlock
                0x0000000000004bb4                OSStart
                0x0000000000004c24                OSStatInit
                0x0000000000004cd4                OSTimeTick
                0x0000000000004ef4                OSVersion
                0x0000000000004f14                OS_Dummy
                0x0000000000004f34                OS_EventTaskRdy
                0x00000000000050cc                OS_EventTaskWait
                0x00000000000051dc                OS_EventTaskWaitMulti
                0x000000000000532c                OS_EventTaskRemove
                0x00000000000053e4                OS_EventTaskRemoveMulti
                0x00000000000054e4                OS_EventWaitListInit
                0x00000000000058c4                OS_MemClr
                0x0000000000005918                OS_MemCopy
                0x0000000000005980                OS_Sched
                0x0000000000005ac4                OS_StrCopy
                0x0000000000005b38                OS_StrLen
                0x0000000000005b8c                OS_TaskIdle
                0x0000000000005be8                OS_TaskStat
                0x0000000000005cb4                OS_TaskStatStkChk
                0x0000000000005d80                OS_TCBInit
 .text          0x0000000000006054      0x190 ../RTOS_bsp/\libucosii_bsp.a(os_dbg.o)
                0x0000000000006054                OSDebugInit
 .text          0x00000000000061e4     0x1714 ../RTOS_bsp/\libucosii_bsp.a(os_flag.o)
                0x00000000000061e4                OSFlagAccept
                0x00000000000064ec                OSFlagCreate
                0x00000000000065f4                OSFlagDel
                0x000000000000683c                OSFlagNameGet
                0x0000000000006964                OSFlagNameSet
                0x0000000000006ab0                OSFlagPend
                0x0000000000007068                OSFlagPendGetFlagsRdy
                0x00000000000070c8                OSFlagPost
                0x000000000000745c                OSFlagQuery
                0x0000000000007680                OS_FlagInit
                0x0000000000007854                OS_FlagUnlink
 .text          0x00000000000078f8      0x754 ../RTOS_bsp/\libucosii_bsp.a(os_mem.o)
                0x00000000000078f8                OSMemCreate
                0x0000000000007acc                OSMemGet
                0x0000000000007bbc                OSMemNameGet
                0x0000000000007cac                OSMemNameSet
                0x0000000000007dc0                OSMemPut
                0x0000000000007e98                OSMemQuery
                0x0000000000007f80                OS_MemInit
 .text          0x000000000000804c     0x1104 ../RTOS_bsp/\libucosii_bsp.a(os_q.o)
                0x000000000000804c                OSQAccept
                0x000000000000818c                OSQCreate
                0x0000000000008338                OSQDel
                0x00000000000085b8                OSQFlush
                0x0000000000008670                OSQPend
                0x00000000000088fc                OSQPendAbort
                0x0000000000008a68                OSQPost
                0x0000000000008bd0                OSQPostFront
                0x0000000000008d40                OSQPostOpt
                0x0000000000008f4c                OSQQuery
                0x00000000000090a8                OS_QInit
 .text          0x0000000000009150      0xa60 ../RTOS_bsp/\libucosii_bsp.a(os_sem.o)
                0x0000000000009150                OSSemAccept
                0x0000000000009200                OSSemCreate
                0x00000000000092d8                OSSemDel
                0x0000000000009518                OSSemPend
                0x0000000000009724                OSSemPendAbort
                0x0000000000009890                OSSemPost
                0x00000000000099a0                OSSemQuery
                0x0000000000009ab0                OSSemSet
 .text          0x0000000000009bb0     0x176c ../RTOS_bsp/\libucosii_bsp.a(os_task.o)
                0x0000000000009bb0                OSTaskChangePrio
                0x000000000000a0a0                OSTaskCreate
                0x000000000000a24c                OSTaskCreateExt
                0x000000000000a430                OSTaskDel
                0x000000000000a774                OSTaskDelReq
                0x000000000000a8c4                OSTaskNameGet
                0x000000000000aa5c                OSTaskNameSet
                0x000000000000ac10                OSTaskResume
                0x000000000000ade4                OSTaskStkChk
                0x000000000000afa4                OSTaskSuspend
                0x000000000000b188                OSTaskQuery
                0x000000000000b2ac                OS_TaskStkClr
 .text          0x000000000000b31c      0x4ec ../RTOS_bsp/\libucosii_bsp.a(os_time.o)
                0x000000000000b31c                OSTimeDly
                0x000000000000b420                OSTimeDlyHMSM
                0x000000000000b578                OSTimeDlyResume
                0x000000000000b74c                OSTimeGet
                0x000000000000b7a8                OSTimeSet
 .text          0x000000000000b808       0xec ../RTOS_bsp/\libucosii_bsp.a(alt_sys_init.o)
                0x000000000000b83c                alt_irq_init
                0x000000000000b874                alt_sys_init
 .text          0x000000000000b8f4      0x164 ../RTOS_bsp/\libucosii_bsp.a(altera_avalon_jtag_uart_fd.o)
                0x000000000000b8f4                altera_avalon_jtag_uart_read_fd
                0x000000000000b954                altera_avalon_jtag_uart_write_fd
                0x000000000000b9b4                altera_avalon_jtag_uart_close_fd
                0x000000000000ba04                altera_avalon_jtag_uart_ioctl_fd
 .text          0x000000000000ba58      0x558 ../RTOS_bsp/\libucosii_bsp.a(altera_avalon_jtag_uart_init.o)
                0x000000000000ba58                altera_avalon_jtag_uart_init
                0x000000000000bf48                altera_avalon_jtag_uart_close
 .text          0x000000000000bfb0       0xf0 ../RTOS_bsp/\libucosii_bsp.a(altera_avalon_jtag_uart_ioctl.o)
                0x000000000000bfb0                altera_avalon_jtag_uart_ioctl
 .text          0x000000000000c0a0      0x2bc ../RTOS_bsp/\libucosii_bsp.a(altera_avalon_jtag_uart_read.o)
                0x000000000000c0a0                altera_avalon_jtag_uart_read
 .text          0x000000000000c35c      0x2c4 ../RTOS_bsp/\libucosii_bsp.a(altera_avalon_jtag_uart_write.o)
                0x000000000000c35c                altera_avalon_jtag_uart_write
 .text          0x000000000000c620       0xf4 ../RTOS_bsp/\libucosii_bsp.a(altera_avalon_timer_sc.o)
                0x000000000000c698                alt_avalon_timer_sc_init
 .text          0x000000000000c714      0x110 ../RTOS_bsp/\libucosii_bsp.a(altera_avalon_uart_fd.o)
                0x000000000000c714                altera_avalon_uart_read_fd
                0x000000000000c774                altera_avalon_uart_write_fd
                0x000000000000c7d4                altera_avalon_uart_close_fd
 .text          0x000000000000c824      0x52c ../RTOS_bsp/\libucosii_bsp.a(altera_avalon_uart_init.o)
                0x000000000000c824                altera_avalon_uart_init
                0x000000000000ccfc                altera_avalon_uart_close
 .text          0x000000000000cd50      0x2a4 ../RTOS_bsp/\libucosii_bsp.a(altera_avalon_uart_read.o)
                0x000000000000cd8c                altera_avalon_uart_read
 .text          0x000000000000cff4      0x274 ../RTOS_bsp/\libucosii_bsp.a(altera_avalon_uart_write.o)
                0x000000000000d030                altera_avalon_uart_write
 .text          0x000000000000d268      0x12c ../RTOS_bsp/\libucosii_bsp.a(alt_alarm_start.o)
                0x000000000000d268                alt_alarm_start
 .text          0x000000000000d394       0x48 ../RTOS_bsp/\libucosii_bsp.a(alt_dcache_flush_all.o)
                0x000000000000d394                alt_dcache_flush_all
 .text          0x000000000000d3dc       0xe0 ../RTOS_bsp/\libucosii_bsp.a(alt_dev_llist_insert.o)
                0x000000000000d418                alt_dev_llist_insert
 .text          0x000000000000d4bc       0x60 ../RTOS_bsp/\libucosii_bsp.a(alt_do_ctors.o)
                0x000000000000d4bc                _do_ctors
 .text          0x000000000000d51c       0x60 ../RTOS_bsp/\libucosii_bsp.a(alt_do_dtors.o)
                0x000000000000d51c                _do_dtors
 .text          0x000000000000d57c       0x34 ../RTOS_bsp/\libucosii_bsp.a(alt_icache_flush_all.o)
                0x000000000000d57c                alt_icache_flush_all
 .text          0x000000000000d5b0      0x1b0 ../RTOS_bsp/\libucosii_bsp.a(alt_iic.o)
                0x000000000000d5b0                alt_ic_isr_register
                0x000000000000d600                alt_ic_irq_enable
                0x000000000000d688                alt_ic_irq_disable
                0x000000000000d714                alt_ic_irq_enabled
 .text          0x000000000000d760       0xf0 ../RTOS_bsp/\libucosii_bsp.a(alt_iic_isr_register.o)
                0x000000000000d760                alt_iic_isr_register
 .text          0x000000000000d850      0x140 ../RTOS_bsp/\libucosii_bsp.a(alt_io_redirect.o)
                0x000000000000d914                alt_io_redirect
 .text          0x000000000000d990        0x0 ../RTOS_bsp/\libucosii_bsp.a(alt_irq_entry.o)
 .text          0x000000000000d990        0x0 ../RTOS_bsp/\libucosii_bsp.a(alt_irq_handler.o)
 .text          0x000000000000d990        0x0 ../RTOS_bsp/\libucosii_bsp.a(alt_irq_vars.o)
 .text          0x000000000000d990      0x254 ../RTOS_bsp/\libucosii_bsp.a(alt_open.o)
                0x000000000000da90                open
 .text          0x000000000000dbe4      0x1a4 ../RTOS_bsp/\libucosii_bsp.a(alt_tick.o)
                0x000000000000dbe4                alt_alarm_stop
                0x000000000000dc80                alt_tick
 .text          0x000000000000dd88       0x24 ../RTOS_bsp/\libucosii_bsp.a(altera_nios2_gen2_irq.o)
                0x000000000000dd88                altera_nios2_gen2_irq_init
 .text          0x000000000000ddac       0xd0 ../RTOS_bsp/\libucosii_bsp.a(os_cpu_a.o)
                0x000000000000ddac                OSCtxSw
                0x000000000000ddac                OSIntCtxSw
                0x000000000000de38                OSStartHighRdy
                0x000000000000de58                OSStartTsk
 .text          0x000000000000de7c      0x288 ../RTOS_bsp/\libucosii_bsp.a(os_cpu_c.o)
                0x000000000000de7c                OSTaskStkInit
                0x000000000000dfd8                OSTaskCreateHook
                0x000000000000dffc                OSTaskDelHook
                0x000000000000e020                OSTaskSwHook
                0x000000000000e040                OSTaskStatHook
                0x000000000000e060                OSTimeTickHook
                0x000000000000e080                OSInitHookBegin
                0x000000000000e0a0                OSInitHookEnd
                0x000000000000e0c0                OSTaskIdleHook
                0x000000000000e0e0                OSTCBInitHook
 .text          0x000000000000e104        0x0 ../RTOS_bsp/\libucosii_bsp.a(alt_exception_entry.o)
 .text          0x000000000000e104       0x90 ../RTOS_bsp/\libucosii_bsp.a(alt_find_dev.o)
                0x000000000000e104                alt_find_dev
 .text          0x000000000000e194      0x108 ../RTOS_bsp/\libucosii_bsp.a(alt_find_file.o)
                0x000000000000e194                alt_find_file
 .text          0x000000000000e29c       0xdc ../RTOS_bsp/\libucosii_bsp.a(alt_get_fd.o)
                0x000000000000e29c                alt_get_fd
 .text          0x000000000000e378       0x90 ../RTOS_bsp/\libucosii_bsp.a(alt_icache_flush.o)
                0x000000000000e378                alt_icache_flush
 .text          0x000000000000e408       0x9c ../RTOS_bsp/\libucosii_bsp.a(alt_instruction_exception_entry.o)
                0x000000000000e408                alt_exception_cause_generated_bad_addr
 .text          0x000000000000e4a4        0x0 c:/intelfpga_lite/18.1/nios2eds/bin/gnu/h-x86_64-mingw32/bin/../lib/gcc/nios2-elf/5.3.0/../../../../../H-x86_64-mingw32/nios2-elf/lib\libc.a(lib_a-atexit.o)
 .text.atexit   0x000000000000e4a4       0x14 c:/intelfpga_lite/18.1/nios2eds/bin/gnu/h-x86_64-mingw32/bin/../lib/gcc/nios2-elf/5.3.0/../../../../../H-x86_64-mingw32/nios2-elf/lib\libc.a(lib_a-atexit.o)
                0x000000000000e4a4                atexit
 .text          0x000000000000e4b8        0x0 c:/intelfpga_lite/18.1/nios2eds/bin/gnu/h-x86_64-mingw32/bin/../lib/gcc/nios2-elf/5.3.0/../../../../../H-x86_64-mingw32/nios2-elf/lib\libc.a(lib_a-exit.o)
 .text.exit     0x000000000000e4b8       0x38 c:/intelfpga_lite/18.1/nios2eds/bin/gnu/h-x86_64-mingw32/bin/../lib/gcc/nios2-elf/5.3.0/../../../../../H-x86_64-mingw32/nios2-elf/lib\libc.a(lib_a-exit.o)
                0x000000000000e4b8                exit
 .text          0x000000000000e4f0        0x0 c:/intelfpga_lite/18.1/nios2eds/bin/gnu/h-x86_64-mingw32/bin/../lib/gcc/nios2-elf/5.3.0/../../../../../H-x86_64-mingw32/nios2-elf/lib\libc.a(lib_a-fputs.o)
 .text._fputs_r
                0x000000000000e4f0       0x9c c:/intelfpga_lite/18.1/nios2eds/bin/gnu/h-x86_64-mingw32/bin/../lib/gcc/nios2-elf/5.3.0/../../../../../H-x86_64-mingw32/nios2-elf/lib\libc.a(lib_a-fputs.o)
                0x000000000000e4f0                _fputs_r
 .text.fputs    0x000000000000e58c       0x18 c:/intelfpga_lite/18.1/nios2eds/bin/gnu/h-x86_64-mingw32/bin/../lib/gcc/nios2-elf/5.3.0/../../../../../H-x86_64-mingw32/nios2-elf/lib\libc.a(lib_a-fputs.o)
                0x000000000000e58c                fputs
 .text          0x000000000000e5a4        0x0 c:/intelfpga_lite/18.1/nios2eds/bin/gnu/h-x86_64-mingw32/bin/../lib/gcc/nios2-elf/5.3.0/../../../../../H-x86_64-mingw32/nios2-elf/lib\libc.a(lib_a-memcmp.o)
 .text.memcmp   0x000000000000e5a4       0x7c c:/intelfpga_lite/18.1/nios2eds/bin/gnu/h-x86_64-mingw32/bin/../lib/gcc/nios2-elf/5.3.0/../../../../../H-x86_64-mingw32/nios2-elf/lib\libc.a(lib_a-memcmp.o)
                0x000000000000e5a4                memcmp
 .text          0x000000000000e620        0x0 c:/intelfpga_lite/18.1/nios2eds/bin/gnu/h-x86_64-mingw32/bin/../lib/gcc/nios2-elf/5.3.0/../../../../../H-x86_64-mingw32/nios2-elf/lib\libc.a(lib_a-putc.o)
 .text._putc_r  0x000000000000e620       0xa0 c:/intelfpga_lite/18.1/nios2eds/bin/gnu/h-x86_64-mingw32/bin/../lib/gcc/nios2-elf/5.3.0/../../../../../H-x86_64-mingw32/nios2-elf/lib\libc.a(lib_a-putc.o)
                0x000000000000e620                _putc_r
 .text.putc     0x000000000000e6c0       0xc8 c:/intelfpga_lite/18.1/nios2eds/bin/gnu/h-x86_64-mingw32/bin/../lib/gcc/nios2-elf/5.3.0/../../../../../H-x86_64-mingw32/nios2-elf/lib\libc.a(lib_a-putc.o)
                0x000000000000e6c0                putc
 .text          0x000000000000e788        0x0 c:/intelfpga_lite/18.1/nios2eds/bin/gnu/h-x86_64-mingw32/bin/../lib/gcc/nios2-elf/5.3.0/../../../../../H-x86_64-mingw32/nios2-elf/lib\libc.a(lib_a-wbuf.o)
 .text.__swbuf_r
                0x000000000000e788      0x140 c:/intelfpga_lite/18.1/nios2eds/bin/gnu/h-x86_64-mingw32/bin/../lib/gcc/nios2-elf/5.3.0/../../../../../H-x86_64-mingw32/nios2-elf/lib\libc.a(lib_a-wbuf.o)
                0x000000000000e788                __swbuf_r
 .text.__swbuf  0x000000000000e8c8       0x18 c:/intelfpga_lite/18.1/nios2eds/bin/gnu/h-x86_64-mingw32/bin/../lib/gcc/nios2-elf/5.3.0/../../../../../H-x86_64-mingw32/nios2-elf/lib\libc.a(lib_a-wbuf.o)
                0x000000000000e8c8                __swbuf
 .text          0x000000000000e8e0        0x0 c:/intelfpga_lite/18.1/nios2eds/bin/gnu/h-x86_64-mingw32/bin/../lib/gcc/nios2-elf/5.3.0/../../../../../H-x86_64-mingw32/nios2-elf/lib\libc.a(lib_a-__atexit.o)
 .text.__register_exitproc
                0x000000000000e8e0      0x118 c:/intelfpga_lite/18.1/nios2eds/bin/gnu/h-x86_64-mingw32/bin/../lib/gcc/nios2-elf/5.3.0/../../../../../H-x86_64-mingw32/nios2-elf/lib\libc.a(lib_a-__atexit.o)
                0x000000000000e8e0                __register_exitproc
 .text          0x000000000000e9f8        0x0 c:/intelfpga_lite/18.1/nios2eds/bin/gnu/h-x86_64-mingw32/bin/../lib/gcc/nios2-elf/5.3.0/../../../../../H-x86_64-mingw32/nios2-elf/lib\libc.a(lib_a-__call_atexit.o)
 .text.__call_exitprocs
                0x000000000000e9f8      0x180 c:/intelfpga_lite/18.1/nios2eds/bin/gnu/h-x86_64-mingw32/bin/../lib/gcc/nios2-elf/5.3.0/../../../../../H-x86_64-mingw32/nios2-elf/lib\libc.a(lib_a-__call_atexit.o)
                0x000000000000e9f8                __call_exitprocs
 .text          0x000000000000eb78       0x34 ../RTOS_bsp/\libucosii_bsp.a(alt_exit.o)
                0x000000000000eb78                _exit
 *(.gnu.warning.*)
 *(.fini)
                [!provide]                        PROVIDE (__etext, ABSOLUTE (.))
                [!provide]                        PROVIDE (_etext, ABSOLUTE (.))
                [!provide]                        PROVIDE (etext, ABSOLUTE (.))
 *(.eh_frame_hdr)
                0x000000000000ebac                . = ALIGN (0x4)
                [!provide]                        PROVIDE (__preinit_array_start, ABSOLUTE (.))
 *(.preinit_array)
                [!provide]                        PROVIDE (__preinit_array_end, ABSOLUTE (.))
                [!provide]                        PROVIDE (__init_array_start, ABSOLUTE (.))
 *(.init_array)
                [!provide]                        PROVIDE (__init_array_end, ABSOLUTE (.))
                [!provide]                        PROVIDE (__fini_array_start, ABSOLUTE (.))
 *(.fini_array)
                [!provide]                        PROVIDE (__fini_array_end, ABSOLUTE (.))
 *(.eh_frame)
 *(.gcc_except_table .gcc_except_table.*)
 *(.dynamic)
                0x000000000000ebac                PROVIDE (__CTOR_LIST__, ABSOLUTE (.))
 *(.ctors)
 *(SORT(.ctors.*))
                0x000000000000ebac                PROVIDE (__CTOR_END__, ABSOLUTE (.))
                0x000000000000ebac                PROVIDE (__DTOR_LIST__, ABSOLUTE (.))
 *(.dtors)
 *(SORT(.dtors.*))
                0x000000000000ebac                PROVIDE (__DTOR_END__, ABSOLUTE (.))
 *(.jcr)
                0x000000000000ebac                . = ALIGN (0x4)

.rodata         0x000000000000ebac      0x47c
                0x000000000000ebac                PROVIDE (__ram_rodata_start, ABSOLUTE (.))
                0x000000000000ebac                . = ALIGN (0x4)
 *(.rodata .rodata.* .gnu.linkonce.r.*)
 .rodata        0x000000000000ebac      0x30f obj/default/hello_ucosii.o
 *fill*         0x000000000000eebb        0x1 
 .rodata.str1.4
                0x000000000000eebc        0x2 c:/intelfpga_lite/18.1/nios2eds/bin/gnu/h-x86_64-mingw32/bin/../lib/gcc/nios2-elf/5.3.0/../../../../../H-x86_64-mingw32/nios2-elf/lib\libc.a(lib_a-puts.o)
 *fill*         0x000000000000eebe        0x2 
 .rodata.str1.4
                0x000000000000eec0        0x4 c:/intelfpga_lite/18.1/nios2eds/bin/gnu/h-x86_64-mingw32/bin/../lib/gcc/nios2-elf/5.3.0/../../../../../H-x86_64-mingw32/nios2-elf/lib\libc.a(lib_a-impure.o)
                                          0x2 (size before relaxing)
 .rodata        0x000000000000eec4        0xa ../RTOS_bsp/\libucosii_bsp.a(alt_dev.o)
 *fill*         0x000000000000eece        0x2 
 .rodata        0x000000000000eed0       0x11 ../RTOS_bsp/\libucosii_bsp.a(alt_main.o)
 *fill*         0x000000000000eee1        0x3 
 .rodata        0x000000000000eee4      0x11e ../RTOS_bsp/\libucosii_bsp.a(os_core.o)
                0x000000000000eee4                OSUnMapTbl
 *fill*         0x000000000000f002        0x2 
 .rodata        0x000000000000f004       0x20 ../RTOS_bsp/\libucosii_bsp.a(alt_sys_init.o)
 .rodata        0x000000000000f024        0x2 ../RTOS_bsp/\libucosii_bsp.a(os_cpu_c.o)
 *(.rodata1)
                0x000000000000f028                . = ALIGN (0x4)
 *fill*         0x000000000000f026        0x2 
                0x000000000000f028                PROVIDE (__ram_rodata_end, ABSOLUTE (.))
                0x000000000000ebac                PROVIDE (__flash_rodata_start, LOADADDR (.rodata))

.rwdata         0x000000000000f028     0x1bec load address 0x0000000000010c14
                0x000000000000f028                PROVIDE (__ram_rwdata_start, ABSOLUTE (.))
                0x000000000000f028                . = ALIGN (0x4)
 *(.got.plt)
 *(.got)
 *(.data1)
 *(.data .data.* .gnu.linkonce.d.*)
 .data          0x000000000000f028        0x0 ../RTOS_bsp//obj/HAL/src/crt0.o
 .data          0x000000000000f028        0xa obj/default/hello_ucosii.o
                0x000000000000f028                char_array
 .data          0x000000000000f032        0x0 c:/intelfpga_lite/18.1/nios2eds/bin/gnu/h-x86_64-mingw32/bin/../lib/gcc/nios2-elf/5.3.0\libgcc.a(lib2-divmod.o)
 .data          0x000000000000f032        0x0 c:/intelfpga_lite/18.1/nios2eds/bin/gnu/h-x86_64-mingw32/bin/../lib/gcc/nios2-elf/5.3.0/../../../../../H-x86_64-mingw32/nios2-elf/lib\libc.a(lib_a-puts.o)
 .data          0x000000000000f032        0x0 c:/intelfpga_lite/18.1/nios2eds/bin/gnu/h-x86_64-mingw32/bin/../lib/gcc/nios2-elf/5.3.0/../../../../../H-x86_64-mingw32/nios2-elf/lib\libc.a(lib_a-strlen.o)
 .data          0x000000000000f032        0x0 c:/intelfpga_lite/18.1/nios2eds/bin/gnu/h-x86_64-mingw32/bin/../lib/gcc/nios2-elf/5.3.0/../../../../../H-x86_64-mingw32/nios2-elf/lib\libc.a(lib_a-findfp.o)
 .data          0x000000000000f032        0x0 c:/intelfpga_lite/18.1/nios2eds/bin/gnu/h-x86_64-mingw32/bin/../lib/gcc/nios2-elf/5.3.0/../../../../../H-x86_64-mingw32/nios2-elf/lib\libc.a(lib_a-fvwrite.o)
 .data          0x000000000000f032        0x0 c:/intelfpga_lite/18.1/nios2eds/bin/gnu/h-x86_64-mingw32/bin/../lib/gcc/nios2-elf/5.3.0/../../../../../H-x86_64-mingw32/nios2-elf/lib\libc.a(lib_a-fwalk.o)
 .data          0x000000000000f032        0x0 c:/intelfpga_lite/18.1/nios2eds/bin/gnu/h-x86_64-mingw32/bin/../lib/gcc/nios2-elf/5.3.0/../../../../../H-x86_64-mingw32/nios2-elf/lib\libc.a(lib_a-impure.o)
 *fill*         0x000000000000f032        0x2 
 .data.impure_data
                0x000000000000f034      0x424 c:/intelfpga_lite/18.1/nios2eds/bin/gnu/h-x86_64-mingw32/bin/../lib/gcc/nios2-elf/5.3.0/../../../../../H-x86_64-mingw32/nios2-elf/lib\libc.a(lib_a-impure.o)
 .data          0x000000000000f458        0x0 c:/intelfpga_lite/18.1/nios2eds/bin/gnu/h-x86_64-mingw32/bin/../lib/gcc/nios2-elf/5.3.0/../../../../../H-x86_64-mingw32/nios2-elf/lib\libc.a(lib_a-mallocr.o)
 .data.__malloc_av_
                0x000000000000f458      0x408 c:/intelfpga_lite/18.1/nios2eds/bin/gnu/h-x86_64-mingw32/bin/../lib/gcc/nios2-elf/5.3.0/../../../../../H-x86_64-mingw32/nios2-elf/lib\libc.a(lib_a-mallocr.o)
                0x000000000000f458                __malloc_av_
 .data          0x000000000000f860        0x0 c:/intelfpga_lite/18.1/nios2eds/bin/gnu/h-x86_64-mingw32/bin/../lib/gcc/nios2-elf/5.3.0/../../../../../H-x86_64-mingw32/nios2-elf/lib\libc.a(lib_a-memchr.o)
 .data          0x000000000000f860        0x0 c:/intelfpga_lite/18.1/nios2eds/bin/gnu/h-x86_64-mingw32/bin/../lib/gcc/nios2-elf/5.3.0/../../../../../H-x86_64-mingw32/nios2-elf/lib\libc.a(lib_a-memcpy.o)
 .data          0x000000000000f860        0x0 c:/intelfpga_lite/18.1/nios2eds/bin/gnu/h-x86_64-mingw32/bin/../lib/gcc/nios2-elf/5.3.0/../../../../../H-x86_64-mingw32/nios2-elf/lib\libc.a(lib_a-memmove.o)
 .data          0x000000000000f860        0x0 c:/intelfpga_lite/18.1/nios2eds/bin/gnu/h-x86_64-mingw32/bin/../lib/gcc/nios2-elf/5.3.0/../../../../../H-x86_64-mingw32/nios2-elf/lib\libc.a(lib_a-memset.o)
 .data          0x000000000000f860        0x0 c:/intelfpga_lite/18.1/nios2eds/bin/gnu/h-x86_64-mingw32/bin/../lib/gcc/nios2-elf/5.3.0/../../../../../H-x86_64-mingw32/nios2-elf/lib\libc.a(lib_a-reallocr.o)
 .data          0x000000000000f860        0x0 c:/intelfpga_lite/18.1/nios2eds/bin/gnu/h-x86_64-mingw32/bin/../lib/gcc/nios2-elf/5.3.0/../../../../../H-x86_64-mingw32/nios2-elf/lib\libc.a(lib_a-sbrkr.o)
 .data          0x000000000000f860        0x0 c:/intelfpga_lite/18.1/nios2eds/bin/gnu/h-x86_64-mingw32/bin/../lib/gcc/nios2-elf/5.3.0/../../../../../H-x86_64-mingw32/nios2-elf/lib\libc.a(lib_a-stdio.o)
 .data          0x000000000000f860        0x0 c:/intelfpga_lite/18.1/nios2eds/bin/gnu/h-x86_64-mingw32/bin/../lib/gcc/nios2-elf/5.3.0/../../../../../H-x86_64-mingw32/nios2-elf/lib\libc.a(lib_a-writer.o)
 .data          0x000000000000f860        0x0 c:/intelfpga_lite/18.1/nios2eds/bin/gnu/h-x86_64-mingw32/bin/../lib/gcc/nios2-elf/5.3.0/../../../../../H-x86_64-mingw32/nios2-elf/lib\libc.a(lib_a-wsetup.o)
 .data          0x000000000000f860        0x0 c:/intelfpga_lite/18.1/nios2eds/bin/gnu/h-x86_64-mingw32/bin/../lib/gcc/nios2-elf/5.3.0/../../../../../H-x86_64-mingw32/nios2-elf/lib\libc.a(closer.o)
 .data          0x000000000000f860        0x0 c:/intelfpga_lite/18.1/nios2eds/bin/gnu/h-x86_64-mingw32/bin/../lib/gcc/nios2-elf/5.3.0/../../../../../H-x86_64-mingw32/nios2-elf/lib\libc.a(lib_a-fclose.o)
 .data          0x000000000000f860        0x0 c:/intelfpga_lite/18.1/nios2eds/bin/gnu/h-x86_64-mingw32/bin/../lib/gcc/nios2-elf/5.3.0/../../../../../H-x86_64-mingw32/nios2-elf/lib\libc.a(lib_a-fflush.o)
 .data          0x000000000000f860        0x0 c:/intelfpga_lite/18.1/nios2eds/bin/gnu/h-x86_64-mingw32/bin/../lib/gcc/nios2-elf/5.3.0/../../../../../H-x86_64-mingw32/nios2-elf/lib\libc.a(lib_a-freer.o)
 .data          0x000000000000f860        0x0 c:/intelfpga_lite/18.1/nios2eds/bin/gnu/h-x86_64-mingw32/bin/../lib/gcc/nios2-elf/5.3.0/../../../../../H-x86_64-mingw32/nios2-elf/lib\libc.a(lib_a-int_errno.o)
 .data          0x000000000000f860        0x0 c:/intelfpga_lite/18.1/nios2eds/bin/gnu/h-x86_64-mingw32/bin/../lib/gcc/nios2-elf/5.3.0/../../../../../H-x86_64-mingw32/nios2-elf/lib\libc.a(lib_a-lseekr.o)
 .data          0x000000000000f860        0x0 c:/intelfpga_lite/18.1/nios2eds/bin/gnu/h-x86_64-mingw32/bin/../lib/gcc/nios2-elf/5.3.0/../../../../../H-x86_64-mingw32/nios2-elf/lib\libc.a(lib_a-makebuf.o)
 .data          0x000000000000f860        0x0 c:/intelfpga_lite/18.1/nios2eds/bin/gnu/h-x86_64-mingw32/bin/../lib/gcc/nios2-elf/5.3.0/../../../../../H-x86_64-mingw32/nios2-elf/lib\libc.a(lib_a-readr.o)
 .data          0x000000000000f860        0x0 c:/intelfpga_lite/18.1/nios2eds/bin/gnu/h-x86_64-mingw32/bin/../lib/gcc/nios2-elf/5.3.0/../../../../../H-x86_64-mingw32/nios2-elf/lib\libc.a(lib_a-fstatr.o)
 .data          0x000000000000f860        0x0 c:/intelfpga_lite/18.1/nios2eds/bin/gnu/h-x86_64-mingw32/bin/../lib/gcc/nios2-elf/5.3.0/../../../../../H-x86_64-mingw32/nios2-elf/lib\libc.a(lib_a-isattyr.o)
 .data          0x000000000000f860        0x0 ../RTOS_bsp/\libucosii_bsp.a(alt_close.o)
 .data          0x000000000000f860      0x1a8 ../RTOS_bsp/\libucosii_bsp.a(alt_dev.o)
                0x000000000000f860                alt_dev_null
                0x000000000000f888                alt_fd_list
 .data          0x000000000000fa08        0x0 ../RTOS_bsp/\libucosii_bsp.a(alt_errno.o)
 .data          0x000000000000fa08        0x0 ../RTOS_bsp/\libucosii_bsp.a(alt_fstat.o)
 .data          0x000000000000fa08        0x0 ../RTOS_bsp/\libucosii_bsp.a(alt_isatty.o)
 .data          0x000000000000fa08        0x0 ../RTOS_bsp/\libucosii_bsp.a(alt_load.o)
 .data          0x000000000000fa08        0x0 ../RTOS_bsp/\libucosii_bsp.a(alt_lseek.o)
 .data          0x000000000000fa08        0x0 ../RTOS_bsp/\libucosii_bsp.a(alt_main.o)
 .data          0x000000000000fa08        0x0 ../RTOS_bsp/\libucosii_bsp.a(alt_putchar.o)
 .data          0x000000000000fa08        0x0 ../RTOS_bsp/\libucosii_bsp.a(alt_putstr.o)
 .data          0x000000000000fa08        0x0 ../RTOS_bsp/\libucosii_bsp.a(alt_read.o)
 .data          0x000000000000fa08        0x0 ../RTOS_bsp/\libucosii_bsp.a(alt_release_fd.o)
 .data          0x000000000000fa08        0x0 ../RTOS_bsp/\libucosii_bsp.a(alt_sbrk.o)
 .data          0x000000000000fa08        0x0 ../RTOS_bsp/\libucosii_bsp.a(alt_write.o)
 .data          0x000000000000fa08        0x0 ../RTOS_bsp/\libucosii_bsp.a(alt_env_lock.o)
 .data          0x000000000000fa08        0x0 ../RTOS_bsp/\libucosii_bsp.a(alt_malloc_lock.o)
 .data          0x000000000000fa08        0x0 ../RTOS_bsp/\libucosii_bsp.a(os_core.o)
 .data          0x000000000000fa08        0x0 ../RTOS_bsp/\libucosii_bsp.a(os_dbg.o)
 .data          0x000000000000fa08        0x0 ../RTOS_bsp/\libucosii_bsp.a(os_flag.o)
 .data          0x000000000000fa08        0x0 ../RTOS_bsp/\libucosii_bsp.a(os_mem.o)
 .data          0x000000000000fa08        0x0 ../RTOS_bsp/\libucosii_bsp.a(os_q.o)
 .data          0x000000000000fa08        0x0 ../RTOS_bsp/\libucosii_bsp.a(os_sem.o)
 .data          0x000000000000fa08        0x0 ../RTOS_bsp/\libucosii_bsp.a(os_task.o)
 .data          0x000000000000fa08        0x0 ../RTOS_bsp/\libucosii_bsp.a(os_time.o)
 .data          0x000000000000fa08     0x113c ../RTOS_bsp/\libucosii_bsp.a(alt_sys_init.o)
 .data          0x0000000000010b44        0x0 ../RTOS_bsp/\libucosii_bsp.a(altera_avalon_jtag_uart_fd.o)
 .data          0x0000000000010b44        0x0 ../RTOS_bsp/\libucosii_bsp.a(altera_avalon_jtag_uart_init.o)
 .data          0x0000000000010b44        0x0 ../RTOS_bsp/\libucosii_bsp.a(altera_avalon_jtag_uart_ioctl.o)
 .data          0x0000000000010b44        0x0 ../RTOS_bsp/\libucosii_bsp.a(altera_avalon_jtag_uart_read.o)
 .data          0x0000000000010b44        0x0 ../RTOS_bsp/\libucosii_bsp.a(altera_avalon_jtag_uart_write.o)
 .data          0x0000000000010b44        0x0 ../RTOS_bsp/\libucosii_bsp.a(altera_avalon_timer_sc.o)
 .data          0x0000000000010b44        0x0 ../RTOS_bsp/\libucosii_bsp.a(altera_avalon_uart_fd.o)
 .data          0x0000000000010b44        0x0 ../RTOS_bsp/\libucosii_bsp.a(altera_avalon_uart_init.o)
 .data          0x0000000000010b44        0x0 ../RTOS_bsp/\libucosii_bsp.a(altera_avalon_uart_read.o)
 .data          0x0000000000010b44        0x0 ../RTOS_bsp/\libucosii_bsp.a(altera_avalon_uart_write.o)
 .data          0x0000000000010b44        0x0 ../RTOS_bsp/\libucosii_bsp.a(alt_alarm_start.o)
 .data          0x0000000000010b44        0x0 ../RTOS_bsp/\libucosii_bsp.a(alt_dcache_flush_all.o)
 .data          0x0000000000010b44        0x0 ../RTOS_bsp/\libucosii_bsp.a(alt_dev_llist_insert.o)
 .data          0x0000000000010b44        0x0 ../RTOS_bsp/\libucosii_bsp.a(alt_do_ctors.o)
 .data          0x0000000000010b44        0x0 ../RTOS_bsp/\libucosii_bsp.a(alt_do_dtors.o)
 .data          0x0000000000010b44        0x0 ../RTOS_bsp/\libucosii_bsp.a(alt_icache_flush_all.o)
 .data          0x0000000000010b44        0x0 ../RTOS_bsp/\libucosii_bsp.a(alt_iic.o)
 .data          0x0000000000010b44        0x0 ../RTOS_bsp/\libucosii_bsp.a(alt_iic_isr_register.o)
 .data          0x0000000000010b44        0x0 ../RTOS_bsp/\libucosii_bsp.a(alt_io_redirect.o)
 .data          0x0000000000010b44        0x0 ../RTOS_bsp/\libucosii_bsp.a(alt_irq_entry.o)
 .data          0x0000000000010b44        0x0 ../RTOS_bsp/\libucosii_bsp.a(alt_irq_handler.o)
 .data          0x0000000000010b44        0x0 ../RTOS_bsp/\libucosii_bsp.a(alt_irq_vars.o)
 .data          0x0000000000010b44        0x0 ../RTOS_bsp/\libucosii_bsp.a(alt_open.o)
 .data          0x0000000000010b44        0x0 ../RTOS_bsp/\libucosii_bsp.a(alt_tick.o)
 .data          0x0000000000010b44        0x0 ../RTOS_bsp/\libucosii_bsp.a(altera_nios2_gen2_irq.o)
 .data          0x0000000000010b44        0x0 ../RTOS_bsp/\libucosii_bsp.a(os_cpu_a.o)
 .data          0x0000000000010b44        0x0 ../RTOS_bsp/\libucosii_bsp.a(os_cpu_c.o)
 .data          0x0000000000010b44        0x0 ../RTOS_bsp/\libucosii_bsp.a(alt_exception_entry.o)
 .data          0x0000000000010b44        0x0 ../RTOS_bsp/\libucosii_bsp.a(alt_find_dev.o)
 .data          0x0000000000010b44        0x0 ../RTOS_bsp/\libucosii_bsp.a(alt_find_file.o)
 .data          0x0000000000010b44        0x0 ../RTOS_bsp/\libucosii_bsp.a(alt_get_fd.o)
 .data          0x0000000000010b44        0x0 ../RTOS_bsp/\libucosii_bsp.a(alt_icache_flush.o)
 .data          0x0000000000010b44        0x0 ../RTOS_bsp/\libucosii_bsp.a(alt_instruction_exception_entry.o)
 .data          0x0000000000010b44        0x0 c:/intelfpga_lite/18.1/nios2eds/bin/gnu/h-x86_64-mingw32/bin/../lib/gcc/nios2-elf/5.3.0/../../../../../H-x86_64-mingw32/nios2-elf/lib\libc.a(lib_a-atexit.o)
 .data          0x0000000000010b44        0x0 c:/intelfpga_lite/18.1/nios2eds/bin/gnu/h-x86_64-mingw32/bin/../lib/gcc/nios2-elf/5.3.0/../../../../../H-x86_64-mingw32/nios2-elf/lib\libc.a(lib_a-exit.o)
 .data          0x0000000000010b44        0x0 c:/intelfpga_lite/18.1/nios2eds/bin/gnu/h-x86_64-mingw32/bin/../lib/gcc/nios2-elf/5.3.0/../../../../../H-x86_64-mingw32/nios2-elf/lib\libc.a(lib_a-fputs.o)
 .data          0x0000000000010b44        0x0 c:/intelfpga_lite/18.1/nios2eds/bin/gnu/h-x86_64-mingw32/bin/../lib/gcc/nios2-elf/5.3.0/../../../../../H-x86_64-mingw32/nios2-elf/lib\libc.a(lib_a-memcmp.o)
 .data          0x0000000000010b44        0x0 c:/intelfpga_lite/18.1/nios2eds/bin/gnu/h-x86_64-mingw32/bin/../lib/gcc/nios2-elf/5.3.0/../../../../../H-x86_64-mingw32/nios2-elf/lib\libc.a(lib_a-putc.o)
 .data          0x0000000000010b44        0x0 c:/intelfpga_lite/18.1/nios2eds/bin/gnu/h-x86_64-mingw32/bin/../lib/gcc/nios2-elf/5.3.0/../../../../../H-x86_64-mingw32/nios2-elf/lib\libc.a(lib_a-wbuf.o)
 .data          0x0000000000010b44        0x0 c:/intelfpga_lite/18.1/nios2eds/bin/gnu/h-x86_64-mingw32/bin/../lib/gcc/nios2-elf/5.3.0/../../../../../H-x86_64-mingw32/nios2-elf/lib\libc.a(lib_a-__atexit.o)
 .data          0x0000000000010b44        0x0 c:/intelfpga_lite/18.1/nios2eds/bin/gnu/h-x86_64-mingw32/bin/../lib/gcc/nios2-elf/5.3.0/../../../../../H-x86_64-mingw32/nios2-elf/lib\libc.a(lib_a-__call_atexit.o)
 .data          0x0000000000010b44        0x0 ../RTOS_bsp/\libucosii_bsp.a(alt_exit.o)
                0x0000000000018b44                _gp = ABSOLUTE ((. + 0x8000))
                [!provide]                        PROVIDE (gp, _gp)
 *(.rwdata .rwdata.*)
 *(.sdata .sdata.* .gnu.linkonce.s.*)
 .sdata         0x0000000000010b44       0x1c obj/default/hello_ucosii.o
                0x0000000000010b44                LEDR
                0x0000000000010b48                KEY1
                0x0000000000010b4c                MSB
                0x0000000000010b50                HEX0
                0x0000000000010b54                UART
                0x0000000000010b58                UART_TX
                0x0000000000010b5c                UART_ctl
 .sdata._global_impure_ptr
                0x0000000000010b60        0x4 c:/intelfpga_lite/18.1/nios2eds/bin/gnu/h-x86_64-mingw32/bin/../lib/gcc/nios2-elf/5.3.0/../../../../../H-x86_64-mingw32/nios2-elf/lib\libc.a(lib_a-impure.o)
                0x0000000000010b60                _global_impure_ptr
 .sdata._impure_ptr
                0x0000000000010b64        0x4 c:/intelfpga_lite/18.1/nios2eds/bin/gnu/h-x86_64-mingw32/bin/../lib/gcc/nios2-elf/5.3.0/../../../../../H-x86_64-mingw32/nios2-elf/lib\libc.a(lib_a-impure.o)
                0x0000000000010b64                _impure_ptr
 .sdata.__malloc_sbrk_base
                0x0000000000010b68        0x4 c:/intelfpga_lite/18.1/nios2eds/bin/gnu/h-x86_64-mingw32/bin/../lib/gcc/nios2-elf/5.3.0/../../../../../H-x86_64-mingw32/nios2-elf/lib\libc.a(lib_a-mallocr.o)
                0x0000000000010b68                __malloc_sbrk_base
 .sdata.__malloc_trim_threshold
                0x0000000000010b6c        0x4 c:/intelfpga_lite/18.1/nios2eds/bin/gnu/h-x86_64-mingw32/bin/../lib/gcc/nios2-elf/5.3.0/../../../../../H-x86_64-mingw32/nios2-elf/lib\libc.a(lib_a-mallocr.o)
                0x0000000000010b6c                __malloc_trim_threshold
 .sdata         0x0000000000010b70       0x14 ../RTOS_bsp/\libucosii_bsp.a(alt_dev.o)
                0x0000000000010b70                alt_fs_list
                0x0000000000010b78                alt_dev_list
                0x0000000000010b80                alt_max_fd
 .sdata         0x0000000000010b84        0x4 ../RTOS_bsp/\libucosii_bsp.a(alt_errno.o)
                0x0000000000010b84                alt_errno
 .sdata         0x0000000000010b88        0x4 ../RTOS_bsp/\libucosii_bsp.a(alt_sbrk.o)
 .sdata         0x0000000000010b8c        0x4 ../RTOS_bsp/\libucosii_bsp.a(alt_env_lock.o)
 .sdata         0x0000000000010b90        0x4 ../RTOS_bsp/\libucosii_bsp.a(alt_malloc_lock.o)
 .sdata         0x0000000000010b94       0x72 ../RTOS_bsp/\libucosii_bsp.a(os_dbg.o)
                0x0000000000010b94                OSDebugEn
                0x0000000000010b98                OSEndiannessTest
                0x0000000000010b9c                OSEventEn
                0x0000000000010b9e                OSEventMax
                0x0000000000010ba0                OSEventNameSize
                0x0000000000010ba2                OSEventSize
                0x0000000000010ba4                OSEventTblSize
                0x0000000000010ba6                OSEventMultiEn
                0x0000000000010ba8                OSFlagEn
                0x0000000000010baa                OSFlagGrpSize
                0x0000000000010bac                OSFlagNodeSize
                0x0000000000010bae                OSFlagWidth
                0x0000000000010bb0                OSFlagMax
                0x0000000000010bb2                OSFlagNameSize
                0x0000000000010bb4                OSLowestPrio
                0x0000000000010bb6                OSMboxEn
                0x0000000000010bb8                OSMemEn
                0x0000000000010bba                OSMemMax
                0x0000000000010bbc                OSMemNameSize
                0x0000000000010bbe                OSMemSize
                0x0000000000010bc0                OSMemTblSize
                0x0000000000010bc2                OSMutexEn
                0x0000000000010bc4                OSPtrSize
                0x0000000000010bc6                OSQEn
                0x0000000000010bc8                OSQMax
                0x0000000000010bca                OSQSize
                0x0000000000010bcc                OSRdyTblSize
                0x0000000000010bce                OSSemEn
                0x0000000000010bd0                OSStkWidth
                0x0000000000010bd2                OSTaskCreateEn
                0x0000000000010bd4                OSTaskCreateExtEn
                0x0000000000010bd6                OSTaskDelEn
                0x0000000000010bd8                OSTaskIdleStkSize
                0x0000000000010bda                OSTaskProfileEn
                0x0000000000010bdc                OSTaskMax
                0x0000000000010bde                OSTaskNameSize
                0x0000000000010be0                OSTaskStatEn
                0x0000000000010be2                OSTaskStatStkSize
                0x0000000000010be4                OSTaskStatStkChkEn
                0x0000000000010be6                OSTaskSwHookEn
                0x0000000000010be8                OSTCBPrioTblMax
                0x0000000000010bea                OSTCBSize
                0x0000000000010bec                OSTicksPerSec
                0x0000000000010bee                OSTimeTickHookEn
                0x0000000000010bf0                OSVersionNbr
                0x0000000000010bf2                OSTmrEn
                0x0000000000010bf4                OSTmrCfgMax
                0x0000000000010bf6                OSTmrCfgNameSize
                0x0000000000010bf8                OSTmrCfgWheelSize
                0x0000000000010bfa                OSTmrCfgTicksPerSec
                0x0000000000010bfc                OSTmrSize
                0x0000000000010bfe                OSTmrTblSize
                0x0000000000010c00                OSTmrWheelSize
                0x0000000000010c02                OSTmrWheelTblSize
                0x0000000000010c04                OSDataSize
 *fill*         0x0000000000010c06        0x2 
 .sdata         0x0000000000010c08        0x4 ../RTOS_bsp/\libucosii_bsp.a(alt_irq_vars.o)
                0x0000000000010c08                alt_priority_mask
 .sdata         0x0000000000010c0c        0x8 ../RTOS_bsp/\libucosii_bsp.a(alt_tick.o)
                0x0000000000010c0c                alt_alarm_list
 *(.sdata2 .sdata2.* .gnu.linkonce.s2.*)
                0x0000000000010c14                . = ALIGN (0x4)
                0x0000000000010c14                _edata = ABSOLUTE (.)
                [!provide]                        PROVIDE (edata, ABSOLUTE (.))
                0x0000000000010c14                PROVIDE (__ram_rwdata_end, ABSOLUTE (.))
                0x0000000000010c14                PROVIDE (__flash_rwdata_start, LOADADDR (.rwdata))

.bss            0x0000000000012800     0x549c
                0x0000000000012800                __bss_start = ABSOLUTE (.)
                [!provide]                        PROVIDE (__sbss_start, ABSOLUTE (.))
                [!provide]                        PROVIDE (___sbss_start, ABSOLUTE (.))
 *(.dynsbss)
 *(.sbss .sbss.* .gnu.linkonce.sb.*)
 .sbss.__malloc_max_total_mem
                0x0000000000012800        0x4 c:/intelfpga_lite/18.1/nios2eds/bin/gnu/h-x86_64-mingw32/bin/../lib/gcc/nios2-elf/5.3.0/../../../../../H-x86_64-mingw32/nios2-elf/lib\libc.a(lib_a-mallocr.o)
                0x0000000000012800                __malloc_max_total_mem
 .sbss.__malloc_max_sbrked_mem
                0x0000000000012804        0x4 c:/intelfpga_lite/18.1/nios2eds/bin/gnu/h-x86_64-mingw32/bin/../lib/gcc/nios2-elf/5.3.0/../../../../../H-x86_64-mingw32/nios2-elf/lib\libc.a(lib_a-mallocr.o)
                0x0000000000012804                __malloc_max_sbrked_mem
 .sbss.__malloc_top_pad
                0x0000000000012808        0x4 c:/intelfpga_lite/18.1/nios2eds/bin/gnu/h-x86_64-mingw32/bin/../lib/gcc/nios2-elf/5.3.0/../../../../../H-x86_64-mingw32/nios2-elf/lib\libc.a(lib_a-mallocr.o)
                0x0000000000012808                __malloc_top_pad
 .sbss          0x000000000001280c        0x4 c:/intelfpga_lite/18.1/nios2eds/bin/gnu/h-x86_64-mingw32/bin/../lib/gcc/nios2-elf/5.3.0/../../../../../H-x86_64-mingw32/nios2-elf/lib\libc.a(lib_a-int_errno.o)
                0x000000000001280c                errno
 .sbss          0x0000000000012810        0x4 ../RTOS_bsp/\libucosii_bsp.a(alt_dev.o)
                0x0000000000012810                alt_fd_list_lock
 .sbss          0x0000000000012814        0xc ../RTOS_bsp/\libucosii_bsp.a(alt_main.o)
                0x0000000000012814                alt_argc
                0x0000000000012818                alt_argv
                0x000000000001281c                alt_envp
 .sbss          0x0000000000012820        0x8 ../RTOS_bsp/\libucosii_bsp.a(alt_env_lock.o)
                0x0000000000012824                alt_envsem
 .sbss          0x0000000000012828        0x8 ../RTOS_bsp/\libucosii_bsp.a(alt_malloc_lock.o)
                0x000000000001282c                alt_heapsem
 .sbss          0x0000000000012830       0x50 ../RTOS_bsp/\libucosii_bsp.a(os_core.o)
                0x0000000000012830                OSLockNesting
                0x0000000000012831                OSRunning
                0x0000000000012834                OSIdleCtr
                0x0000000000012838                OSPrioHighRdy
                0x0000000000012839                OSPrioCur
                0x000000000001283c                OSTCBList
                0x0000000000012840                OSTickStepState
                0x0000000000012844                OSCtxSwCtr
                0x0000000000012848                OSIdleCtrMax
                0x000000000001284c                OSTCBFreeList
                0x0000000000012850                OSCPUUsage
                0x0000000000012851                OSTaskCtr
                0x0000000000012854                OSMemFreeList
                0x0000000000012858                OSTCBHighRdy
                0x000000000001285c                OSQFreeList
                0x0000000000012860                OSRdyGrp
                0x0000000000012861                OSRdyTbl
                0x0000000000012864                OSEventFreeList
                0x0000000000012868                OSIntNesting
                0x000000000001286c                OSTCBCur
                0x0000000000012870                OSTime
                0x0000000000012874                OSFlagFreeList
                0x0000000000012878                OSStatRdy
                0x000000000001287c                OSIdleCtrRun
 .sbss          0x0000000000012880        0x4 ../RTOS_bsp/\libucosii_bsp.a(alt_irq_vars.o)
                0x0000000000012880                alt_irq_active
 .sbss          0x0000000000012884        0x8 ../RTOS_bsp/\libucosii_bsp.a(alt_tick.o)
                0x0000000000012884                _alt_tick_rate
                0x0000000000012888                _alt_nticks
 .sbss          0x000000000001288c        0x4 ../RTOS_bsp/\libucosii_bsp.a(alt_instruction_exception_entry.o)
                0x000000000001288c                alt_instruction_exception_handler
 *(.sbss2 .sbss2.* .gnu.linkonce.sb2.*)
 *(.scommon)
                [!provide]                        PROVIDE (__sbss_end, ABSOLUTE (.))
                [!provide]                        PROVIDE (___sbss_end, ABSOLUTE (.))
 *(.dynbss)
 *(.bss .bss.* .gnu.linkonce.b.*)
 .bss           0x0000000000012890        0x0 ../RTOS_bsp//obj/HAL/src/crt0.o
 .bss           0x0000000000012890        0x0 obj/default/hello_ucosii.o
 .bss           0x0000000000012890        0x0 c:/intelfpga_lite/18.1/nios2eds/bin/gnu/h-x86_64-mingw32/bin/../lib/gcc/nios2-elf/5.3.0\libgcc.a(lib2-divmod.o)
 .bss           0x0000000000012890        0x0 c:/intelfpga_lite/18.1/nios2eds/bin/gnu/h-x86_64-mingw32/bin/../lib/gcc/nios2-elf/5.3.0/../../../../../H-x86_64-mingw32/nios2-elf/lib\libc.a(lib_a-puts.o)
 .bss           0x0000000000012890        0x0 c:/intelfpga_lite/18.1/nios2eds/bin/gnu/h-x86_64-mingw32/bin/../lib/gcc/nios2-elf/5.3.0/../../../../../H-x86_64-mingw32/nios2-elf/lib\libc.a(lib_a-strlen.o)
 .bss           0x0000000000012890        0x0 c:/intelfpga_lite/18.1/nios2eds/bin/gnu/h-x86_64-mingw32/bin/../lib/gcc/nios2-elf/5.3.0/../../../../../H-x86_64-mingw32/nios2-elf/lib\libc.a(lib_a-findfp.o)
 .bss           0x0000000000012890        0x0 c:/intelfpga_lite/18.1/nios2eds/bin/gnu/h-x86_64-mingw32/bin/../lib/gcc/nios2-elf/5.3.0/../../../../../H-x86_64-mingw32/nios2-elf/lib\libc.a(lib_a-fvwrite.o)
 .bss           0x0000000000012890        0x0 c:/intelfpga_lite/18.1/nios2eds/bin/gnu/h-x86_64-mingw32/bin/../lib/gcc/nios2-elf/5.3.0/../../../../../H-x86_64-mingw32/nios2-elf/lib\libc.a(lib_a-fwalk.o)
 .bss           0x0000000000012890        0x0 c:/intelfpga_lite/18.1/nios2eds/bin/gnu/h-x86_64-mingw32/bin/../lib/gcc/nios2-elf/5.3.0/../../../../../H-x86_64-mingw32/nios2-elf/lib\libc.a(lib_a-impure.o)
 .bss           0x0000000000012890        0x0 c:/intelfpga_lite/18.1/nios2eds/bin/gnu/h-x86_64-mingw32/bin/../lib/gcc/nios2-elf/5.3.0/../../../../../H-x86_64-mingw32/nios2-elf/lib\libc.a(lib_a-mallocr.o)
 .bss.__malloc_current_mallinfo
                0x0000000000012890       0x28 c:/intelfpga_lite/18.1/nios2eds/bin/gnu/h-x86_64-mingw32/bin/../lib/gcc/nios2-elf/5.3.0/../../../../../H-x86_64-mingw32/nios2-elf/lib\libc.a(lib_a-mallocr.o)
                0x0000000000012890                __malloc_current_mallinfo
 .bss           0x00000000000128b8        0x0 c:/intelfpga_lite/18.1/nios2eds/bin/gnu/h-x86_64-mingw32/bin/../lib/gcc/nios2-elf/5.3.0/../../../../../H-x86_64-mingw32/nios2-elf/lib\libc.a(lib_a-memchr.o)
 .bss           0x00000000000128b8        0x0 c:/intelfpga_lite/18.1/nios2eds/bin/gnu/h-x86_64-mingw32/bin/../lib/gcc/nios2-elf/5.3.0/../../../../../H-x86_64-mingw32/nios2-elf/lib\libc.a(lib_a-memcpy.o)
 .bss           0x00000000000128b8        0x0 c:/intelfpga_lite/18.1/nios2eds/bin/gnu/h-x86_64-mingw32/bin/../lib/gcc/nios2-elf/5.3.0/../../../../../H-x86_64-mingw32/nios2-elf/lib\libc.a(lib_a-memmove.o)
 .bss           0x00000000000128b8        0x0 c:/intelfpga_lite/18.1/nios2eds/bin/gnu/h-x86_64-mingw32/bin/../lib/gcc/nios2-elf/5.3.0/../../../../../H-x86_64-mingw32/nios2-elf/lib\libc.a(lib_a-memset.o)
 .bss           0x00000000000128b8        0x0 c:/intelfpga_lite/18.1/nios2eds/bin/gnu/h-x86_64-mingw32/bin/../lib/gcc/nios2-elf/5.3.0/../../../../../H-x86_64-mingw32/nios2-elf/lib\libc.a(lib_a-reallocr.o)
 .bss           0x00000000000128b8        0x0 c:/intelfpga_lite/18.1/nios2eds/bin/gnu/h-x86_64-mingw32/bin/../lib/gcc/nios2-elf/5.3.0/../../../../../H-x86_64-mingw32/nios2-elf/lib\libc.a(lib_a-sbrkr.o)
 .bss           0x00000000000128b8        0x0 c:/intelfpga_lite/18.1/nios2eds/bin/gnu/h-x86_64-mingw32/bin/../lib/gcc/nios2-elf/5.3.0/../../../../../H-x86_64-mingw32/nios2-elf/lib\libc.a(lib_a-stdio.o)
 .bss           0x00000000000128b8        0x0 c:/intelfpga_lite/18.1/nios2eds/bin/gnu/h-x86_64-mingw32/bin/../lib/gcc/nios2-elf/5.3.0/../../../../../H-x86_64-mingw32/nios2-elf/lib\libc.a(lib_a-writer.o)
 .bss           0x00000000000128b8        0x0 c:/intelfpga_lite/18.1/nios2eds/bin/gnu/h-x86_64-mingw32/bin/../lib/gcc/nios2-elf/5.3.0/../../../../../H-x86_64-mingw32/nios2-elf/lib\libc.a(lib_a-wsetup.o)
 .bss           0x00000000000128b8        0x0 c:/intelfpga_lite/18.1/nios2eds/bin/gnu/h-x86_64-mingw32/bin/../lib/gcc/nios2-elf/5.3.0/../../../../../H-x86_64-mingw32/nios2-elf/lib\libc.a(closer.o)
 .bss           0x00000000000128b8        0x0 c:/intelfpga_lite/18.1/nios2eds/bin/gnu/h-x86_64-mingw32/bin/../lib/gcc/nios2-elf/5.3.0/../../../../../H-x86_64-mingw32/nios2-elf/lib\libc.a(lib_a-fclose.o)
 .bss           0x00000000000128b8        0x0 c:/intelfpga_lite/18.1/nios2eds/bin/gnu/h-x86_64-mingw32/bin/../lib/gcc/nios2-elf/5.3.0/../../../../../H-x86_64-mingw32/nios2-elf/lib\libc.a(lib_a-fflush.o)
 .bss           0x00000000000128b8        0x0 c:/intelfpga_lite/18.1/nios2eds/bin/gnu/h-x86_64-mingw32/bin/../lib/gcc/nios2-elf/5.3.0/../../../../../H-x86_64-mingw32/nios2-elf/lib\libc.a(lib_a-freer.o)
 .bss           0x00000000000128b8        0x0 c:/intelfpga_lite/18.1/nios2eds/bin/gnu/h-x86_64-mingw32/bin/../lib/gcc/nios2-elf/5.3.0/../../../../../H-x86_64-mingw32/nios2-elf/lib\libc.a(lib_a-int_errno.o)
 .bss           0x00000000000128b8        0x0 c:/intelfpga_lite/18.1/nios2eds/bin/gnu/h-x86_64-mingw32/bin/../lib/gcc/nios2-elf/5.3.0/../../../../../H-x86_64-mingw32/nios2-elf/lib\libc.a(lib_a-lseekr.o)
 .bss           0x00000000000128b8        0x0 c:/intelfpga_lite/18.1/nios2eds/bin/gnu/h-x86_64-mingw32/bin/../lib/gcc/nios2-elf/5.3.0/../../../../../H-x86_64-mingw32/nios2-elf/lib\libc.a(lib_a-makebuf.o)
 .bss           0x00000000000128b8        0x0 c:/intelfpga_lite/18.1/nios2eds/bin/gnu/h-x86_64-mingw32/bin/../lib/gcc/nios2-elf/5.3.0/../../../../../H-x86_64-mingw32/nios2-elf/lib\libc.a(lib_a-readr.o)
 .bss           0x00000000000128b8        0x0 c:/intelfpga_lite/18.1/nios2eds/bin/gnu/h-x86_64-mingw32/bin/../lib/gcc/nios2-elf/5.3.0/../../../../../H-x86_64-mingw32/nios2-elf/lib\libc.a(lib_a-fstatr.o)
 .bss           0x00000000000128b8        0x0 c:/intelfpga_lite/18.1/nios2eds/bin/gnu/h-x86_64-mingw32/bin/../lib/gcc/nios2-elf/5.3.0/../../../../../H-x86_64-mingw32/nios2-elf/lib\libc.a(lib_a-isattyr.o)
 .bss           0x00000000000128b8        0x0 ../RTOS_bsp/\libucosii_bsp.a(alt_close.o)
 .bss           0x00000000000128b8        0x0 ../RTOS_bsp/\libucosii_bsp.a(alt_dev.o)
 .bss           0x00000000000128b8        0x0 ../RTOS_bsp/\libucosii_bsp.a(alt_errno.o)
 .bss           0x00000000000128b8        0x0 ../RTOS_bsp/\libucosii_bsp.a(alt_fstat.o)
 .bss           0x00000000000128b8        0x0 ../RTOS_bsp/\libucosii_bsp.a(alt_isatty.o)
 .bss           0x00000000000128b8        0x0 ../RTOS_bsp/\libucosii_bsp.a(alt_load.o)
 .bss           0x00000000000128b8        0x0 ../RTOS_bsp/\libucosii_bsp.a(alt_lseek.o)
 .bss           0x00000000000128b8        0x0 ../RTOS_bsp/\libucosii_bsp.a(alt_main.o)
 .bss           0x00000000000128b8        0x0 ../RTOS_bsp/\libucosii_bsp.a(alt_putchar.o)
 .bss           0x00000000000128b8        0x0 ../RTOS_bsp/\libucosii_bsp.a(alt_putstr.o)
 .bss           0x00000000000128b8        0x0 ../RTOS_bsp/\libucosii_bsp.a(alt_read.o)
 .bss           0x00000000000128b8        0x0 ../RTOS_bsp/\libucosii_bsp.a(alt_release_fd.o)
 .bss           0x00000000000128b8        0x0 ../RTOS_bsp/\libucosii_bsp.a(alt_sbrk.o)
 .bss           0x00000000000128b8        0x0 ../RTOS_bsp/\libucosii_bsp.a(alt_write.o)
 .bss           0x00000000000128b8        0x0 ../RTOS_bsp/\libucosii_bsp.a(alt_env_lock.o)
 .bss           0x00000000000128b8        0x0 ../RTOS_bsp/\libucosii_bsp.a(alt_malloc_lock.o)
 .bss           0x00000000000128b8        0x0 ../RTOS_bsp/\libucosii_bsp.a(os_core.o)
 .bss           0x00000000000128b8        0x0 ../RTOS_bsp/\libucosii_bsp.a(os_dbg.o)
 .bss           0x00000000000128b8        0x0 ../RTOS_bsp/\libucosii_bsp.a(os_flag.o)
 .bss           0x00000000000128b8        0x0 ../RTOS_bsp/\libucosii_bsp.a(os_mem.o)
 .bss           0x00000000000128b8        0x0 ../RTOS_bsp/\libucosii_bsp.a(os_q.o)
 .bss           0x00000000000128b8        0x0 ../RTOS_bsp/\libucosii_bsp.a(os_sem.o)
 .bss           0x00000000000128b8        0x0 ../RTOS_bsp/\libucosii_bsp.a(os_task.o)
 .bss           0x00000000000128b8        0x0 ../RTOS_bsp/\libucosii_bsp.a(os_time.o)
 .bss           0x00000000000128b8        0x0 ../RTOS_bsp/\libucosii_bsp.a(alt_sys_init.o)
 .bss           0x00000000000128b8        0x0 ../RTOS_bsp/\libucosii_bsp.a(altera_avalon_jtag_uart_fd.o)
 .bss           0x00000000000128b8        0x0 ../RTOS_bsp/\libucosii_bsp.a(altera_avalon_jtag_uart_init.o)
 .bss           0x00000000000128b8        0x0 ../RTOS_bsp/\libucosii_bsp.a(altera_avalon_jtag_uart_ioctl.o)
 .bss           0x00000000000128b8        0x0 ../RTOS_bsp/\libucosii_bsp.a(altera_avalon_jtag_uart_read.o)
 .bss           0x00000000000128b8        0x0 ../RTOS_bsp/\libucosii_bsp.a(altera_avalon_jtag_uart_write.o)
 .bss           0x00000000000128b8        0x0 ../RTOS_bsp/\libucosii_bsp.a(altera_avalon_timer_sc.o)
 .bss           0x00000000000128b8        0x0 ../RTOS_bsp/\libucosii_bsp.a(altera_avalon_uart_fd.o)
 .bss           0x00000000000128b8        0x0 ../RTOS_bsp/\libucosii_bsp.a(altera_avalon_uart_init.o)
 .bss           0x00000000000128b8        0x0 ../RTOS_bsp/\libucosii_bsp.a(altera_avalon_uart_read.o)
 .bss           0x00000000000128b8        0x0 ../RTOS_bsp/\libucosii_bsp.a(altera_avalon_uart_write.o)
 .bss           0x00000000000128b8        0x0 ../RTOS_bsp/\libucosii_bsp.a(alt_alarm_start.o)
 .bss           0x00000000000128b8        0x0 ../RTOS_bsp/\libucosii_bsp.a(alt_dcache_flush_all.o)
 .bss           0x00000000000128b8        0x0 ../RTOS_bsp/\libucosii_bsp.a(alt_dev_llist_insert.o)
 .bss           0x00000000000128b8        0x0 ../RTOS_bsp/\libucosii_bsp.a(alt_do_ctors.o)
 .bss           0x00000000000128b8        0x0 ../RTOS_bsp/\libucosii_bsp.a(alt_do_dtors.o)
 .bss           0x00000000000128b8        0x0 ../RTOS_bsp/\libucosii_bsp.a(alt_icache_flush_all.o)
 .bss           0x00000000000128b8        0x0 ../RTOS_bsp/\libucosii_bsp.a(alt_iic.o)
 .bss           0x00000000000128b8        0x0 ../RTOS_bsp/\libucosii_bsp.a(alt_iic_isr_register.o)
 .bss           0x00000000000128b8        0x0 ../RTOS_bsp/\libucosii_bsp.a(alt_io_redirect.o)
 .bss           0x00000000000128b8        0x0 ../RTOS_bsp/\libucosii_bsp.a(alt_irq_entry.o)
 .bss           0x00000000000128b8        0x0 ../RTOS_bsp/\libucosii_bsp.a(alt_irq_handler.o)
 .bss           0x00000000000128b8        0x0 ../RTOS_bsp/\libucosii_bsp.a(alt_irq_vars.o)
 .bss           0x00000000000128b8        0x0 ../RTOS_bsp/\libucosii_bsp.a(alt_open.o)
 .bss           0x00000000000128b8        0x0 ../RTOS_bsp/\libucosii_bsp.a(alt_tick.o)
 .bss           0x00000000000128b8        0x0 ../RTOS_bsp/\libucosii_bsp.a(altera_nios2_gen2_irq.o)
 .bss           0x00000000000128b8        0x0 ../RTOS_bsp/\libucosii_bsp.a(os_cpu_a.o)
 .bss           0x00000000000128b8        0x0 ../RTOS_bsp/\libucosii_bsp.a(os_cpu_c.o)
 .bss           0x00000000000128b8        0x0 ../RTOS_bsp/\libucosii_bsp.a(alt_exception_entry.o)
 .bss           0x00000000000128b8        0x0 ../RTOS_bsp/\libucosii_bsp.a(alt_find_dev.o)
 .bss           0x00000000000128b8        0x0 ../RTOS_bsp/\libucosii_bsp.a(alt_find_file.o)
 .bss           0x00000000000128b8        0x0 ../RTOS_bsp/\libucosii_bsp.a(alt_get_fd.o)
 .bss           0x00000000000128b8        0x0 ../RTOS_bsp/\libucosii_bsp.a(alt_icache_flush.o)
 .bss           0x00000000000128b8        0x0 ../RTOS_bsp/\libucosii_bsp.a(alt_instruction_exception_entry.o)
 .bss           0x00000000000128b8        0x0 c:/intelfpga_lite/18.1/nios2eds/bin/gnu/h-x86_64-mingw32/bin/../lib/gcc/nios2-elf/5.3.0/../../../../../H-x86_64-mingw32/nios2-elf/lib\libc.a(lib_a-atexit.o)
 .bss           0x00000000000128b8        0x0 c:/intelfpga_lite/18.1/nios2eds/bin/gnu/h-x86_64-mingw32/bin/../lib/gcc/nios2-elf/5.3.0/../../../../../H-x86_64-mingw32/nios2-elf/lib\libc.a(lib_a-exit.o)
 .bss           0x00000000000128b8        0x0 c:/intelfpga_lite/18.1/nios2eds/bin/gnu/h-x86_64-mingw32/bin/../lib/gcc/nios2-elf/5.3.0/../../../../../H-x86_64-mingw32/nios2-elf/lib\libc.a(lib_a-fputs.o)
 .bss           0x00000000000128b8        0x0 c:/intelfpga_lite/18.1/nios2eds/bin/gnu/h-x86_64-mingw32/bin/../lib/gcc/nios2-elf/5.3.0/../../../../../H-x86_64-mingw32/nios2-elf/lib\libc.a(lib_a-memcmp.o)
 .bss           0x00000000000128b8        0x0 c:/intelfpga_lite/18.1/nios2eds/bin/gnu/h-x86_64-mingw32/bin/../lib/gcc/nios2-elf/5.3.0/../../../../../H-x86_64-mingw32/nios2-elf/lib\libc.a(lib_a-putc.o)
 .bss           0x00000000000128b8        0x0 c:/intelfpga_lite/18.1/nios2eds/bin/gnu/h-x86_64-mingw32/bin/../lib/gcc/nios2-elf/5.3.0/../../../../../H-x86_64-mingw32/nios2-elf/lib\libc.a(lib_a-wbuf.o)
 .bss           0x00000000000128b8        0x0 c:/intelfpga_lite/18.1/nios2eds/bin/gnu/h-x86_64-mingw32/bin/../lib/gcc/nios2-elf/5.3.0/../../../../../H-x86_64-mingw32/nios2-elf/lib\libc.a(lib_a-__atexit.o)
 .bss           0x00000000000128b8        0x0 c:/intelfpga_lite/18.1/nios2eds/bin/gnu/h-x86_64-mingw32/bin/../lib/gcc/nios2-elf/5.3.0/../../../../../H-x86_64-mingw32/nios2-elf/lib\libc.a(lib_a-__call_atexit.o)
 .bss           0x00000000000128b8        0x0 ../RTOS_bsp/\libucosii_bsp.a(alt_exit.o)
 *(COMMON)
 COMMON         0x00000000000128b8     0x20c0 obj/default/hello_ucosii.o
                0x00000000000128b8                task1_stk
                0x0000000000013918                task2_stk
 COMMON         0x0000000000014978     0x3224 ../RTOS_bsp/\libucosii_bsp.a(os_core.o)
                0x0000000000014978                OSFlagTbl
                0x0000000000014ce8                OSMemTbl
                0x0000000000015918                OSTaskStatStk
                0x0000000000016118                OSQTbl
                0x00000000000162f8                OSTaskIdleStk
                0x0000000000016af8                OSEventTbl
                0x0000000000017638                OSTCBTbl
                0x0000000000017b48                OSTCBPrioTbl
 COMMON         0x0000000000017b9c      0x100 ../RTOS_bsp/\libucosii_bsp.a(alt_irq_handler.o)
                0x0000000000017b9c                alt_irq
                0x0000000000017c9c                . = ALIGN (0x4)
                0x0000000000017c9c                __bss_end = ABSOLUTE (.)

.new_sdram_controller_0
                0x0000000000017c9c        0x0
                [!provide]                        PROVIDE (_alt_partition_new_sdram_controller_0_start, ABSOLUTE (.))
 *(.new_sdram_controller_0 .new_sdram_controller_0. new_sdram_controller_0.*)
                0x0000000000017c9c                . = ALIGN (0x4)
                [!provide]                        PROVIDE (_alt_partition_new_sdram_controller_0_end, ABSOLUTE (.))
                0x0000000000017c9c                _end = ABSOLUTE (.)
                0x0000000000017c9c                end = ABSOLUTE (.)
                0x0000000000017c9c                __alt_stack_base = ABSOLUTE (.)
                [!provide]                        PROVIDE (_alt_partition_new_sdram_controller_0_load_addr, LOADADDR (.new_sdram_controller_0))

.onchip_memory2_0
                0x0000000004004000        0x0 load address 0x0000000000017c9c
                [!provide]                        PROVIDE (_alt_partition_onchip_memory2_0_start, ABSOLUTE (.))
 *(.onchip_memory2_0 .onchip_memory2_0. onchip_memory2_0.*)
                0x0000000004004000                . = ALIGN (0x4)
                [!provide]                        PROVIDE (_alt_partition_onchip_memory2_0_end, ABSOLUTE (.))
                [!provide]                        PROVIDE (_alt_partition_onchip_memory2_0_load_addr, LOADADDR (.onchip_memory2_0))

.stab
 *(.stab)

.stabstr
 *(.stabstr)

.stab.excl
 *(.stab.excl)

.stab.exclstr
 *(.stab.exclstr)

.stab.index
 *(.stab.index)

.stab.indexstr
 *(.stab.indexstr)

.comment        0x0000000000000000       0x23
 *(.comment)
 .comment       0x0000000000000000       0x23 obj/default/hello_ucosii.o
                                         0x24 (size before relaxing)
 .comment       0x0000000000000023       0x24 c:/intelfpga_lite/18.1/nios2eds/bin/gnu/h-x86_64-mingw32/bin/../lib/gcc/nios2-elf/5.3.0\libgcc.a(lib2-divmod.o)
 .comment       0x0000000000000023       0x24 c:/intelfpga_lite/18.1/nios2eds/bin/gnu/h-x86_64-mingw32/bin/../lib/gcc/nios2-elf/5.3.0/../../../../../H-x86_64-mingw32/nios2-elf/lib\libc.a(lib_a-puts.o)
 .comment       0x0000000000000023       0x24 c:/intelfpga_lite/18.1/nios2eds/bin/gnu/h-x86_64-mingw32/bin/../lib/gcc/nios2-elf/5.3.0/../../../../../H-x86_64-mingw32/nios2-elf/lib\libc.a(lib_a-strlen.o)
 .comment       0x0000000000000023       0x24 c:/intelfpga_lite/18.1/nios2eds/bin/gnu/h-x86_64-mingw32/bin/../lib/gcc/nios2-elf/5.3.0/../../../../../H-x86_64-mingw32/nios2-elf/lib\libc.a(lib_a-findfp.o)
 .comment       0x0000000000000023       0x24 c:/intelfpga_lite/18.1/nios2eds/bin/gnu/h-x86_64-mingw32/bin/../lib/gcc/nios2-elf/5.3.0/../../../../../H-x86_64-mingw32/nios2-elf/lib\libc.a(lib_a-fvwrite.o)
 .comment       0x0000000000000023       0x24 c:/intelfpga_lite/18.1/nios2eds/bin/gnu/h-x86_64-mingw32/bin/../lib/gcc/nios2-elf/5.3.0/../../../../../H-x86_64-mingw32/nios2-elf/lib\libc.a(lib_a-fwalk.o)
 .comment       0x0000000000000023       0x24 c:/intelfpga_lite/18.1/nios2eds/bin/gnu/h-x86_64-mingw32/bin/../lib/gcc/nios2-elf/5.3.0/../../../../../H-x86_64-mingw32/nios2-elf/lib\libc.a(lib_a-impure.o)
 .comment       0x0000000000000023       0x24 c:/intelfpga_lite/18.1/nios2eds/bin/gnu/h-x86_64-mingw32/bin/../lib/gcc/nios2-elf/5.3.0/../../../../../H-x86_64-mingw32/nios2-elf/lib\libc.a(lib_a-mallocr.o)
 .comment       0x0000000000000023       0x24 c:/intelfpga_lite/18.1/nios2eds/bin/gnu/h-x86_64-mingw32/bin/../lib/gcc/nios2-elf/5.3.0/../../../../../H-x86_64-mingw32/nios2-elf/lib\libc.a(lib_a-memchr.o)
 .comment       0x0000000000000023       0x24 c:/intelfpga_lite/18.1/nios2eds/bin/gnu/h-x86_64-mingw32/bin/../lib/gcc/nios2-elf/5.3.0/../../../../../H-x86_64-mingw32/nios2-elf/lib\libc.a(lib_a-memcpy.o)
 .comment       0x0000000000000023       0x24 c:/intelfpga_lite/18.1/nios2eds/bin/gnu/h-x86_64-mingw32/bin/../lib/gcc/nios2-elf/5.3.0/../../../../../H-x86_64-mingw32/nios2-elf/lib\libc.a(lib_a-memmove.o)
 .comment       0x0000000000000023       0x24 c:/intelfpga_lite/18.1/nios2eds/bin/gnu/h-x86_64-mingw32/bin/../lib/gcc/nios2-elf/5.3.0/../../../../../H-x86_64-mingw32/nios2-elf/lib\libc.a(lib_a-memset.o)
 .comment       0x0000000000000023       0x24 c:/intelfpga_lite/18.1/nios2eds/bin/gnu/h-x86_64-mingw32/bin/../lib/gcc/nios2-elf/5.3.0/../../../../../H-x86_64-mingw32/nios2-elf/lib\libc.a(lib_a-reallocr.o)
 .comment       0x0000000000000023       0x24 c:/intelfpga_lite/18.1/nios2eds/bin/gnu/h-x86_64-mingw32/bin/../lib/gcc/nios2-elf/5.3.0/../../../../../H-x86_64-mingw32/nios2-elf/lib\libc.a(lib_a-sbrkr.o)
 .comment       0x0000000000000023       0x24 c:/intelfpga_lite/18.1/nios2eds/bin/gnu/h-x86_64-mingw32/bin/../lib/gcc/nios2-elf/5.3.0/../../../../../H-x86_64-mingw32/nios2-elf/lib\libc.a(lib_a-stdio.o)
 .comment       0x0000000000000023       0x24 c:/intelfpga_lite/18.1/nios2eds/bin/gnu/h-x86_64-mingw32/bin/../lib/gcc/nios2-elf/5.3.0/../../../../../H-x86_64-mingw32/nios2-elf/lib\libc.a(lib_a-writer.o)
 .comment       0x0000000000000023       0x24 c:/intelfpga_lite/18.1/nios2eds/bin/gnu/h-x86_64-mingw32/bin/../lib/gcc/nios2-elf/5.3.0/../../../../../H-x86_64-mingw32/nios2-elf/lib\libc.a(lib_a-wsetup.o)
 .comment       0x0000000000000023       0x24 c:/intelfpga_lite/18.1/nios2eds/bin/gnu/h-x86_64-mingw32/bin/../lib/gcc/nios2-elf/5.3.0/../../../../../H-x86_64-mingw32/nios2-elf/lib\libc.a(closer.o)
 .comment       0x0000000000000023       0x24 c:/intelfpga_lite/18.1/nios2eds/bin/gnu/h-x86_64-mingw32/bin/../lib/gcc/nios2-elf/5.3.0/../../../../../H-x86_64-mingw32/nios2-elf/lib\libc.a(lib_a-fclose.o)
 .comment       0x0000000000000023       0x24 c:/intelfpga_lite/18.1/nios2eds/bin/gnu/h-x86_64-mingw32/bin/../lib/gcc/nios2-elf/5.3.0/../../../../../H-x86_64-mingw32/nios2-elf/lib\libc.a(lib_a-fflush.o)
 .comment       0x0000000000000023       0x24 c:/intelfpga_lite/18.1/nios2eds/bin/gnu/h-x86_64-mingw32/bin/../lib/gcc/nios2-elf/5.3.0/../../../../../H-x86_64-mingw32/nios2-elf/lib\libc.a(lib_a-freer.o)
 .comment       0x0000000000000023       0x24 c:/intelfpga_lite/18.1/nios2eds/bin/gnu/h-x86_64-mingw32/bin/../lib/gcc/nios2-elf/5.3.0/../../../../../H-x86_64-mingw32/nios2-elf/lib\libc.a(lib_a-int_errno.o)
 .comment       0x0000000000000023       0x24 c:/intelfpga_lite/18.1/nios2eds/bin/gnu/h-x86_64-mingw32/bin/../lib/gcc/nios2-elf/5.3.0/../../../../../H-x86_64-mingw32/nios2-elf/lib\libc.a(lib_a-lseekr.o)
 .comment       0x0000000000000023       0x24 c:/intelfpga_lite/18.1/nios2eds/bin/gnu/h-x86_64-mingw32/bin/../lib/gcc/nios2-elf/5.3.0/../../../../../H-x86_64-mingw32/nios2-elf/lib\libc.a(lib_a-makebuf.o)
 .comment       0x0000000000000023       0x24 c:/intelfpga_lite/18.1/nios2eds/bin/gnu/h-x86_64-mingw32/bin/../lib/gcc/nios2-elf/5.3.0/../../../../../H-x86_64-mingw32/nios2-elf/lib\libc.a(lib_a-readr.o)
 .comment       0x0000000000000023       0x24 c:/intelfpga_lite/18.1/nios2eds/bin/gnu/h-x86_64-mingw32/bin/../lib/gcc/nios2-elf/5.3.0/../../../../../H-x86_64-mingw32/nios2-elf/lib\libc.a(lib_a-fstatr.o)
 .comment       0x0000000000000023       0x24 c:/intelfpga_lite/18.1/nios2eds/bin/gnu/h-x86_64-mingw32/bin/../lib/gcc/nios2-elf/5.3.0/../../../../../H-x86_64-mingw32/nios2-elf/lib\libc.a(lib_a-isattyr.o)
 .comment       0x0000000000000023       0x24 ../RTOS_bsp/\libucosii_bsp.a(alt_close.o)