Archive member included to satisfy reference by file (symbol)

../Lab3_Dram_bsp/\libhal_bsp.a(alt_load.o)
                              ../Lab3_Dram_bsp//obj/HAL/src/crt0.o (alt_load)
../Lab3_Dram_bsp/\libhal_bsp.a(alt_main.o)
                              ../Lab3_Dram_bsp//obj/HAL/src/crt0.o (alt_main)
../Lab3_Dram_bsp/\libhal_bsp.a(alt_putstr.o)
                              obj/default/hello_world_small.o (alt_putstr)
../Lab3_Dram_bsp/\libhal_bsp.a(alt_sys_init.o)
                              ../Lab3_Dram_bsp/\libhal_bsp.a(alt_main.o) (alt_irq_init)
../Lab3_Dram_bsp/\libhal_bsp.a(altera_avalon_jtag_uart_write.o)
                              ../Lab3_Dram_bsp/\libhal_bsp.a(alt_putstr.o) (altera_avalon_jtag_uart_write)
../Lab3_Dram_bsp/\libhal_bsp.a(alt_dcache_flush_all.o)
                              ../Lab3_Dram_bsp/\libhal_bsp.a(alt_load.o) (alt_dcache_flush_all)
../Lab3_Dram_bsp/\libhal_bsp.a(alt_icache_flush_all.o)
                              ../Lab3_Dram_bsp/\libhal_bsp.a(alt_load.o) (alt_icache_flush_all)
../Lab3_Dram_bsp/\libhal_bsp.a(altera_nios2_gen2_irq.o)
                              ../Lab3_Dram_bsp/\libhal_bsp.a(alt_sys_init.o) (altera_nios2_gen2_irq_init)
c:/intelfpga_lite/18.1/nios2eds/bin/gnu/h-x86_64-mingw32/bin/../lib/gcc/nios2-elf/5.3.0/../../../../../H-x86_64-mingw32/nios2-elf/lib/mno-hw-mul\libsmallc.a(lib_a-strlen.o)
                              ../Lab3_Dram_bsp/\libhal_bsp.a(alt_putstr.o) (strlen)

Memory Configuration

Name             Origin             Length             Attributes
new_sdram_controller_0 0x00000000006ed91a 0x0000000002000000
reset            0x0000000004004000 0x0000000000000020
onchip_memory2_0 0x0000000004004020 0x0000000000003fe0
*default*        0x0000000000000000 0xffffffffffffffff

Linker script and memory map

LOAD ../Lab3_Dram_bsp//obj/HAL/src/crt0.o
LOAD obj/default/hello_world_small.o
LOAD c:/intelfpga_lite/18.1/nios2eds/bin/gnu/h-x86_64-mingw32/bin/../lib/gcc/nios2-elf/5.3.0/../../../../../H-x86_64-mingw32/nios2-elf/lib/mno-hw-mul\libstdc++.a
LOAD c:/intelfpga_lite/18.1/nios2eds/bin/gnu/h-x86_64-mingw32/bin/../lib/gcc/nios2-elf/5.3.0/../../../../../H-x86_64-mingw32/nios2-elf/lib/mno-hw-mul\libm.a
LOAD c:/intelfpga_lite/18.1/nios2eds/bin/gnu/h-x86_64-mingw32/bin/../lib/gcc/nios2-elf/5.3.0/mno-hw-mul\libgcc.a
START GROUP
LOAD c:/intelfpga_lite/18.1/nios2eds/bin/gnu/h-x86_64-mingw32/bin/../lib/gcc/nios2-elf/5.3.0/../../../../../H-x86_64-mingw32/nios2-elf/lib/mno-hw-mul\libsmallc.a
LOAD c:/intelfpga_lite/18.1/nios2eds/bin/gnu/h-x86_64-mingw32/bin/../lib/gcc/nios2-elf/5.3.0/mno-hw-mul\libgcc.a
LOAD ../Lab3_Dram_bsp/\libhal_bsp.a
LOAD c:/intelfpga_lite/18.1/nios2eds/bin/gnu/h-x86_64-mingw32/bin/../lib/gcc/nios2-elf/5.3.0/../../../../../H-x86_64-mingw32/nios2-elf/lib/mno-hw-mul\libm.a
END GROUP
LOAD c:/intelfpga_lite/18.1/nios2eds/bin/gnu/h-x86_64-mingw32/bin/../lib/gcc/nios2-elf/5.3.0/mno-hw-mul\libgcc.a
                0x0000000000000000                __alt_mem_new_sdram_controller_0 = 0x0
                0x0000000004004000                __alt_mem_onchip_memory2_0 = 0x4004000

.entry          0x0000000004004000       0x20
 *(.entry)
 .entry         0x0000000004004000       0x20 ../Lab3_Dram_bsp//obj/HAL/src/crt0.o
                0x0000000004004000                __reset
                0x000000000400400c                _exit

.exceptions     0x0000000004004020        0x0 load address 0x00000000006ed91a
                0x0000000004004020                PROVIDE (__ram_exceptions_start, ABSOLUTE (.))
                0x0000000004004020                . = ALIGN (0x20)
 *(.irq)
 *(.exceptions.entry.label)
 *(.exceptions.entry.user)
 *(.exceptions.entry.ecc_fatal)
 *(.exceptions.entry)
 *(.exceptions.irqtest.user)
 *(.exceptions.irqtest)
 *(.exceptions.irqhandler.user)
 *(.exceptions.irqhandler)
 *(.exceptions.irqreturn.user)
 *(.exceptions.irqreturn)
 *(.exceptions.notirq.label)
 *(.exceptions.notirq.user)
 *(.exceptions.notirq)
 *(.exceptions.soft.user)
 *(.exceptions.soft)
 *(.exceptions.unknown.user)
 *(.exceptions.unknown)
 *(.exceptions.exit.label)
 *(.exceptions.exit.user)
 *(.exceptions.exit)
 *(.exceptions)
                0x0000000004004020                PROVIDE (__ram_exceptions_end, ABSOLUTE (.))
                0x00000000006ed91a                PROVIDE (__flash_exceptions_start, LOADADDR (.exceptions))

.text           0x00000000006ed91a      0x272
                [!provide]                        PROVIDE (stext, ABSOLUTE (.))
 *(.interp)
 *(.hash)
 *(.dynsym)
 *(.dynstr)
 *(.gnu.version)
 *(.gnu.version_d)
 *(.gnu.version_r)
 *(.rel.init)
 *(.rela.init)
 *(.rel.text .rel.text.* .rel.gnu.linkonce.t.*)
 *(.rela.text .rela.text.* .rela.gnu.linkonce.t.*)
 *(.rel.fini)
 *(.rela.fini)
 *(.rel.rodata .rel.rodata.* .rel.gnu.linkonce.r.*)
 *(.rela.rodata .rela.rodata.* .rela.gnu.linkonce.r.*)
 *(.rel.data .rel.data.* .rel.gnu.linkonce.d.*)
 *(.rela.data .rela.data.* .rela.gnu.linkonce.d.*)
 *(.rel.tdata .rel.tdata.* .rel.gnu.linkonce.td.*)
 *(.rela.tdata .rela.tdata.* .rela.gnu.linkonce.td.*)
 *(.rel.tbss .rel.tbss.* .rel.gnu.linkonce.tb.*)
 *(.rela.tbss .rela.tbss.* .rela.gnu.linkonce.tb.*)
 *(.rel.ctors)
 *(.rela.ctors)
 *(.rel.dtors)
 *(.rela.dtors)
 *(.rel.got)
 *(.rela.got)
 *(.rel.sdata .rel.sdata.* .rel.gnu.linkonce.s.*)
 *(.rela.sdata .rela.sdata.* .rela.gnu.linkonce.s.*)
 *(.rel.sbss .rel.sbss.* .rel.gnu.linkonce.sb.*)
 *(.rela.sbss .rela.sbss.* .rela.gnu.linkonce.sb.*)
 *(.rel.sdata2 .rel.sdata2.* .rel.gnu.linkonce.s2.*)
 *(.rela.sdata2 .rela.sdata2.* .rela.gnu.linkonce.s2.*)
 *(.rel.sbss2 .rel.sbss2.* .rel.gnu.linkonce.sb2.*)
 *(.rela.sbss2 .rela.sbss2.* .rela.gnu.linkonce.sb2.*)
 *(.rel.bss .rel.bss.* .rel.gnu.linkonce.b.*)
 *(.rela.bss .rela.bss.* .rela.gnu.linkonce.b.*)
 *(.rel.plt)
 *(.rela.plt)
 *(.rel.dyn)
 *(.init)
 *(.plt)
 *(.text .stub .text.* .gnu.linkonce.t.*)
 *fill*         0x00000000006ed91a        0x2 3a880100
 .text          0x00000000006ed91c       0x3c ../Lab3_Dram_bsp//obj/HAL/src/crt0.o
                0x00000000006ed91c                _start
 .text          0x00000000006ed958        0x0 obj/default/hello_world_small.o
 .text.startup  0x00000000006ed958       0x6c obj/default/hello_world_small.o
                0x00000000006ed958                main
 .text          0x00000000006ed9c4       0xe0 ../Lab3_Dram_bsp/\libhal_bsp.a(alt_load.o)
                0x00000000006ed9c4                alt_load
 .text          0x00000000006edaa4       0x2c ../Lab3_Dram_bsp/\libhal_bsp.a(alt_main.o)
                0x00000000006edaa4                alt_main
 .text          0x00000000006edad0       0x38 ../Lab3_Dram_bsp/\libhal_bsp.a(alt_putstr.o)
                0x00000000006edad0                alt_putstr
 .text          0x00000000006edb08       0x24 ../Lab3_Dram_bsp/\libhal_bsp.a(alt_sys_init.o)
                0x00000000006edb08                alt_irq_init
                0x00000000006edb28                alt_sys_init
 .text          0x00000000006edb2c       0x34 ../Lab3_Dram_bsp/\libhal_bsp.a(altera_avalon_jtag_uart_write.o)
                0x00000000006edb2c                altera_avalon_jtag_uart_write
 .text          0x00000000006edb60        0x4 ../Lab3_Dram_bsp/\libhal_bsp.a(alt_dcache_flush_all.o)
                0x00000000006edb60                alt_dcache_flush_all
 .text          0x00000000006edb64        0x4 ../Lab3_Dram_bsp/\libhal_bsp.a(alt_icache_flush_all.o)
                0x00000000006edb64                alt_icache_flush_all
 .text          0x00000000006edb68        0x8 ../Lab3_Dram_bsp/\libhal_bsp.a(altera_nios2_gen2_irq.o)
                0x00000000006edb68                altera_nios2_gen2_irq_init
 .text          0x00000000006edb70        0x0 c:/intelfpga_lite/18.1/nios2eds/bin/gnu/h-x86_64-mingw32/bin/../lib/gcc/nios2-elf/5.3.0/../../../../../H-x86_64-mingw32/nios2-elf/lib/mno-hw-mul\libsmallc.a(lib_a-strlen.o)
 .text.strlen   0x00000000006edb70       0x1c c:/intelfpga_lite/18.1/nios2eds/bin/gnu/h-x86_64-mingw32/bin/../lib/gcc/nios2-elf/5.3.0/../../../../../H-x86_64-mingw32/nios2-elf/lib/mno-hw-mul\libsmallc.a(lib_a-strlen.o)
                0x00000000006edb70                strlen
 *(.gnu.warning.*)
 *(.fini)
                [!provide]                        PROVIDE (__etext, ABSOLUTE (.))
                [!provide]                        PROVIDE (_etext, ABSOLUTE (.))
                [!provide]                        PROVIDE (etext, ABSOLUTE (.))
 *(.eh_frame_hdr)
                0x00000000006edb8c                . = ALIGN (0x4)
                [!provide]                        PROVIDE (__preinit_array_start, ABSOLUTE (.))
 *(.preinit_array)
                [!provide]                        PROVIDE (__preinit_array_end, ABSOLUTE (.))
                [!provide]                        PROVIDE (__init_array_start, ABSOLUTE (.))
 *(.init_array)
                [!provide]                        PROVIDE (__init_array_end, ABSOLUTE (.))
                [!provide]                        PROVIDE (__fini_array_start, ABSOLUTE (.))
 *(.fini_array)
                [!provide]                        PROVIDE (__fini_array_end, ABSOLUTE (.))
 *(.eh_frame)
 *(.gcc_except_table .gcc_except_table.*)
 *(.dynamic)
                [!provide]                        PROVIDE (__CTOR_LIST__, ABSOLUTE (.))
 *(.ctors)
 *(SORT(.ctors.*))
                [!provide]                        PROVIDE (__CTOR_END__, ABSOLUTE (.))
                [!provide]                        PROVIDE (__DTOR_LIST__, ABSOLUTE (.))
 *(.dtors)
 *(SORT(.dtors.*))
                [!provide]                        PROVIDE (__DTOR_END__, ABSOLUTE (.))
 *(.jcr)
                0x00000000006edb8c                . = ALIGN (0x4)

.rodata         0x00000000006edb8c        0xc
                0x00000000006edb8c                PROVIDE (__ram_rodata_start, ABSOLUTE (.))
                0x00000000006edb8c                . = ALIGN (0x4)
 *(.rodata .rodata.* .gnu.linkonce.r.*)
 .rodata.str1.4
                0x00000000006edb8c        0xc obj/default/hello_world_small.o
 *(.rodata1)
                0x00000000006edb98                . = ALIGN (0x4)
                0x00000000006edb98                PROVIDE (__ram_rodata_end, ABSOLUTE (.))
                0x00000000006edb8c                PROVIDE (__flash_rodata_start, LOADADDR (.rodata))

.rwdata         0x00000000006edb98        0x4 load address 0x00000000006edb9c
                0x00000000006edb98                PROVIDE (__ram_rwdata_start, ABSOLUTE (.))
                0x00000000006edb98                . = ALIGN (0x4)
 *(.got.plt)
 *(.got)
 *(.data1)
 *(.data .data.* .gnu.linkonce.d.*)
 .data          0x00000000006edb98        0x0 ../Lab3_Dram_bsp//obj/HAL/src/crt0.o
 .data          0x00000000006edb98        0x0 obj/default/hello_world_small.o
 .data          0x00000000006edb98        0x0 ../Lab3_Dram_bsp/\libhal_bsp.a(alt_load.o)
 .data          0x00000000006edb98        0x0 ../Lab3_Dram_bsp/\libhal_bsp.a(alt_main.o)
 .data          0x00000000006edb98        0x0 ../Lab3_Dram_bsp/\libhal_bsp.a(alt_putstr.o)
 .data          0x00000000006edb98        0x0 ../Lab3_Dram_bsp/\libhal_bsp.a(alt_sys_init.o)
 .data          0x00000000006edb98        0x0 ../Lab3_Dram_bsp/\libhal_bsp.a(altera_avalon_jtag_uart_write.o)
 .data          0x00000000006edb98        0x0 ../Lab3_Dram_bsp/\libhal_bsp.a(alt_dcache_flush_all.o)
 .data          0x00000000006edb98        0x0 ../Lab3_Dram_bsp/\libhal_bsp.a(alt_icache_flush_all.o)
 .data          0x00000000006edb98        0x0 ../Lab3_Dram_bsp/\libhal_bsp.a(altera_nios2_gen2_irq.o)
 .data          0x00000000006edb98        0x0 c:/intelfpga_lite/18.1/nios2eds/bin/gnu/h-x86_64-mingw32/bin/../lib/gcc/nios2-elf/5.3.0/../../../../../H-x86_64-mingw32/nios2-elf/lib/mno-hw-mul\libsmallc.a(lib_a-strlen.o)
                0x00000000006f5b98                _gp = ABSOLUTE ((. + 0x8000))
                [!provide]                        PROVIDE (gp, _gp)
 *(.rwdata .rwdata.*)
 *(.sdata .sdata.* .gnu.linkonce.s.*)
 .sdata         0x00000000006edb98        0x4 ../Lab3_Dram_bsp/\libhal_bsp.a(alt_sys_init.o)
                0x00000000006edb98                jtag_uart_0
 *(.sdata2 .sdata2.* .gnu.linkonce.s2.*)
                0x00000000006edb9c                . = ALIGN (0x4)
                0x00000000006edb9c                _edata = ABSOLUTE (.)
                [!provide]                        PROVIDE (edata, ABSOLUTE (.))
                0x00000000006edb9c                PROVIDE (__ram_rwdata_end, ABSOLUTE (.))
                0x00000000006edb9c                PROVIDE (__flash_rwdata_start, LOADADDR (.rwdata))

.bss            0x00000000006edba0       0x10
                0x00000000006edba0                __bss_start = ABSOLUTE (.)
                [!provide]                        PROVIDE (__sbss_start, ABSOLUTE (.))
                [!provide]                        PROVIDE (___sbss_start, ABSOLUTE (.))
 *(.dynsbss)
 *(.sbss .sbss.* .gnu.linkonce.sb.*)
 .sbss          0x00000000006edba0        0x4 obj/default/hello_world_small.o
                0x00000000006edba0                dram_address
 .sbss          0x00000000006edba4        0xc ../Lab3_Dram_bsp/\libhal_bsp.a(alt_main.o)
                0x00000000006edba4                alt_envp
                0x00000000006edba8                alt_argv
                0x00000000006edbac                alt_argc
 *(.sbss2 .sbss2.* .gnu.linkonce.sb2.*)
 *(.scommon)
                [!provide]                        PROVIDE (__sbss_end, ABSOLUTE (.))
                [!provide]                        PROVIDE (___sbss_end, ABSOLUTE (.))
 *(.dynbss)
 *(.bss .bss.* .gnu.linkonce.b.*)
 .bss           0x00000000006edbb0        0x0 ../Lab3_Dram_bsp//obj/HAL/src/crt0.o
 .bss           0x00000000006edbb0        0x0 obj/default/hello_world_small.o
 .bss           0x00000000006edbb0        0x0 ../Lab3_Dram_bsp/\libhal_bsp.a(alt_load.o)
 .bss           0x00000000006edbb0        0x0 ../Lab3_Dram_bsp/\libhal_bsp.a(alt_main.o)
 .bss           0x00000000006edbb0        0x0 ../Lab3_Dram_bsp/\libhal_bsp.a(alt_putstr.o)
 .bss           0x00000000006edbb0        0x0 ../Lab3_Dram_bsp/\libhal_bsp.a(alt_sys_init.o)
 .bss           0x00000000006edbb0        0x0 ../Lab3_Dram_bsp/\libhal_bsp.a(altera_avalon_jtag_uart_write.o)
 .bss           0x00000000006edbb0        0x0 ../Lab3_Dram_bsp/\libhal_bsp.a(alt_dcache_flush_all.o)
 .bss           0x00000000006edbb0        0x0 ../Lab3_Dram_bsp/\libhal_bsp.a(alt_icache_flush_all.o)
 .bss           0x00000000006edbb0        0x0 ../Lab3_Dram_bsp/\libhal_bsp.a(altera_nios2_gen2_irq.o)
 .bss           0x00000000006edbb0        0x0 c:/intelfpga_lite/18.1/nios2eds/bin/gnu/h-x86_64-mingw32/bin/../lib/gcc/nios2-elf/5.3.0/../../../../../H-x86_64-mingw32/nios2-elf/lib/mno-hw-mul\libsmallc.a(lib_a-strlen.o)
 *(COMMON)
                0x00000000006edbb0                . = ALIGN (0x4)
                0x00000000006edbb0                __bss_end = ABSOLUTE (.)

.new_sdram_controller_0
                0x00000000006edbb0        0x0
                [!provide]                        PROVIDE (_alt_partition_new_sdram_controller_0_start, ABSOLUTE (.))
 *(.new_sdram_controller_0 .new_sdram_controller_0. new_sdram_controller_0.*)
                0x00000000006edbb0                . = ALIGN (0x4)
                [!provide]                        PROVIDE (_alt_partition_new_sdram_controller_0_end, ABSOLUTE (.))
                0x00000000006edbb0                _end = ABSOLUTE (.)
                0x00000000006edbb0                end = ABSOLUTE (.)
                0x00000000006edbb0                __alt_stack_base = ABSOLUTE (.)
                [!provide]                        PROVIDE (_alt_partition_new_sdram_controller_0_load_addr, LOADADDR (.new_sdram_controller_0))

.onchip_memory2_0
                0x0000000004004020        0x0 load address 0x00000000006edbb0
                [!provide]                        PROVIDE (_alt_partition_onchip_memory2_0_start, ABSOLUTE (.))
 *(.onchip_memory2_0 .onchip_memory2_0. onchip_memory2_0.*)
                0x0000000004004020                . = ALIGN (0x4)
                [!provide]                        PROVIDE (_alt_partition_onchip_memory2_0_end, ABSOLUTE (.))
                [!provide]                        PROVIDE (_alt_partition_onchip_memory2_0_load_addr, LOADADDR (.onchip_memory2_0))

.stab
 *(.stab)

.stabstr
 *(.stabstr)

.stab.excl
 *(.stab.excl)

.stab.exclstr
 *(.stab.exclstr)

.stab.index
 *(.stab.index)

.stab.indexstr
 *(.stab.indexstr)

.comment        0x0000000000000000       0x23
 *(.comment)
 .comment       0x0000000000000000       0x23 obj/default/hello_world_small.o
                                         0x24 (size before relaxing)
 .comment       0x0000000000000023       0x24 ../Lab3_Dram_bsp/\libhal_bsp.a(alt_load.o)
 .comment       0x0000000000000023       0x24 ../Lab3_Dram_bsp/\libhal_bsp.a(alt_main.o)
 .comment       0x0000000000000023       0x24 ../Lab3_Dram_bsp/\libhal_bsp.a(alt_putstr.o)
 .comment       0x0000000000000023       0x24 ../Lab3_Dram_bsp/\libhal_bsp.a(alt_sys_init.o)
 .comment       0x0000000000000023       0x24 ../Lab3_Dram_bsp/\libhal_bsp.a(altera_avalon_jtag_uart_write.o)
 .comment       0x0000000000000023       0x24 ../Lab3_Dram_bsp/\libhal_bsp.a(alt_dcache_flush_all.o)
 .comment       0x0000000000000023       0x24 ../Lab3_Dram_bsp/\libhal_bsp.a(alt_icache_flush_all.o)
 .comment       0x0000000000000023       0x24 ../Lab3_Dram_bsp/\libhal_bsp.a(altera_nios2_gen2_irq.o)
 .comment       0x0000000000000023       0x24 c:/intelfpga_lite/18.1/nios2eds/bin/gnu/h-x86_64-mingw32/bin/../lib/gcc/nios2-elf/5.3.0/../../../../../H-x86_64-mingw32/nios2-elf/lib/mno-hw-mul\libsmallc.a(lib_a-strlen.o)

.debug
 *(.debug)

.line
 *(.line)

.debug_srcinfo
 *(.debug_srcinfo)

.debug_sfnames
 *(.debug_sfnames)

.debug_aranges  0x0000000000000000      0x168
 *(.debug_aranges)
 .debug_aranges
                0x0000000000000000       0x28 ../Lab3_Dram_bsp//obj/HAL/src/crt0.o
 .debug_aranges
                0x0000000000000028       0x20 obj/default/hello_world_small.o
 .debug_aranges
                0x0000000000000048       0x20 ../Lab3_Dram_bsp/\libhal_bsp.a(alt_load.o)
 .debug_aranges
                0x0000000000000068       0x20 ../Lab3_Dram_bsp/\libhal_bsp.a(alt_main.o)
 .debug_aranges
                0x0000000000000088       0x20 ../Lab3_Dram_bsp/\libhal_bsp.a(alt_putstr.o)
 .debug_aranges
                0x00000000000000a8       0x20 ../Lab3_Dram_bsp/\libhal_bsp.a(alt_sys_init.o)
 .debug_aranges
                0x00000000000000c8       0x20 ../Lab3_Dram_bsp/\libhal_bsp.a(altera_avalon_jtag_uart_write.o)
 .debug_aranges
                0x00000000000000e8       0x20 ../Lab3_Dram_bsp/\libhal_bsp.a(alt_dcache_flush_all.o)
 .debug_aranges
                0x0000000000000108       0x20 ../Lab3_Dram_bsp/\libhal_bsp.a(alt_icache_flush_all.o)
 .debug_aranges
                0x0000000000000128       0x20 ../Lab3_Dram_bsp/\libhal_bsp.a(altera_nios2_gen2_irq.o)
 .debug_aranges
                0x0000000000000148       0x20 c:/intelfpga_lite/18.1/nios2eds/bin/gnu/h-x86_64-mingw32/bin/../lib/gcc/nios2-elf/5.3.0/../../../../../H-x86_64-mingw32/nios2-elf/lib/mno-hw-mul\libsmallc.a(lib_a-strlen.o)

.debug_pubnames
 *(.debug_pubnames)

.debug_info     0x0000000000000000      0xb6a
 *(.debug_info .gnu.linkonce.wi.*)
 .debug_info    0x0000000000000000       0x6a ../Lab3_Dram_bsp//obj/HAL/src/crt0.o
 .debug_info    0x000000000000006a       0xf9 obj/default/hello_world_small.o
 .debug_info    0x0000000000000163      0x1c9 ../Lab3_Dram_bsp/\libhal_bsp.a(alt_load.o)
 .debug_info    0x000000000000032c      0x169 ../Lab3_Dram_bsp/\libhal_bsp.a(alt_main.o)
 .debug_info    0x0000000000000495      0x13a ../Lab3_Dram_bsp/\libhal_bsp.a(alt_putstr.o)
 .debug_info    0x00000000000005cf      0x185 ../Lab3_Dram_bsp/\libhal_bsp.a(alt_sys_init.o)
 .debug_info    0x0000000000000754      0x197 ../Lab3_Dram_bsp/\libhal_bsp.a(altera_avalon_jtag_uart_write.o)
 .debug_info    0x00000000000008eb       0x92 ../Lab3_Dram_bsp/\libhal_bsp.a(alt_dcache_flush_all.o)
 .debug_info    0x000000000000097d       0x92 ../Lab3_Dram_bsp/\libhal_bsp.a(alt_icache_flush_all.o)
 .debug_info    0x0000000000000a0f       0x92 ../Lab3_Dram_bsp/\libhal_bsp.a(altera_nios2_gen2_irq.o)
 .debug_info    0x0000000000000aa1       0xc9 c:/intelfpga_lite/18.1/nios2eds/bin/gnu/h-x86_64-mingw32/bin/../lib/gcc/nios2-elf/5.3.0/../../../../../H-x86_64-mingw32/nios2-elf/lib/mno-hw-mul\libsmallc.a(lib_a-strlen.o)

.debug_abbrev   0x0000000000000000      0x681
 *(.debug_abbrev)
 .debug_abbrev  0x0000000000000000       0x12 ../Lab3_Dram_bsp//obj/HAL/src/crt0.o
 .debug_abbrev  0x0000000000000012       0xb5 obj/default/hello_world_small.o
 .debug_abbrev  0x00000000000000c7       0xd8 ../Lab3_Dram_bsp/\libhal_bsp.a(alt_load.o)
 .debug_abbrev  0x000000000000019f       0xee ../Lab3_Dram_bsp/\libhal_bsp.a(alt_main.o)
 .debug_abbrev  0x000000000000028d       0xd3 ../Lab3_Dram_bsp/\libhal_bsp.a(alt_putstr.o)
 .debug_abbrev  0x0000000000000360      0x107 ../Lab3_Dram_bsp/\libhal_bsp.a(alt_sys_init.o)
 .debug_abbrev  0x0000000000000467       0xd5 ../Lab3_Dram_bsp/\libhal_bsp.a(altera_avalon_jtag_uart_write.o)
 .debug_abbrev  0x000000000000053c       0x42 ../Lab3_Dram_bsp/\libhal_bsp.a(alt_dcache_flush_all.o)
 .debug_abbrev  0x000000000000057e       0x42 ../Lab3_Dram_bsp/\libhal_bsp.a(alt_icache_flush_all.o)
 .debug_abbrev  0x00000000000005c0       0x42 ../Lab3_Dram_bsp/\libhal_bsp.a(altera_nios2_gen2_irq.o)
 .debug_abbrev  0x0000000000000602       0x7f c:/intelfpga_lite/18.1/nios2eds/bin/gnu/h-x86_64-mingw32/bin/../lib/gcc/nios2-elf/5.3.0/../../../../../H-x86_64-mingw32/nios2-elf/lib/mno-hw-mul\libsmallc.a(lib_a-strlen.o)

.debug_line     0x0000000000000000      0x747
 *(.debug_line)
 .debug_line    0x0000000000000000       0x66 ../Lab3_Dram_bsp//obj/HAL/src/crt0.o
 .debug_line    0x0000000000000066       0xa7 obj/default/hello_world_small.o
 .debug_line    0x000000000000010d       0xa4 ../Lab3_Dram_bsp/\libhal_bsp.a(alt_load.o)
 .debug_line    0x00000000000001b1       0xbd ../Lab3_Dram_bsp/\libhal_bsp.a(alt_main.o)
 .debug_line    0x000000000000026e       0xa0 ../Lab3_Dram_bsp/\libhal_bsp.a(alt_putstr.o)
 .debug_line    0x000000000000030e      0x101 ../Lab3_Dram_bsp/\libhal_bsp.a(alt_sys_init.o)
 .debug_line    0x000000000000040f       0xf0 ../Lab3_Dram_bsp/\libhal_bsp.a(altera_avalon_jtag_uart_write.o)
 .debug_line    0x00000000000004ff       0x4e ../Lab3_Dram_bsp/\libhal_bsp.a(alt_dcache_flush_all.o)
 .debug_line    0x000000000000054d       0x4e ../Lab3_Dram_bsp/\libhal_bsp.a(alt_icache_flush_all.o)
 .debug_line    0x000000000000059b       0x50 ../Lab3_Dram_bsp/\libhal_bsp.a(altera_nios2_gen2_irq.o)
 .debug_line    0x00000000000005eb      0x15c c:/intelfpga_lite/18.1/nios2eds/bin/gnu/h-x86_64-mingw32/bin/../lib/gcc/nios2-elf/5.3.0/../../../../../H-x86_64-mingw32/nios2-elf/lib/mno-hw-mul\libsmallc.a(lib_a-strlen.o)

.debug_frame    0x0000000000000000      0x19c
 *(.debug_frame)
 .debug_frame   0x0000000000000000       0x34 obj/default/hello_world_small.o
 .debug_frame   0x0000000000000034       0x30 ../Lab3_Dram_bsp/\libhal_bsp.a(alt_load.o)
 .debug_frame   0x0000000000000064       0x2c ../Lab3_Dram_bsp/\libhal_bsp.a(alt_main.o)
 .debug_frame   0x0000000000000090       0x30 ../Lab3_Dram_bsp/\libhal_bsp.a(alt_putstr.o)
 .debug_frame   0x00000000000000c0       0x3c ../Lab3_Dram_bsp/\libhal_bsp.a(alt_sys_init.o)
 .debug_frame   0x00000000000000fc       0x20 ../Lab3_Dram_bsp/\libhal_bsp.a(altera_avalon_jtag_uart_write.o)
 .debug_frame   0x000000000000011c       0x20 ../Lab3_Dram_bsp/\libhal_bsp.a(alt_dcache_flush_all.o)
 .debug_frame   0x000000000000013c       0x20 ../Lab3_Dram_bsp/\libhal_bsp.a(alt_icache_flush_all.o)
 .debug_frame   0x000000000000015c       0x20 ../Lab3_Dram_bsp/\libhal_bsp.a(altera_nios2_gen2_irq.o)
 .debug_frame   0x000000000000017c       0x20 c:/intelfpga_lite/18.1/nios2eds/bin/gnu/h-x86_64-mingw32/bin/../lib/gcc/nios2-elf/5.3.0/../../../../../H-x86_64-mingw32/nios2-elf/lib/mno-hw-mul\libsmallc.a(lib_a-strlen.o)

.debug_str      0x0000000000000000      0x5c8
 *(.debug_str)
 .debug_str     0x0000000000000000      0x117 obj/default/hello_world_small.o
                                        0x143 (size before relaxing)
 .debug_str     0x0000000000000117      0x166 ../Lab3_Dram_bsp/\libhal_bsp.a(alt_load.o)
                                        0x238 (size before relaxing)
 .debug_str     0x000000000000027d       0x8f ../Lab3_Dram_bsp/\libhal_bsp.a(alt_main.o)
                                        0x1b1 (size before relaxing)
 .debug_str     0x000000000000030c       0x66 ../Lab3_Dram_bsp/\libhal_bsp.a(alt_putstr.o)
                                        0x18e (size before relaxing)
 .debug_str     0x0000000000000372       0x86 ../Lab3_Dram_bsp/\libhal_bsp.a(alt_sys_init.o)
                                        0x222 (size before relaxing)
 .debug_str     0x00000000000003f8       0x38 ../Lab3_Dram_bsp/\libhal_bsp.a(altera_avalon_jtag_uart_write.o)
                                        0x211 (size before relaxing)
 .debug_str     0x0000000000000430       0x1f ../Lab3_Dram_bsp/\libhal_bsp.a(alt_dcache_flush_all.o)
                                        0x151 (size before relaxing)
 .debug_str     0x000000000000044f       0x1f ../Lab3_Dram_bsp/\libhal_bsp.a(alt_icache_flush_all.o)
                                        0x151 (size before relaxing)
 .debug_str     0x000000000000046e       0x20 ../Lab3_Dram_bsp/\libhal_bsp.a(altera_nios2_gen2_irq.o)
                                        0x158 (size before relaxing)
 .debug_str     0x000000000000048e      0x13a c:/intelfpga_lite/18.1/nios2eds/bin/gnu/h-x86_64-mingw32/bin/../lib/gcc/nios2-elf/5.3.0/../../../../../H-x86_64-mingw32/nios2-elf/lib/mno-hw-mul\libsmallc.a(lib_a-strlen.o)
                                        0x1e5 (size before relaxing)

.debug_loc      0x0000000000000000      0x14a
 *(.debug_loc)
 .debug_loc     0x0000000000000000       0x49 obj/default/hello_world_small.o
 .debug_loc     0x0000000000000049       0x37 ../Lab3_Dram_bsp/\libhal_bsp.a(alt_putstr.o)
 .debug_loc     0x0000000000000080       0x21 ../Lab3_Dram_bsp/\libhal_bsp.a(alt_sys_init.o)
 .debug_loc     0x00000000000000a1       0x8b ../Lab3_Dram_bsp/\libhal_bsp.a(altera_avalon_jtag_uart_write.o)
 .debug_loc     0x000000000000012c       0x1e c:/intelfpga_lite/18.1/nios2eds/bin/gnu/h-x86_64-mingw32/bin/../lib/gcc/nios2-elf/5.3.0/../../../../../H-x86_64-mingw32/nios2-elf/lib/mno-hw-mul\libsmallc.a(lib_a-strlen.o)

.debug_macinfo
 *(.debug_macinfo)

.debug_weaknames
 *(.debug_weaknames)

.debug_funcnames
 *(.debug_funcnames)

.debug_typenames
 *(.debug_typenames)

.debug_varnames
 *(.debug_varnames)

.debug_alt_sim_info
                0x0000000000000000       0x10
 *(.debug_alt_sim_info)
 .debug_alt_sim_info
                0x0000000000000000       0x10 ../Lab3_Dram_bsp//obj/HAL/src/crt0.o
                0x00000000026ed918                __alt_data_end = 0x26ed918
                0x00000000026ed918                PROVIDE (__alt_stack_pointer, __alt_data_end)
                [!provide]                        PROVIDE (__alt_stack_limit, __alt_stack_base)
                [!provide]                        PROVIDE (__alt_heap_start, end)
                [!provide]                        PROVIDE (__alt_heap_limit, 0x26ed918)
OUTPUT(Lab3_Dram.elf elf32-littlenios2)

.debug_ranges   0x0000000000000000       0x88
 .debug_ranges  0x0000000000000000       0x20 ../Lab3_Dram_bsp//obj/HAL/src/crt0.o
 .debug_ranges  0x0000000000000020       0x10 obj/default/hello_world_small.o
 .debug_ranges  0x0000000000000030       0x48 ../Lab3_Dram_bsp/\libhal_bsp.a(alt_load.o)
 .debug_ranges  0x0000000000000078       0x10 c:/intelfpga_lite/18.1/nios2eds/bin/gnu/h-x86_64-mingw32/bin/../lib/gcc/nios2-elf/5.3.0/../../../../../H-x86_64-mingw32/nios2-elf/lib/mno-hw-mul\libsmallc.a(lib_a-strlen.o)
