Archive member included to satisfy reference by file (symbol)

../lab0_bsp/\libhal_bsp.a(alt_load.o)
                              ../lab0_bsp//obj/HAL/src/crt0.o (alt_load)
../lab0_bsp/\libhal_bsp.a(alt_main.o)
                              ../lab0_bsp//obj/HAL/src/crt0.o (alt_main)
../lab0_bsp/\libhal_bsp.a(alt_sys_init.o)
                              ../lab0_bsp/\libhal_bsp.a(alt_main.o) (alt_irq_init)
../lab0_bsp/\libhal_bsp.a(altera_avalon_jtag_uart_fd.o)
                              ../lab0_bsp/\libhal_bsp.a(alt_sys_init.o) (altera_avalon_jtag_uart_read_fd)
../lab0_bsp/\libhal_bsp.a(altera_avalon_jtag_uart_init.o)
                              ../lab0_bsp/\libhal_bsp.a(alt_sys_init.o) (altera_avalon_jtag_uart_init)
../lab0_bsp/\libhal_bsp.a(altera_avalon_jtag_uart_ioctl.o)
                              ../lab0_bsp/\libhal_bsp.a(altera_avalon_jtag_uart_fd.o) (altera_avalon_jtag_uart_ioctl)
../lab0_bsp/\libhal_bsp.a(altera_avalon_jtag_uart_read.o)
                              ../lab0_bsp/\libhal_bsp.a(altera_avalon_jtag_uart_fd.o) (altera_avalon_jtag_uart_read)
../lab0_bsp/\libhal_bsp.a(altera_avalon_jtag_uart_write.o)
                              ../lab0_bsp/\libhal_bsp.a(altera_avalon_jtag_uart_fd.o) (altera_avalon_jtag_uart_write)
../lab0_bsp/\libhal_bsp.a(altera_avalon_timer_sc.o)
                              ../lab0_bsp/\libhal_bsp.a(alt_sys_init.o) (alt_avalon_timer_sc_init)
../lab0_bsp/\libhal_bsp.a(alt_alarm_start.o)
                              ../lab0_bsp/\libhal_bsp.a(altera_avalon_jtag_uart_init.o) (alt_alarm_start)
../lab0_bsp/\libhal_bsp.a(alt_close.o)
                              ../lab0_bsp/\libhal_bsp.a(alt_main.o) (close)
../lab0_bsp/\libhal_bsp.a(alt_dcache_flush_all.o)
                              ../lab0_bsp/\libhal_bsp.a(alt_load.o) (alt_dcache_flush_all)
../lab0_bsp/\libhal_bsp.a(alt_dev.o)
                              ../lab0_bsp/\libhal_bsp.a(alt_sys_init.o) (alt_dev_list)
../lab0_bsp/\libhal_bsp.a(alt_dev_llist_insert.o)
                              ../lab0_bsp/\libhal_bsp.a(alt_sys_init.o) (alt_dev_llist_insert)
../lab0_bsp/\libhal_bsp.a(alt_do_ctors.o)
                              ../lab0_bsp/\libhal_bsp.a(alt_main.o) (_do_ctors)
../lab0_bsp/\libhal_bsp.a(alt_do_dtors.o)
                              ../lab0_bsp/\libhal_bsp.a(alt_main.o) (_do_dtors)
../lab0_bsp/\libhal_bsp.a(alt_errno.o)
                              ../lab0_bsp/\libhal_bsp.a(alt_close.o) (alt_errno)
../lab0_bsp/\libhal_bsp.a(alt_icache_flush_all.o)
                              ../lab0_bsp/\libhal_bsp.a(alt_load.o) (alt_icache_flush_all)
../lab0_bsp/\libhal_bsp.a(alt_io_redirect.o)
                              ../lab0_bsp/\libhal_bsp.a(alt_main.o) (alt_io_redirect)
../lab0_bsp/\libhal_bsp.a(alt_irq_register.o)
                              ../lab0_bsp/\libhal_bsp.a(altera_avalon_jtag_uart_init.o) (alt_irq_register)
../lab0_bsp/\libhal_bsp.a(alt_irq_vars.o)
                              ../lab0_bsp/\libhal_bsp.a(alt_irq_register.o) (alt_irq_active)
../lab0_bsp/\libhal_bsp.a(alt_open.o)
                              ../lab0_bsp/\libhal_bsp.a(alt_io_redirect.o) (open)
../lab0_bsp/\libhal_bsp.a(alt_release_fd.o)
                              ../lab0_bsp/\libhal_bsp.a(alt_close.o) (alt_release_fd)
../lab0_bsp/\libhal_bsp.a(alt_tick.o)
                              ../lab0_bsp/\libhal_bsp.a(altera_avalon_jtag_uart_init.o) (_alt_tick_rate)
../lab0_bsp/\libhal_bsp.a(altera_nios2_gen2_irq.o)
                              ../lab0_bsp/\libhal_bsp.a(alt_sys_init.o) (altera_nios2_gen2_irq_init)
../lab0_bsp/\libhal_bsp.a(alt_find_dev.o)
                              ../lab0_bsp/\libhal_bsp.a(alt_open.o) (alt_find_dev)
../lab0_bsp/\libhal_bsp.a(alt_find_file.o)
                              ../lab0_bsp/\libhal_bsp.a(alt_open.o) (alt_find_file)
../lab0_bsp/\libhal_bsp.a(alt_get_fd.o)
                              ../lab0_bsp/\libhal_bsp.a(alt_open.o) (alt_get_fd)
../lab0_bsp/\libhal_bsp.a(alt_icache_flush.o)
                              ../lab0_bsp/\libhal_bsp.a(alt_icache_flush_all.o) (alt_icache_flush)
../lab0_bsp/\libhal_bsp.a(alt_irq_entry.o)
                              ../lab0_bsp/\libhal_bsp.a(alt_irq_register.o) (alt_irq_entry)
../lab0_bsp/\libhal_bsp.a(alt_irq_handler.o)
                              ../lab0_bsp/\libhal_bsp.a(alt_irq_register.o) (alt_irq)
../lab0_bsp/\libhal_bsp.a(alt_exception_entry.o)
                              ../lab0_bsp/\libhal_bsp.a(alt_irq_entry.o) (alt_exception)
../lab0_bsp/\libhal_bsp.a(alt_instruction_exception_entry.o)
                              ../lab0_bsp/\libhal_bsp.a(alt_exception_entry.o) (alt_instruction_exception_entry)
c:/intelfpga_lite/18.1/nios2eds/bin/gnu/h-x86_64-mingw32/bin/../lib/gcc/nios2-elf/5.3.0/../../../../../H-x86_64-mingw32/nios2-elf/lib/mhw-mulx\libc.a(lib_a-atexit.o)
                              ../lab0_bsp/\libhal_bsp.a(alt_main.o) (atexit)
c:/intelfpga_lite/18.1/nios2eds/bin/gnu/h-x86_64-mingw32/bin/../lib/gcc/nios2-elf/5.3.0/../../../../../H-x86_64-mingw32/nios2-elf/lib/mhw-mulx\libc.a(lib_a-exit.o)
                              ../lab0_bsp/\libhal_bsp.a(alt_main.o) (exit)
c:/intelfpga_lite/18.1/nios2eds/bin/gnu/h-x86_64-mingw32/bin/../lib/gcc/nios2-elf/5.3.0/../../../../../H-x86_64-mingw32/nios2-elf/lib/mhw-mulx\libc.a(lib_a-impure.o)
                              c:/intelfpga_lite/18.1/nios2eds/bin/gnu/h-x86_64-mingw32/bin/../lib/gcc/nios2-elf/5.3.0/../../../../../H-x86_64-mingw32/nios2-elf/lib/mhw-mulx\libc.a(lib_a-exit.o) (_global_impure_ptr)
c:/intelfpga_lite/18.1/nios2eds/bin/gnu/h-x86_64-mingw32/bin/../lib/gcc/nios2-elf/5.3.0/../../../../../H-x86_64-mingw32/nios2-elf/lib/mhw-mulx\libc.a(lib_a-int_errno.o)
                              ../lab0_bsp/\libhal_bsp.a(alt_close.o) (errno)
c:/intelfpga_lite/18.1/nios2eds/bin/gnu/h-x86_64-mingw32/bin/../lib/gcc/nios2-elf/5.3.0/../../../../../H-x86_64-mingw32/nios2-elf/lib/mhw-mulx\libc.a(lib_a-memcmp.o)
                              ../lab0_bsp/\libhal_bsp.a(alt_find_dev.o) (memcmp)
c:/intelfpga_lite/18.1/nios2eds/bin/gnu/h-x86_64-mingw32/bin/../lib/gcc/nios2-elf/5.3.0/../../../../../H-x86_64-mingw32/nios2-elf/lib/mhw-mulx\libc.a(lib_a-memcpy.o)
                              ../lab0_bsp/\libhal_bsp.a(altera_avalon_jtag_uart_read.o) (memcpy)
c:/intelfpga_lite/18.1/nios2eds/bin/gnu/h-x86_64-mingw32/bin/../lib/gcc/nios2-elf/5.3.0/../../../../../H-x86_64-mingw32/nios2-elf/lib/mhw-mulx\libc.a(lib_a-strlen.o)
                              ../lab0_bsp/\libhal_bsp.a(alt_find_dev.o) (strlen)
c:/intelfpga_lite/18.1/nios2eds/bin/gnu/h-x86_64-mingw32/bin/../lib/gcc/nios2-elf/5.3.0/../../../../../H-x86_64-mingw32/nios2-elf/lib/mhw-mulx\libc.a(lib_a-__atexit.o)
                              c:/intelfpga_lite/18.1/nios2eds/bin/gnu/h-x86_64-mingw32/bin/../lib/gcc/nios2-elf/5.3.0/../../../../../H-x86_64-mingw32/nios2-elf/lib/mhw-mulx\libc.a(lib_a-atexit.o) (__register_exitproc)
c:/intelfpga_lite/18.1/nios2eds/bin/gnu/h-x86_64-mingw32/bin/../lib/gcc/nios2-elf/5.3.0/../../../../../H-x86_64-mingw32/nios2-elf/lib/mhw-mulx\libc.a(lib_a-__call_atexit.o)
                              c:/intelfpga_lite/18.1/nios2eds/bin/gnu/h-x86_64-mingw32/bin/../lib/gcc/nios2-elf/5.3.0/../../../../../H-x86_64-mingw32/nios2-elf/lib/mhw-mulx\libc.a(lib_a-exit.o) (__call_exitprocs)
../lab0_bsp/\libhal_bsp.a(alt_exit.o)
                              c:/intelfpga_lite/18.1/nios2eds/bin/gnu/h-x86_64-mingw32/bin/../lib/gcc/nios2-elf/5.3.0/../../../../../H-x86_64-mingw32/nios2-elf/lib/mhw-mulx\libc.a(lib_a-exit.o) (_exit)

Allocating common symbols
Common symbol       size              file

alt_irq             0x100             ../lab0_bsp/\libhal_bsp.a(alt_irq_handler.o)
errno               0x4               c:/intelfpga_lite/18.1/nios2eds/bin/gnu/h-x86_64-mingw32/bin/../lib/gcc/nios2-elf/5.3.0/../../../../../H-x86_64-mingw32/nios2-elf/lib/mhw-mulx\libc.a(lib_a-int_errno.o)

Memory Configuration

Name             Origin             Length             Attributes
reset            0x0000000000000000 0x0000000000000020
SDRAM            0x0000000000000020 0x0000000001ffffe0
Onchip_SRAM      0x0000000008000000 0x0000000000010000
VGA_Subsystem_Char_Buf_Subsystem_Onchip_SRAM 0x0000000009000000 0x0000000000002000
*default*        0x0000000000000000 0xffffffffffffffff

Linker script and memory map

LOAD ../lab0_bsp//obj/HAL/src/crt0.o
LOAD obj/default/address_map_nios2.o
LOAD obj/default/main.o
LOAD c:/intelfpga_lite/18.1/nios2eds/bin/gnu/h-x86_64-mingw32/bin/../lib/gcc/nios2-elf/5.3.0/../../../../../H-x86_64-mingw32/nios2-elf/lib/mhw-mulx\libstdc++.a
LOAD c:/intelfpga_lite/18.1/nios2eds/bin/gnu/h-x86_64-mingw32/bin/../lib/gcc/nios2-elf/5.3.0/../../../../../H-x86_64-mingw32/nios2-elf/lib/mhw-mulx\libm.a
LOAD c:/intelfpga_lite/18.1/nios2eds/bin/gnu/h-x86_64-mingw32/bin/../lib/gcc/nios2-elf/5.3.0/mhw-mulx\libgcc.a
START GROUP
LOAD c:/intelfpga_lite/18.1/nios2eds/bin/gnu/h-x86_64-mingw32/bin/../lib/gcc/nios2-elf/5.3.0/../../../../../H-x86_64-mingw32/nios2-elf/lib/mhw-mulx\libc.a
LOAD c:/intelfpga_lite/18.1/nios2eds/bin/gnu/h-x86_64-mingw32/bin/../lib/gcc/nios2-elf/5.3.0/mhw-mulx\libgcc.a
LOAD ../lab0_bsp/\libhal_bsp.a
LOAD c:/intelfpga_lite/18.1/nios2eds/bin/gnu/h-x86_64-mingw32/bin/../lib/gcc/nios2-elf/5.3.0/../../../../../H-x86_64-mingw32/nios2-elf/lib/mhw-mulx\libm.a
END GROUP
LOAD c:/intelfpga_lite/18.1/nios2eds/bin/gnu/h-x86_64-mingw32/bin/../lib/gcc/nios2-elf/5.3.0/mhw-mulx\libgcc.a
                0x0000000000000000                __alt_mem_SDRAM = 0x0
                0x0000000008000000                __alt_mem_Onchip_SRAM = 0x8000000
                0x0000000009000000                __alt_mem_VGA_Subsystem_Char_Buf_Subsystem_Onchip_SRAM = 0x9000000

.entry          0x0000000000000000       0x20
 *(.entry)
 .entry         0x0000000000000000       0x20 ../lab0_bsp//obj/HAL/src/crt0.o
                0x0000000000000000                __reset

.exceptions     0x0000000000000020      0x228
                0x0000000000000020                PROVIDE (__ram_exceptions_start, ABSOLUTE (.))
                0x0000000000000020                . = ALIGN (0x20)
 *(.irq)
 *(.exceptions.entry.label)
 .exceptions.entry.label
                0x0000000000000020        0x0 ../lab0_bsp/\libhal_bsp.a(alt_irq_entry.o)
                0x0000000000000020                alt_irq_entry
 .exceptions.entry.label
                0x0000000000000020        0x0 ../lab0_bsp/\libhal_bsp.a(alt_exception_entry.o)
                0x0000000000000020                alt_exception
 *(.exceptions.entry.user)
 *(.exceptions.entry.ecc_fatal)
 *(.exceptions.entry)
 .exceptions.entry
                0x0000000000000020       0x54 ../lab0_bsp/\libhal_bsp.a(alt_exception_entry.o)
 *(.exceptions.irqtest.user)
 *(.exceptions.irqtest)
 .exceptions.irqtest
                0x0000000000000074       0x10 ../lab0_bsp/\libhal_bsp.a(alt_irq_entry.o)
 *(.exceptions.irqhandler.user)
 *(.exceptions.irqhandler)
 .exceptions.irqhandler
                0x0000000000000084        0x4 ../lab0_bsp/\libhal_bsp.a(alt_irq_entry.o)
 *(.exceptions.irqreturn.user)
 *(.exceptions.irqreturn)
 .exceptions.irqreturn
                0x0000000000000088        0x4 ../lab0_bsp/\libhal_bsp.a(alt_irq_entry.o)
 *(.exceptions.notirq.label)
 .exceptions.notirq.label
                0x000000000000008c        0x0 ../lab0_bsp/\libhal_bsp.a(alt_irq_entry.o)
 *(.exceptions.notirq.user)
 *(.exceptions.notirq)
 .exceptions.notirq
                0x000000000000008c        0x8 ../lab0_bsp/\libhal_bsp.a(alt_exception_entry.o)
 *(.exceptions.soft.user)
 *(.exceptions.soft)
 *(.exceptions.unknown.user)
 *(.exceptions.unknown)
 .exceptions.unknown
                0x0000000000000094       0x14 ../lab0_bsp/\libhal_bsp.a(alt_exception_entry.o)
 *(.exceptions.exit.label)
 .exceptions.exit.label
                0x00000000000000a8        0x0 ../lab0_bsp/\libhal_bsp.a(alt_irq_entry.o)
 .exceptions.exit.label
                0x00000000000000a8        0x0 ../lab0_bsp/\libhal_bsp.a(alt_exception_entry.o)
 *(.exceptions.exit.user)
 *(.exceptions.exit)
 .exceptions.exit
                0x00000000000000a8       0x54 ../lab0_bsp/\libhal_bsp.a(alt_exception_entry.o)
 *(.exceptions)
 .exceptions    0x00000000000000fc       0xd8 ../lab0_bsp/\libhal_bsp.a(alt_irq_handler.o)
                0x00000000000000fc                alt_irq_handler
 .exceptions    0x00000000000001d4       0x74 ../lab0_bsp/\libhal_bsp.a(alt_instruction_exception_entry.o)
                0x00000000000001d4                alt_instruction_exception_entry
                0x0000000000000248                PROVIDE (__ram_exceptions_end, ABSOLUTE (.))
                0x0000000000000020                PROVIDE (__flash_exceptions_start, LOADADDR (.exceptions))

.text           0x0000000000000248     0x28c8
                [!provide]                        PROVIDE (stext, ABSOLUTE (.))
 *(.interp)
 *(.hash)
 *(.dynsym)
 *(.dynstr)
 *(.gnu.version)
 *(.gnu.version_d)
 *(.gnu.version_r)
 *(.rel.init)
 *(.rela.init)
 *(.rel.text .rel.text.* .rel.gnu.linkonce.t.*)
 *(.rela.text .rela.text.* .rela.gnu.linkonce.t.*)
 *(.rel.fini)
 *(.rela.fini)
 *(.rel.rodata .rel.rodata.* .rel.gnu.linkonce.r.*)
 *(.rela.rodata .rela.rodata.* .rela.gnu.linkonce.r.*)
 *(.rel.data .rel.data.* .rel.gnu.linkonce.d.*)
 *(.rela.data .rela.data.* .rela.gnu.linkonce.d.*)
 *(.rel.tdata .rel.tdata.* .rel.gnu.linkonce.td.*)
 *(.rela.tdata .rela.tdata.* .rela.gnu.linkonce.td.*)
 *(.rel.tbss .rel.tbss.* .rel.gnu.linkonce.tb.*)
 *(.rela.tbss .rela.tbss.* .rela.gnu.linkonce.tb.*)
 *(.rel.ctors)
 *(.rela.ctors)
 *(.rel.dtors)
 *(.rela.dtors)
 *(.rel.got)
 *(.rela.got)
 *(.rel.sdata .rel.sdata.* .rel.gnu.linkonce.s.*)
 *(.rela.sdata .rela.sdata.* .rela.gnu.linkonce.s.*)
 *(.rel.sbss .rel.sbss.* .rel.gnu.linkonce.sb.*)
 *(.rela.sbss .rela.sbss.* .rela.gnu.linkonce.sb.*)
 *(.rel.sdata2 .rel.sdata2.* .rel.gnu.linkonce.s2.*)
 *(.rela.sdata2 .rela.sdata2.* .rela.gnu.linkonce.s2.*)
 *(.rel.sbss2 .rel.sbss2.* .rel.gnu.linkonce.sb2.*)
 *(.rela.sbss2 .rela.sbss2.* .rela.gnu.linkonce.sb2.*)
 *(.rel.bss .rel.bss.* .rel.gnu.linkonce.b.*)
 *(.rela.bss .rela.bss.* .rela.gnu.linkonce.b.*)
 *(.rel.plt)
 *(.rela.plt)
 *(.rel.dyn)
 *(.init)
 *(.plt)
 *(.text .stub .text.* .gnu.linkonce.t.*)
 .text          0x0000000000000248       0x3c ../lab0_bsp//obj/HAL/src/crt0.o
                0x0000000000000248                _start
 .text          0x0000000000000284        0x0 obj/default/address_map_nios2.o
 .text          0x0000000000000284       0x88 obj/default/main.o
                0x0000000000000284                main
 .text          0x000000000000030c       0xec ../lab0_bsp/\libhal_bsp.a(alt_load.o)
                0x0000000000000374                alt_load
 .text          0x00000000000003f8       0x7c ../lab0_bsp/\libhal_bsp.a(alt_main.o)
                0x00000000000003f8                alt_main
 .text          0x0000000000000474      0x6d8 ../lab0_bsp/\libhal_bsp.a(alt_sys_init.o)
                0x00000000000004a8                alt_irq_init
                0x00000000000004e0                alt_sys_init
 .text          0x0000000000000b4c      0x164 ../lab0_bsp/\libhal_bsp.a(altera_avalon_jtag_uart_fd.o)
                0x0000000000000b4c                altera_avalon_jtag_uart_read_fd
                0x0000000000000bac                altera_avalon_jtag_uart_write_fd
                0x0000000000000c0c                altera_avalon_jtag_uart_close_fd
                0x0000000000000c5c                altera_avalon_jtag_uart_ioctl_fd
 .text          0x0000000000000cb0      0x3cc ../lab0_bsp/\libhal_bsp.a(altera_avalon_jtag_uart_init.o)
                0x0000000000000cb0                altera_avalon_jtag_uart_init
                0x0000000000001014                altera_avalon_jtag_uart_close
 .text          0x000000000000107c       0xf0 ../lab0_bsp/\libhal_bsp.a(altera_avalon_jtag_uart_ioctl.o)
                0x000000000000107c                altera_avalon_jtag_uart_ioctl
 .text          0x000000000000116c      0x21c ../lab0_bsp/\libhal_bsp.a(altera_avalon_jtag_uart_read.o)
                0x000000000000116c                altera_avalon_jtag_uart_read
 .text          0x0000000000001388      0x224 ../lab0_bsp/\libhal_bsp.a(altera_avalon_jtag_uart_write.o)
                0x0000000000001388                altera_avalon_jtag_uart_write
 .text          0x00000000000015ac       0xf0 ../lab0_bsp/\libhal_bsp.a(altera_avalon_timer_sc.o)
                0x0000000000001628                alt_avalon_timer_sc_init
 .text          0x000000000000169c      0x12c ../lab0_bsp/\libhal_bsp.a(alt_alarm_start.o)
                0x000000000000169c                alt_alarm_start
 .text          0x00000000000017c8      0x10c ../lab0_bsp/\libhal_bsp.a(alt_close.o)
                0x0000000000001804                close
 .text          0x00000000000018d4       0x20 ../lab0_bsp/\libhal_bsp.a(alt_dcache_flush_all.o)
                0x00000000000018d4                alt_dcache_flush_all
 .text          0x00000000000018f4       0x2c ../lab0_bsp/\libhal_bsp.a(alt_dev.o)
 .text          0x0000000000001920       0xe0 ../lab0_bsp/\libhal_bsp.a(alt_dev_llist_insert.o)
                0x000000000000195c                alt_dev_llist_insert
 .text          0x0000000000001a00       0x60 ../lab0_bsp/\libhal_bsp.a(alt_do_ctors.o)
                0x0000000000001a00                _do_ctors
 .text          0x0000000000001a60       0x60 ../lab0_bsp/\libhal_bsp.a(alt_do_dtors.o)
                0x0000000000001a60                _do_dtors
 .text          0x0000000000001ac0        0x0 ../lab0_bsp/\libhal_bsp.a(alt_errno.o)
 .text          0x0000000000001ac0       0x34 ../lab0_bsp/\libhal_bsp.a(alt_icache_flush_all.o)
                0x0000000000001ac0                alt_icache_flush_all
 .text          0x0000000000001af4      0x140 ../lab0_bsp/\libhal_bsp.a(alt_io_redirect.o)
                0x0000000000001bb8                alt_io_redirect
 .text          0x0000000000001c34      0x180 ../lab0_bsp/\libhal_bsp.a(alt_irq_register.o)
                0x0000000000001c34                alt_irq_register
 .text          0x0000000000001db4        0x0 ../lab0_bsp/\libhal_bsp.a(alt_irq_vars.o)
 .text          0x0000000000001db4      0x254 ../lab0_bsp/\libhal_bsp.a(alt_open.o)
                0x0000000000001eb4                open
 .text          0x0000000000002008       0x64 ../lab0_bsp/\libhal_bsp.a(alt_release_fd.o)
                0x0000000000002008                alt_release_fd
 .text          0x000000000000206c      0x1a4 ../lab0_bsp/\libhal_bsp.a(alt_tick.o)
                0x000000000000206c                alt_alarm_stop
                0x0000000000002108                alt_tick
 .text          0x0000000000002210       0x24 ../lab0_bsp/\libhal_bsp.a(altera_nios2_gen2_irq.o)
                0x0000000000002210                altera_nios2_gen2_irq_init
 .text          0x0000000000002234       0x90 ../lab0_bsp/\libhal_bsp.a(alt_find_dev.o)
                0x0000000000002234                alt_find_dev
 .text          0x00000000000022c4      0x108 ../lab0_bsp/\libhal_bsp.a(alt_find_file.o)
                0x00000000000022c4                alt_find_file
 .text          0x00000000000023cc       0xa4 ../lab0_bsp/\libhal_bsp.a(alt_get_fd.o)
                0x00000000000023cc                alt_get_fd
 .text          0x0000000000002470       0x90 ../lab0_bsp/\libhal_bsp.a(alt_icache_flush.o)
                0x0000000000002470                alt_icache_flush
 .text          0x0000000000002500        0x0 ../lab0_bsp/\libhal_bsp.a(alt_irq_entry.o)
 .text          0x0000000000002500        0x0 ../lab0_bsp/\libhal_bsp.a(alt_irq_handler.o)
 .text          0x0000000000002500        0x0 ../lab0_bsp/\libhal_bsp.a(alt_exception_entry.o)
 .text          0x0000000000002500       0x9c ../lab0_bsp/\libhal_bsp.a(alt_instruction_exception_entry.o)
                0x0000000000002500                alt_exception_cause_generated_bad_addr
 .text          0x000000000000259c        0x0 c:/intelfpga_lite/18.1/nios2eds/bin/gnu/h-x86_64-mingw32/bin/../lib/gcc/nios2-elf/5.3.0/../../../../../H-x86_64-mingw32/nios2-elf/lib/mhw-mulx\libc.a(lib_a-atexit.o)
 .text.atexit   0x000000000000259c       0x14 c:/intelfpga_lite/18.1/nios2eds/bin/gnu/h-x86_64-mingw32/bin/../lib/gcc/nios2-elf/5.3.0/../../../../../H-x86_64-mingw32/nios2-elf/lib/mhw-mulx\libc.a(lib_a-atexit.o)
                0x000000000000259c                atexit
 .text          0x00000000000025b0        0x0 c:/intelfpga_lite/18.1/nios2eds/bin/gnu/h-x86_64-mingw32/bin/../lib/gcc/nios2-elf/5.3.0/../../../../../H-x86_64-mingw32/nios2-elf/lib/mhw-mulx\libc.a(lib_a-exit.o)
 .text.exit     0x00000000000025b0       0x38 c:/intelfpga_lite/18.1/nios2eds/bin/gnu/h-x86_64-mingw32/bin/../lib/gcc/nios2-elf/5.3.0/../../../../../H-x86_64-mingw32/nios2-elf/lib/mhw-mulx\libc.a(lib_a-exit.o)
                0x00000000000025b0                exit
 .text          0x00000000000025e8        0x0 c:/intelfpga_lite/18.1/nios2eds/bin/gnu/h-x86_64-mingw32/bin/../lib/gcc/nios2-elf/5.3.0/../../../../../H-x86_64-mingw32/nios2-elf/lib/mhw-mulx\libc.a(lib_a-impure.o)
 .text          0x00000000000025e8        0x0 c:/intelfpga_lite/18.1/nios2eds/bin/gnu/h-x86_64-mingw32/bin/../lib/gcc/nios2-elf/5.3.0/../../../../../H-x86_64-mingw32/nios2-elf/lib/mhw-mulx\libc.a(lib_a-int_errno.o)
 .text          0x00000000000025e8        0x0 c:/intelfpga_lite/18.1/nios2eds/bin/gnu/h-x86_64-mingw32/bin/../lib/gcc/nios2-elf/5.3.0/../../../../../H-x86_64-mingw32/nios2-elf/lib/mhw-mulx\libc.a(lib_a-memcmp.o)
 .text.memcmp   0x00000000000025e8       0x7c c:/intelfpga_lite/18.1/nios2eds/bin/gnu/h-x86_64-mingw32/bin/../lib/gcc/nios2-elf/5.3.0/../../../../../H-x86_64-mingw32/nios2-elf/lib/mhw-mulx\libc.a(lib_a-memcmp.o)
                0x00000000000025e8                memcmp
 .text          0x0000000000002664        0x0 c:/intelfpga_lite/18.1/nios2eds/bin/gnu/h-x86_64-mingw32/bin/../lib/gcc/nios2-elf/5.3.0/../../../../../H-x86_64-mingw32/nios2-elf/lib/mhw-mulx\libc.a(lib_a-memcpy.o)
 .text.memcpy   0x0000000000002664      0x148 c:/intelfpga_lite/18.1/nios2eds/bin/gnu/h-x86_64-mingw32/bin/../lib/gcc/nios2-elf/5.3.0/../../../../../H-x86_64-mingw32/nios2-elf/lib/mhw-mulx\libc.a(lib_a-memcpy.o)
                0x0000000000002664                memcpy
 .text          0x00000000000027ac        0x0 c:/intelfpga_lite/18.1/nios2eds/bin/gnu/h-x86_64-mingw32/bin/../lib/gcc/nios2-elf/5.3.0/../../../../../H-x86_64-mingw32/nios2-elf/lib/mhw-mulx\libc.a(lib_a-strlen.o)
 .text.strlen   0x00000000000027ac       0x98 c:/intelfpga_lite/18.1/nios2eds/bin/gnu/h-x86_64-mingw32/bin/../lib/gcc/nios2-elf/5.3.0/../../../../../H-x86_64-mingw32/nios2-elf/lib/mhw-mulx\libc.a(lib_a-strlen.o)
                0x00000000000027ac                strlen
 .text          0x0000000000002844        0x0 c:/intelfpga_lite/18.1/nios2eds/bin/gnu/h-x86_64-mingw32/bin/../lib/gcc/nios2-elf/5.3.0/../../../../../H-x86_64-mingw32/nios2-elf/lib/mhw-mulx\libc.a(lib_a-__atexit.o)
 .text.__register_exitproc
                0x0000000000002844      0x118 c:/intelfpga_lite/18.1/nios2eds/bin/gnu/h-x86_64-mingw32/bin/../lib/gcc/nios2-elf/5.3.0/../../../../../H-x86_64-mingw32/nios2-elf/lib/mhw-mulx\libc.a(lib_a-__atexit.o)
                0x0000000000002844                __register_exitproc
 .text          0x000000000000295c        0x0 c:/intelfpga_lite/18.1/nios2eds/bin/gnu/h-x86_64-mingw32/bin/../lib/gcc/nios2-elf/5.3.0/../../../../../H-x86_64-mingw32/nios2-elf/lib/mhw-mulx\libc.a(lib_a-__call_atexit.o)
 .text.__call_exitprocs
                0x000000000000295c      0x180 c:/intelfpga_lite/18.1/nios2eds/bin/gnu/h-x86_64-mingw32/bin/../lib/gcc/nios2-elf/5.3.0/../../../../../H-x86_64-mingw32/nios2-elf/lib/mhw-mulx\libc.a(lib_a-__call_atexit.o)
                0x000000000000295c                __call_exitprocs
 .text          0x0000000000002adc       0x34 ../lab0_bsp/\libhal_bsp.a(alt_exit.o)
                0x0000000000002adc                _exit
 *(.gnu.warning.*)
 *(.fini)
                [!provide]                        PROVIDE (__etext, ABSOLUTE (.))
                [!provide]                        PROVIDE (_etext, ABSOLUTE (.))
                [!provide]                        PROVIDE (etext, ABSOLUTE (.))
 *(.eh_frame_hdr)
                0x0000000000002b10                . = ALIGN (0x4)
                [!provide]                        PROVIDE (__preinit_array_start, ABSOLUTE (.))
 *(.preinit_array)
                [!provide]                        PROVIDE (__preinit_array_end, ABSOLUTE (.))
                [!provide]                        PROVIDE (__init_array_start, ABSOLUTE (.))
 *(.init_array)
                [!provide]                        PROVIDE (__init_array_end, ABSOLUTE (.))
                [!provide]                        PROVIDE (__fini_array_start, ABSOLUTE (.))
 *(.fini_array)
                [!provide]                        PROVIDE (__fini_array_end, ABSOLUTE (.))
 *(.eh_frame)
 *(.gcc_except_table .gcc_except_table.*)
 *(.dynamic)
                0x0000000000002b10                PROVIDE (__CTOR_LIST__, ABSOLUTE (.))
 *(.ctors)
 *(SORT(.ctors.*))
                0x0000000000002b10                PROVIDE (__CTOR_END__, ABSOLUTE (.))
                0x0000000000002b10                PROVIDE (__DTOR_LIST__, ABSOLUTE (.))
 *(.dtors)
 *(SORT(.dtors.*))
                0x0000000000002b10                PROVIDE (__DTOR_END__, ABSOLUTE (.))
 *(.jcr)
                0x0000000000002b10                . = ALIGN (0x4)

.rodata         0x0000000000002b10       0xd4
                0x0000000000002b10                PROVIDE (__ram_rodata_start, ABSOLUTE (.))
                0x0000000000002b10                . = ALIGN (0x4)
 *(.rodata .rodata.* .gnu.linkonce.r.*)
 .rodata        0x0000000000002b10        0xf ../lab0_bsp/\libhal_bsp.a(alt_main.o)
 *fill*         0x0000000000002b1f        0x1 
 .rodata        0x0000000000002b20       0xb3 ../lab0_bsp/\libhal_bsp.a(alt_sys_init.o)
 *fill*         0x0000000000002bd3        0x1 
 .rodata        0x0000000000002bd4        0xa ../lab0_bsp/\libhal_bsp.a(alt_dev.o)
 *fill*         0x0000000000002bde        0x2 
 .rodata.str1.4
                0x0000000000002be0        0x4 c:/intelfpga_lite/18.1/nios2eds/bin/gnu/h-x86_64-mingw32/bin/../lib/gcc/nios2-elf/5.3.0/../../../../../H-x86_64-mingw32/nios2-elf/lib/mhw-mulx\libc.a(lib_a-impure.o)
                                          0x2 (size before relaxing)
 *(.rodata1)
                0x0000000000002be4                . = ALIGN (0x4)
                0x0000000000002be4                PROVIDE (__ram_rodata_end, ABSOLUTE (.))
                0x0000000000002b10                PROVIDE (__flash_rodata_start, LOADADDR (.rodata))

.rwdata         0x0000000000002be4     0x17b0 load address 0x0000000000004394
                0x0000000000002be4                PROVIDE (__ram_rwdata_start, ABSOLUTE (.))
                0x0000000000002be4                . = ALIGN (0x4)
 *(.got.plt)
 *(.got)
 *(.data1)
 *(.data .data.* .gnu.linkonce.d.*)
 .data          0x0000000000002be4        0x0 ../lab0_bsp//obj/HAL/src/crt0.o
 .data          0x0000000000002be4        0x0 obj/default/address_map_nios2.o
 .data          0x0000000000002be4        0x4 obj/default/main.o
 .data          0x0000000000002be8        0x0 ../lab0_bsp/\libhal_bsp.a(alt_load.o)
 .data          0x0000000000002be8        0x0 ../lab0_bsp/\libhal_bsp.a(alt_main.o)
 .data          0x0000000000002be8     0x11b4 ../lab0_bsp/\libhal_bsp.a(alt_sys_init.o)
 .data          0x0000000000003d9c        0x0 ../lab0_bsp/\libhal_bsp.a(altera_avalon_jtag_uart_fd.o)
 .data          0x0000000000003d9c        0x0 ../lab0_bsp/\libhal_bsp.a(altera_avalon_jtag_uart_init.o)
 .data          0x0000000000003d9c        0x0 ../lab0_bsp/\libhal_bsp.a(altera_avalon_jtag_uart_ioctl.o)
 .data          0x0000000000003d9c        0x0 ../lab0_bsp/\libhal_bsp.a(altera_avalon_jtag_uart_read.o)
 .data          0x0000000000003d9c        0x0 ../lab0_bsp/\libhal_bsp.a(altera_avalon_jtag_uart_write.o)
 .data          0x0000000000003d9c        0x0 ../lab0_bsp/\libhal_bsp.a(altera_avalon_timer_sc.o)
 .data          0x0000000000003d9c        0x0 ../lab0_bsp/\libhal_bsp.a(alt_alarm_start.o)
 .data          0x0000000000003d9c        0x0 ../lab0_bsp/\libhal_bsp.a(alt_close.o)
 .data          0x0000000000003d9c        0x0 ../lab0_bsp/\libhal_bsp.a(alt_dcache_flush_all.o)
 .data          0x0000000000003d9c      0x1a8 ../lab0_bsp/\libhal_bsp.a(alt_dev.o)
                0x0000000000003d9c                alt_dev_null
                0x0000000000003dc4                alt_fd_list
 .data          0x0000000000003f44        0x0 ../lab0_bsp/\libhal_bsp.a(alt_dev_llist_insert.o)
 .data          0x0000000000003f44        0x0 ../lab0_bsp/\libhal_bsp.a(alt_do_ctors.o)
 .data          0x0000000000003f44        0x0 ../lab0_bsp/\libhal_bsp.a(alt_do_dtors.o)
 .data          0x0000000000003f44        0x0 ../lab0_bsp/\libhal_bsp.a(alt_errno.o)
 .data          0x0000000000003f44        0x0 ../lab0_bsp/\libhal_bsp.a(alt_icache_flush_all.o)
 .data          0x0000000000003f44        0x0 ../lab0_bsp/\libhal_bsp.a(alt_io_redirect.o)
 .data          0x0000000000003f44        0x0 ../lab0_bsp/\libhal_bsp.a(alt_irq_register.o)
 .data          0x0000000000003f44        0x0 ../lab0_bsp/\libhal_bsp.a(alt_irq_vars.o)
 .data          0x0000000000003f44        0x0 ../lab0_bsp/\libhal_bsp.a(alt_open.o)
 .data          0x0000000000003f44        0x0 ../lab0_bsp/\libhal_bsp.a(alt_release_fd.o)
 .data          0x0000000000003f44        0x0 ../lab0_bsp/\libhal_bsp.a(alt_tick.o)
 .data          0x0000000000003f44        0x0 ../lab0_bsp/\libhal_bsp.a(altera_nios2_gen2_irq.o)
 .data          0x0000000000003f44        0x0 ../lab0_bsp/\libhal_bsp.a(alt_find_dev.o)
 .data          0x0000000000003f44        0x0 ../lab0_bsp/\libhal_bsp.a(alt_find_file.o)
 .data          0x0000000000003f44        0x0 ../lab0_bsp/\libhal_bsp.a(alt_get_fd.o)
 .data          0x0000000000003f44        0x0 ../lab0_bsp/\libhal_bsp.a(alt_icache_flush.o)
 .data          0x0000000000003f44        0x0 ../lab0_bsp/\libhal_bsp.a(alt_irq_entry.o)
 .data          0x0000000000003f44        0x0 ../lab0_bsp/\libhal_bsp.a(alt_irq_handler.o)
 .data          0x0000000000003f44        0x0 ../lab0_bsp/\libhal_bsp.a(alt_exception_entry.o)
 .data          0x0000000000003f44        0x0 ../lab0_bsp/\libhal_bsp.a(alt_instruction_exception_entry.o)
 .data          0x0000000000003f44        0x0 c:/intelfpga_lite/18.1/nios2eds/bin/gnu/h-x86_64-mingw32/bin/../lib/gcc/nios2-elf/5.3.0/../../../../../H-x86_64-mingw32/nios2-elf/lib/mhw-mulx\libc.a(lib_a-atexit.o)
 .data          0x0000000000003f44        0x0 c:/intelfpga_lite/18.1/nios2eds/bin/gnu/h-x86_64-mingw32/bin/../lib/gcc/nios2-elf/5.3.0/../../../../../H-x86_64-mingw32/nios2-elf/lib/mhw-mulx\libc.a(lib_a-exit.o)
 .data          0x0000000000003f44        0x0 c:/intelfpga_lite/18.1/nios2eds/bin/gnu/h-x86_64-mingw32/bin/../lib/gcc/nios2-elf/5.3.0/../../../../../H-x86_64-mingw32/nios2-elf/lib/mhw-mulx\libc.a(lib_a-impure.o)
 .data.impure_data
                0x0000000000003f44      0x424 c:/intelfpga_lite/18.1/nios2eds/bin/gnu/h-x86_64-mingw32/bin/../lib/gcc/nios2-elf/5.3.0/../../../../../H-x86_64-mingw32/nios2-elf/lib/mhw-mulx\libc.a(lib_a-impure.o)
 .data          0x0000000000004368        0x0 c:/intelfpga_lite/18.1/nios2eds/bin/gnu/h-x86_64-mingw32/bin/../lib/gcc/nios2-elf/5.3.0/../../../../../H-x86_64-mingw32/nios2-elf/lib/mhw-mulx\libc.a(lib_a-int_errno.o)
 .data          0x0000000000004368        0x0 c:/intelfpga_lite/18.1/nios2eds/bin/gnu/h-x86_64-mingw32/bin/../lib/gcc/nios2-elf/5.3.0/../../../../../H-x86_64-mingw32/nios2-elf/lib/mhw-mulx\libc.a(lib_a-memcmp.o)
 .data          0x0000000000004368        0x0 c:/intelfpga_lite/18.1/nios2eds/bin/gnu/h-x86_64-mingw32/bin/../lib/gcc/nios2-elf/5.3.0/../../../../../H-x86_64-mingw32/nios2-elf/lib/mhw-mulx\libc.a(lib_a-memcpy.o)
 .data          0x0000000000004368        0x0 c:/intelfpga_lite/18.1/nios2eds/bin/gnu/h-x86_64-mingw32/bin/../lib/gcc/nios2-elf/5.3.0/../../../../../H-x86_64-mingw32/nios2-elf/lib/mhw-mulx\libc.a(lib_a-strlen.o)
 .data          0x0000000000004368        0x0 c:/intelfpga_lite/18.1/nios2eds/bin/gnu/h-x86_64-mingw32/bin/../lib/gcc/nios2-elf/5.3.0/../../../../../H-x86_64-mingw32/nios2-elf/lib/mhw-mulx\libc.a(lib_a-__atexit.o)
 .data          0x0000000000004368        0x0 c:/intelfpga_lite/18.1/nios2eds/bin/gnu/h-x86_64-mingw32/bin/../lib/gcc/nios2-elf/5.3.0/../../../../../H-x86_64-mingw32/nios2-elf/lib/mhw-mulx\libc.a(lib_a-__call_atexit.o)
 .data          0x0000000000004368        0x0 ../lab0_bsp/\libhal_bsp.a(alt_exit.o)
                0x000000000000c368                _gp = ABSOLUTE ((. + 0x8000))
                [!provide]                        PROVIDE (gp, _gp)
 *(.rwdata .rwdata.*)
 *(.sdata .sdata.* .gnu.linkonce.s.*)
 .sdata         0x0000000000004368       0x14 ../lab0_bsp/\libhal_bsp.a(alt_dev.o)
                0x0000000000004368                alt_fs_list
                0x0000000000004370                alt_dev_list
                0x0000000000004378                alt_max_fd
 .sdata         0x000000000000437c        0x4 ../lab0_bsp/\libhal_bsp.a(alt_errno.o)
                0x000000000000437c                alt_errno
 .sdata         0x0000000000004380        0x4 ../lab0_bsp/\libhal_bsp.a(alt_irq_vars.o)
                0x0000000000004380                alt_priority_mask
 .sdata         0x0000000000004384        0x8 ../lab0_bsp/\libhal_bsp.a(alt_tick.o)
                0x0000000000004384                alt_alarm_list
 .sdata._global_impure_ptr
                0x000000000000438c        0x4 c:/intelfpga_lite/18.1/nios2eds/bin/gnu/h-x86_64-mingw32/bin/../lib/gcc/nios2-elf/5.3.0/../../../../../H-x86_64-mingw32/nios2-elf/lib/mhw-mulx\libc.a(lib_a-impure.o)
                0x000000000000438c                _global_impure_ptr
 .sdata._impure_ptr
                0x0000000000004390        0x4 c:/intelfpga_lite/18.1/nios2eds/bin/gnu/h-x86_64-mingw32/bin/../lib/gcc/nios2-elf/5.3.0/../../../../../H-x86_64-mingw32/nios2-elf/lib/mhw-mulx\libc.a(lib_a-impure.o)
                0x0000000000004390                _impure_ptr
 *(.sdata2 .sdata2.* .gnu.linkonce.s2.*)
                0x0000000000004394                . = ALIGN (0x4)
                0x0000000000004394                _edata = ABSOLUTE (.)
                [!provide]                        PROVIDE (edata, ABSOLUTE (.))
                0x0000000000004394                PROVIDE (__ram_rwdata_end, ABSOLUTE (.))
                0x0000000000004394                PROVIDE (__flash_rwdata_start, LOADADDR (.rwdata))

.bss            0x0000000000005b44      0x120
                0x0000000000005b44                __bss_start = ABSOLUTE (.)
                [!provide]                        PROVIDE (__sbss_start, ABSOLUTE (.))
                [!provide]                        PROVIDE (___sbss_start, ABSOLUTE (.))
 *(.dynsbss)
 *(.sbss .sbss.* .gnu.linkonce.sb.*)
 .sbss          0x0000000000005b44        0xc ../lab0_bsp/\libhal_bsp.a(alt_main.o)
                0x0000000000005b44                alt_argc
                0x0000000000005b48                alt_argv
                0x0000000000005b4c                alt_envp
 .sbss          0x0000000000005b50        0x4 ../lab0_bsp/\libhal_bsp.a(alt_irq_vars.o)
                0x0000000000005b50                alt_irq_active
 .sbss          0x0000000000005b54        0x8 ../lab0_bsp/\libhal_bsp.a(alt_tick.o)
                0x0000000000005b54                _alt_tick_rate
                0x0000000000005b58                _alt_nticks
 .sbss          0x0000000000005b5c        0x4 ../lab0_bsp/\libhal_bsp.a(alt_instruction_exception_entry.o)
                0x0000000000005b5c                alt_instruction_exception_handler
 .sbss          0x0000000000005b60        0x4 c:/intelfpga_lite/18.1/nios2eds/bin/gnu/h-x86_64-mingw32/bin/../lib/gcc/nios2-elf/5.3.0/../../../../../H-x86_64-mingw32/nios2-elf/lib/mhw-mulx\libc.a(lib_a-int_errno.o)
                0x0000000000005b60                errno
 *(.sbss2 .sbss2.* .gnu.linkonce.sb2.*)
 *(.scommon)
                [!provide]                        PROVIDE (__sbss_end, ABSOLUTE (.))
                [!provide]                        PROVIDE (___sbss_end, ABSOLUTE (.))
 *(.dynbss)
 *(.bss .bss.* .gnu.linkonce.b.*)
 .bss           0x0000000000005b64        0x0 ../lab0_bsp//obj/HAL/src/crt0.o
 .bss           0x0000000000005b64        0x0 obj/default/address_map_nios2.o
 .bss           0x0000000000005b64        0x0 obj/default/main.o
 .bss           0x0000000000005b64        0x0 ../lab0_bsp/\libhal_bsp.a(alt_load.o)
 .bss           0x0000000000005b64        0x0 ../lab0_bsp/\libhal_bsp.a(alt_main.o)
 .bss           0x0000000000005b64        0x0 ../lab0_bsp/\libhal_bsp.a(alt_sys_init.o)
 .bss           0x0000000000005b64        0x0 ../lab0_bsp/\libhal_bsp.a(altera_avalon_jtag_uart_fd.o)
 .bss           0x0000000000005b64        0x0 ../lab0_bsp/\libhal_bsp.a(altera_avalon_jtag_uart_init.o)
 .bss           0x0000000000005b64        0x0 ../lab0_bsp/\libhal_bsp.a(altera_avalon_jtag_uart_ioctl.o)
 .bss           0x0000000000005b64        0x0 ../lab0_bsp/\libhal_bsp.a(altera_avalon_jtag_uart_read.o)
 .bss           0x0000000000005b64        0x0 ../lab0_bsp/\libhal_bsp.a(altera_avalon_jtag_uart_write.o)
 .bss           0x0000000000005b64        0x0 ../lab0_bsp/\libhal_bsp.a(altera_avalon_timer_sc.o)
 .bss           0x0000000000005b64        0x0 ../lab0_bsp/\libhal_bsp.a(alt_alarm_start.o)
 .bss           0x0000000000005b64        0x0 ../lab0_bsp/\libhal_bsp.a(alt_close.o)
 .bss           0x0000000000005b64        0x0 ../lab0_bsp/\libhal_bsp.a(alt_dcache_flush_all.o)
 .bss           0x0000000000005b64        0x0 ../lab0_bsp/\libhal_bsp.a(alt_dev.o)
 .bss           0x0000000000005b64        0x0 ../lab0_bsp/\libhal_bsp.a(alt_dev_llist_insert.o)
 .bss           0x0000000000005b64        0x0 ../lab0_bsp/\libhal_bsp.a(alt_do_ctors.o)
 .bss           0x0000000000005b64        0x0 ../lab0_bsp/\libhal_bsp.a(alt_do_dtors.o)
 .bss           0x0000000000005b64        0x0 ../lab0_bsp/\libhal_bsp.a(alt_errno.o)
 .bss           0x0000000000005b64        0x0 ../lab0_bsp/\libhal_bsp.a(alt_icache_flush_all.o)
 .bss           0x0000000000005b64        0x0 ../lab0_bsp/\libhal_bsp.a(alt_io_redirect.o)
 .bss           0x0000000000005b64        0x0 ../lab0_bsp/\libhal_bsp.a(alt_irq_register.o)
 .bss           0x0000000000005b64        0x0 ../lab0_bsp/\libhal_bsp.a(alt_irq_vars.o)
 .bss           0x0000000000005b64        0x0 ../lab0_bsp/\libhal_bsp.a(alt_open.o)
 .bss           0x0000000000005b64        0x0 ../lab0_bsp/\libhal_bsp.a(alt_release_fd.o)
 .bss           0x0000000000005b64        0x0 ../lab0_bsp/\libhal_bsp.a(alt_tick.o)
 .bss           0x0000000000005b64        0x0 ../lab0_bsp/\libhal_bsp.a(altera_nios2_gen2_irq.o)
 .bss           0x0000000000005b64        0x0 ../lab0_bsp/\libhal_bsp.a(alt_find_dev.o)
 .bss           0x0000000000005b64        0x0 ../lab0_bsp/\libhal_bsp.a(alt_find_file.o)
 .bss           0x0000000000005b64        0x0 ../lab0_bsp/\libhal_bsp.a(alt_get_fd.o)
 .bss           0x0000000000005b64        0x0 ../lab0_bsp/\libhal_bsp.a(alt_icache_flush.o)
 .bss           0x0000000000005b64        0x0 ../lab0_bsp/\libhal_bsp.a(alt_irq_entry.o)
 .bss           0x0000000000005b64        0x0 ../lab0_bsp/\libhal_bsp.a(alt_irq_handler.o)
 .bss           0x0000000000005b64        0x0 ../lab0_bsp/\libhal_bsp.a(alt_exception_entry.o)
 .bss           0x0000000000005b64        0x0 ../lab0_bsp/\libhal_bsp.a(alt_instruction_exception_entry.o)
 .bss           0x0000000000005b64        0x0 c:/intelfpga_lite/18.1/nios2eds/bin/gnu/h-x86_64-mingw32/bin/../lib/gcc/nios2-elf/5.3.0/../../../../../H-x86_64-mingw32/nios2-elf/lib/mhw-mulx\libc.a(lib_a-atexit.o)
 .bss           0x0000000000005b64        0x0 c:/intelfpga_lite/18.1/nios2eds/bin/gnu/h-x86_64-mingw32/bin/../lib/gcc/nios2-elf/5.3.0/../../../../../H-x86_64-mingw32/nios2-elf/lib/mhw-mulx\libc.a(lib_a-exit.o)
 .bss           0x0000000000005b64        0x0 c:/intelfpga_lite/18.1/nios2eds/bin/gnu/h-x86_64-mingw32/bin/../lib/gcc/nios2-elf/5.3.0/../../../../../H-x86_64-mingw32/nios2-elf/lib/mhw-mulx\libc.a(lib_a-impure.o)
 .bss           0x0000000000005b64        0x0 c:/intelfpga_lite/18.1/nios2eds/bin/gnu/h-x86_64-mingw32/bin/../lib/gcc/nios2-elf/5.3.0/../../../../../H-x86_64-mingw32/nios2-elf/lib/mhw-mulx\libc.a(lib_a-int_errno.o)
 .bss           0x0000000000005b64        0x0 c:/intelfpga_lite/18.1/nios2eds/bin/gnu/h-x86_64-mingw32/bin/../lib/gcc/nios2-elf/5.3.0/../../../../../H-x86_64-mingw32/nios2-elf/lib/mhw-mulx\libc.a(lib_a-memcmp.o)
 .bss           0x0000000000005b64        0x0 c:/intelfpga_lite/18.1/nios2eds/bin/gnu/h-x86_64-mingw32/bin/../lib/gcc/nios2-elf/5.3.0/../../../../../H-x86_64-mingw32/nios2-elf/lib/mhw-mulx\libc.a(lib_a-memcpy.o)
 .bss           0x0000000000005b64        0x0 c:/intelfpga_lite/18.1/nios2eds/bin/gnu/h-x86_64-mingw32/bin/../lib/gcc/nios2-elf/5.3.0/../../../../../H-x86_64-mingw32/nios2-elf/lib/mhw-mulx\libc.a(lib_a-strlen.o)
 .bss           0x0000000000005b64        0x0 c:/intelfpga_lite/18.1/nios2eds/bin/gnu/h-x86_64-mingw32/bin/../lib/gcc/nios2-elf/5.3.0/../../../../../H-x86_64-mingw32/nios2-elf/lib/mhw-mulx\libc.a(lib_a-__atexit.o)
 .bss           0x0000000000005b64        0x0 c:/intelfpga_lite/18.1/nios2eds/bin/gnu/h-x86_64-mingw32/bin/../lib/gcc/nios2-elf/5.3.0/../../../../../H-x86_64-mingw32/nios2-elf/lib/mhw-mulx\libc.a(lib_a-__call_atexit.o)
 .bss           0x0000000000005b64        0x0 ../lab0_bsp/\libhal_bsp.a(alt_exit.o)
 *(COMMON)
 COMMON         0x0000000000005b64      0x100 ../lab0_bsp/\libhal_bsp.a(alt_irq_handler.o)
                0x0000000000005b64                alt_irq
                0x0000000000005c64                . = ALIGN (0x4)
                0x0000000000005c64                __bss_end = ABSOLUTE (.)

.SDRAM          0x0000000000005c64        0x0
                [!provide]                        PROVIDE (_alt_partition_SDRAM_start, ABSOLUTE (.))
 *(.SDRAM .SDRAM. SDRAM.*)
                0x0000000000005c64                . = ALIGN (0x4)
                [!provide]                        PROVIDE (_alt_partition_SDRAM_end, ABSOLUTE (.))
                0x0000000000005c64                _end = ABSOLUTE (.)
                0x0000000000005c64                end = ABSOLUTE (.)
                0x0000000000005c64                __alt_stack_base = ABSOLUTE (.)
                [!provide]                        PROVIDE (_alt_partition_SDRAM_load_addr, LOADADDR (.SDRAM))

.Onchip_SRAM    0x0000000008000000        0x0 load address 0x0000000000005c64
                [!provide]                        PROVIDE (_alt_partition_Onchip_SRAM_start, ABSOLUTE (.))
 *(.Onchip_SRAM .Onchip_SRAM. Onchip_SRAM.*)
                0x0000000008000000                . = ALIGN (0x4)
                [!provide]                        PROVIDE (_alt_partition_Onchip_SRAM_end, ABSOLUTE (.))
                [!provide]                        PROVIDE (_alt_partition_Onchip_SRAM_load_addr, LOADADDR (.Onchip_SRAM))

.VGA_Subsystem_Char_Buf_Subsystem_Onchip_SRAM
                0x0000000009000000        0x0 load address 0x0000000000005c64
                [!provide]                        PROVIDE (_alt_partition_VGA_Subsystem_Char_Buf_Subsystem_Onchip_SRAM_start, ABSOLUTE (.))
 *(.VGA_Subsystem_Char_Buf_Subsystem_Onchip_SRAM .VGA_Subsystem_Char_Buf_Subsystem_Onchip_SRAM. VGA_Subsystem_Char_Buf_Subsystem_Onchip_SRAM.*)
                0x0000000009000000                . = ALIGN (0x4)
                [!provide]                        PROVIDE (_alt_partition_VGA_Subsystem_Char_Buf_Subsystem_Onchip_SRAM_end, ABSOLUTE (.))
                [!provide]                        PROVIDE (_alt_partition_VGA_Subsystem_Char_Buf_Subsystem_Onchip_SRAM_load_addr, LOADADDR (.VGA_Subsystem_Char_Buf_Subsystem_Onchip_SRAM))

.stab
 *(.stab)

.stabstr
 *(.stabstr)

.stab.excl
 *(.stab.excl)

.stab.exclstr
 *(.stab.exclstr)

.stab.index
 *(.stab.index)

.stab.indexstr
 *(.stab.indexstr)

.comment        0x0000000000000000       0x23
 *(.comment)
 .comment       0x0000000000000000       0x23 ../lab0_bsp/\libhal_bsp.a(alt_load.o)
                                         0x24 (size before relaxing)
 .comment       0x0000000000000023       0x24 ../lab0_bsp/\libhal_bsp.a(alt_main.o)
 .comment       0x0000000000000023       0x24 ../lab0_bsp/\libhal_bsp.a(alt_sys_init.o)
 .comment       0x0000000000000023       0x24 ../lab0_bsp/\libhal_bsp.a(altera_avalon_jtag_uart_fd.o)
 .comment       0x0000000000000023       0x24 ../lab0_bsp/\libhal_bsp.a(altera_avalon_jtag_uart_init.o)
 .comment       0x0000000000000023       0x24 ../lab0_bsp/\libhal_bsp.a(altera_avalon_jtag_uart_ioctl.o)
 .comment       0x0000000000000023       0x24 ../lab0_bsp/\libhal_bsp.a(altera_avalon_jtag_uart_read.o)
 .comment       0x0000000000000023       0x24 ../lab0_bsp/\libhal_bsp.a(altera_avalon_jtag_uart_write.o)
 .comment       0x0000000000000023       0x24 ../lab0_bsp/\libhal_bsp.a(altera_avalon_timer_sc.o)
 .comment       0x0000000000000023       0x24 ../lab0_bsp/\libhal_bsp.a(alt_alarm_start.o)
 .comment       0x0000000000000023       0x24 ../lab0_bsp/\libhal_bsp.a(alt_close.o)
 .comment       0x0000000000000023       0x24 ../lab0_bsp/\libhal_bsp.a(alt_dcache_flush_all.o)
 .comment       0x0000000000000023       0x24 ../lab0_bsp/\libhal_bsp.a(alt_dev.o)
 .comment       0x0000000000000023       0x24 ../lab0_bsp/\libhal_bsp.a(alt_dev_llist_insert.o)
 .comment       0x0000000000000023       0x24 ../lab0_bsp/\libhal_bsp.a(alt_do_ctors.o)
 .comment       0x0000000000000023       0x24 ../lab0_bsp/\libhal_bsp.a(alt_do_dtors.o)
 .comment       0x0000000000000023       0x24 ../lab0_bsp/\libhal_bsp.a(alt_errno.o)
 .comment       0x0000000000000023       0x24 ../lab0_bsp/\libhal_bsp.a(alt_icache_flush_all.o)
 .comment       0x0000000000000023       0x24 ../lab0_bsp/\libhal_bsp.a(alt_io_redirect.o)
 .comment       0x0000000000000023       0x24 ../lab0_bsp/\libhal_bsp.a(alt_irq_register.o)
 .comment       0x0000000000000023       0x24 ../lab0_bsp/\libhal_bsp.a(alt_irq_vars.o)
 .comment       0x0000000000000023       0x24 ../lab0_bsp/\libhal_bsp.a(alt_open.o)
 .comment       0x0000000000000023       0x24 ../lab0_bsp/\libhal_bsp.a(alt_release_fd.o)
 .comment       0x0000000000000023       0x24 ../lab0_bsp/\libhal_bsp.a(alt_tick.o)
 .comment       0x0000000000000023       0x24 ../lab0_bsp/\libhal_bsp.a(altera_nios2_gen2_irq.o)
 .comment       0x0000000000000023       0x24 ../lab0_bsp/\libhal_bsp.a(alt_find_dev.o)
 .comment       0x0000000000000023       0x24 ../lab0_bsp/\libhal_bsp.a(alt_find_file.o)
 .comment       0x0000000000000023       0x24 ../lab0_bsp/\libhal_bsp.a(alt_get_fd.o)
 .comment       0x0000000000000023       0x24 ../lab0_bsp/\libhal_bsp.a(alt_icache_flush.o)
 .comment       0x0000000000000023       0x24 ../lab0_bsp/\libhal_bsp.a(alt_irq_handler.o)
 .comment       0x0000000000000023       0x24 ../lab0_bsp/\libhal_bsp.a(alt_instruction_exception_entry.o)
 .comment       0x0000000000000023       0x24 c:/intelfpga_lite/18.1/nios2eds/bin/gnu/h-x86_64-mingw32/bin/../lib/gcc/nios2-elf/5.3.0/../../../../../H-x86_64-mingw32/nios2-elf/lib/mhw-mulx\libc.a(lib_a-atexit.o)
 .comment       0x0000000000000023       0x24 c:/intelfpga_lite/18.1/nios2eds/bin/gnu/h-x86_64-mingw32/bin/../lib/gcc/nios2-elf/5.3.0/../../../../../H-x86_64-mingw32/nios2-elf/lib/mhw-mulx\libc.a(lib_a-exit.o)
 .comment       0x0000000000000023       0x24 c:/intelfpga_lite/18.1/nios2eds/bin/gnu/h-x86_64-mingw32/bin/../lib/gcc/nios2-elf/5.3.0/../../../../../H-x86_64-mingw32/nios2-elf/lib/mhw-mulx\libc.a(lib_a-impure.o)
 .comment       0x0000000000000023       0x24 c:/intelfpga_lite/18.1/nios2eds/bin/gnu/h-x86_64-mingw32/bin/../lib/gcc/nios2-elf/5.3.0/../../../../../H-x86_64-mingw32/nios2-elf/lib/mhw-mulx\libc.a(lib_a-int_errno.o)
 .comment       0x0000000000000023       0x24 c:/intelfpga_lite/18.1/nios2eds/bin/gnu/h-x86_64-mingw32/bin/../lib/gcc/nios2-elf/5.3.0/../../../../../H-x86_64-mingw32/nios2-elf/lib/mhw-mulx\libc.a(lib_a-memcmp.o)
 .comment       0x0000000000000023       0x24 c:/intelfpga_lite/18.1/nios2eds/bin/gnu/h-x86_64-mingw32/bin/../lib/gcc/nios2-elf/5.3.0/../../../../../H-x86_64-mingw32/nios2-elf/lib/mhw-mulx\libc.a(lib_a-memcpy.o)
 .comment       0x0000000000000023       0x24 c:/intelfpga_lite/18.1/nios2eds/bin/gnu/h-x86_64-mingw32/bin/../lib/gcc/nios2-elf/5.3.0/../../../../../H-x86_64-mingw32/nios2-elf/lib/mhw-mulx\libc.a(lib_a-strlen.o)
 .comment       0x0000000000000023       0x24 c:/intelfpga_lite/18.1/nios2eds/bin/gnu/h-x86_64-mingw32/bin/../lib/gcc/nios2-elf/5.3.0/../../../../../H-x86_64-mingw32/nios2-elf/lib/mhw-mulx\libc.a(lib_a-__atexit.o)
 .comment       0x0000000000000023       0x24 c:/intelfpga_lite/18.1/nios2eds/bin/gnu/h-x86_64-mingw32/bin/../lib/gcc/nios2-elf/5.3.0/../../../../../H-x86_64-mingw32/nios2-elf/lib/mhw-mulx\libc.a(lib_a-__call_atexit.o)
 .comment       0x0000000000000023       0x24 ../lab0_bsp/\libhal_bsp.a(alt_exit.o)

.debug
 *(.debug)

.line
 *(.line)

.debug_srcinfo
 *(.debug_srcinfo)

.debug_sfnames
 *(.debug_sfnames)

.debug_aranges  0x0000000000000000      0x5b8
 *(.debug_aranges)
 .debug_aranges
                0x0000000000000000       0x28 ../lab0_bsp//obj/HAL/src/crt0.o
 .debug_aranges
                0x0000000000000028       0x20 obj/default/main.o
 .debug_aranges
                0x0000000000000048       0x20 ../lab0_bsp/\libhal_bsp.a(alt_load.o)
 .debug_aranges
                0x0000000000000068       0x20 ../lab0_bsp/\libhal_bsp.a(alt_main.o)
 .debug_aranges
                0x0000000000000088       0x20 ../lab0_bsp/\libhal_bsp.a(alt_sys_init.o)
 .debug_aranges
                0x00000000000000a8       0x20 ../lab0_bsp/\libhal_bsp.a(altera_avalon_jtag_uart_fd.o)
 .debug_aranges
                0x00000000000000c8       0x20 ../lab0_bsp/\libhal_bsp.a(altera_avalon_jtag_uart_init.o)
 .debug_aranges
                0x00000000000000e8       0x20 ../lab0_bsp/\libhal_bsp.a(altera_avalon_jtag_uart_ioctl.o)
 .debug_aranges
                0x0000000000000108       0x20 ../lab0_bsp/\libhal_bsp.a(altera_avalon_jtag_uart_read.o)
 .debug_aranges
                0x0000000000000128       0x20 ../lab0_bsp/\libhal_bsp.a(altera_avalon_jtag_uart_write.o)
 .debug_aranges
                0x0000000000000148       0x20 ../lab0_bsp/\libhal_bsp.a(altera_avalon_timer_sc.o)
 .debug_aranges
                0x0000000000000168       0x20 ../lab0_bsp/\libhal_bsp.a(alt_alarm_start.o)
 .debug_aranges
                0x0000000000000188       0x20 ../lab0_bsp/\libhal_bsp.a(alt_close.o)
 .debug_aranges
                0x00000000000001a8       0x20 ../lab0_bsp/\libhal_bsp.a(alt_dcache_flush_all.o)
 .debug_aranges
                0x00000000000001c8       0x20 ../lab0_bsp/\libhal_bsp.a(alt_dev.o)
 .debug_aranges
                0x00000000000001e8       0x20 ../lab0_bsp/\libhal_bsp.a(alt_dev_llist_insert.o)
 .debug_aranges
                0x0000000000000208       0x20 ../lab0_bsp/\libhal_bsp.a(alt_do_ctors.o)
 .debug_aranges
                0x0000000000000228       0x20 ../lab0_bsp/\libhal_bsp.a(alt_do_dtors.o)
 .debug_aranges
                0x0000000000000248       0x18 ../lab0_bsp/\libhal_bsp.a(alt_errno.o)
 .debug_aranges
                0x0000000000000260       0x20 ../lab0_bsp/\libhal_bsp.a(alt_icache_flush_all.o)
 .debug_aranges
                0x0000000000000280       0x20 ../lab0_bsp/\libhal_bsp.a(alt_io_redirect.o)
 .debug_aranges
                0x00000000000002a0       0x20 ../lab0_bsp/\libhal_bsp.a(alt_irq_register.o)
 .debug_aranges
                0x00000000000002c0       0x18 ../lab0_bsp/\libhal_bsp.a(alt_irq_vars.o)
 .debug_aranges
                0x00000000000002d8       0x20 ../lab0_bsp/\libhal_bsp.a(alt_open.o)
 .debug_aranges
                0x00000000000002f8       0x20 ../lab0_bsp/\libhal_bsp.a(alt_release_fd.o)
 .debug_aranges
                0x0000000000000318       0x20 ../lab0_bsp/\libhal_bsp.a(alt_tick.o)
 .debug_aranges
                0x0000000000000338       0x20 ../lab0_bsp/\libhal_bsp.a(altera_nios2_gen2_irq.o)
 .debug_aranges
                0x0000000000000358       0x20 ../lab0_bsp/\libhal_bsp.a(alt_find_dev.o)
 .debug_aranges
                0x0000000000000378       0x20 ../lab0_bsp/\libhal_bsp.a(alt_find_file.o)
 .debug_aranges
                0x0000000000000398       0x20 ../lab0_bsp/\libhal_bsp.a(alt_get_fd.o)
 .debug_aranges
                0x00000000000003b8       0x20 ../lab0_bsp/\libhal_bsp.a(alt_icache_flush.o)
 .debug_aranges
                0x00000000000003d8       0x30 ../lab0_bsp/\libhal_bsp.a(alt_irq_entry.o)
 .debug_aranges
                0x0000000000000408       0x20 ../lab0_bsp/\libhal_bsp.a(alt_irq_handler.o)
 .debug_aranges
                0x0000000000000428       0x38 ../lab0_bsp/\libhal_bsp.a(alt_exception_entry.o)
 .debug_aranges
                0x0000000000000460       0x28 ../lab0_bsp/\libhal_bsp.a(alt_instruction_exception_entry.o)
 .debug_aranges
                0x0000000000000488       0x20 c:/intelfpga_lite/18.1/nios2eds/bin/gnu/h-x86_64-mingw32/bin/../lib/gcc/nios2-elf/5.3.0/../../../../../H-x86_64-mingw32/nios2-elf/lib/mhw-mulx\libc.a(lib_a-atexit.o)
 .debug_aranges
                0x00000000000004a8       0x20 c:/intelfpga_lite/18.1/nios2eds/bin/gnu/h-x86_64-mingw32/bin/../lib/gcc/nios2-elf/5.3.0/../../../../../H-x86_64-mingw32/nios2-elf/lib/mhw-mulx\libc.a(lib_a-exit.o)
 .debug_aranges
                0x00000000000004c8       0x18 c:/intelfpga_lite/18.1/nios2eds/bin/gnu/h-x86_64-mingw32/bin/../lib/gcc/nios2-elf/5.3.0/../../../../../H-x86_64-mingw32/nios2-elf/lib/mhw-mulx\libc.a(lib_a-impure.o)
 .debug_aranges
                0x00000000000004e0       0x18 c:/intelfpga_lite/18.1/nios2eds/bin/gnu/h-x86_64-mingw32/bin/../lib/gcc/nios2-elf/5.3.0/../../../../../H-x86_64-mingw32/nios2-elf/lib/mhw-mulx\libc.a(lib_a-int_errno.o)
 .debug_aranges
                0x00000000000004f8       0x20 c:/intelfpga_lite/18.1/nios2eds/bin/gnu/h-x86_64-mingw32/bin/../lib/gcc/nios2-elf/5.3.0/../../../../../H-x86_64-mingw32/nios2-elf/lib/mhw-mulx\libc.a(lib_a-memcmp.o)
 .debug_aranges
                0x0000000000000518       0x20 c:/intelfpga_lite/18.1/nios2eds/bin/gnu/h-x86_64-mingw32/bin/../lib/gcc/nios2-elf/5.3.0/../../../../../H-x86_64-mingw32/nios2-elf/lib/mhw-mulx\libc.a(lib_a-memcpy.o)
 .debug_aranges
                0x0000000000000538       0x20 c:/intelfpga_lite/18.1/nios2eds/bin/gnu/h-x86_64-mingw32/bin/../lib/gcc/nios2-elf/5.3.0/../../../../../H-x86_64-mingw32/nios2-elf/lib/mhw-mulx\libc.a(lib_a-strlen.o)
 .debug_aranges
                0x0000000000000558       0x20 c:/intelfpga_lite/18.1/nios2eds/bin/gnu/h-x86_64-mingw32/bin/../lib/gcc/nios2-elf/5.3.0/../../../../../H-x86_64-mingw32/nios2-elf/lib/mhw-mulx\libc.a(lib_a-__atexit.o)
 .debug_aranges
                0x0000000000000578       0x20 c:/intelfpga_lite/18.1/nios2eds/bin/gnu/h-x86_64-mingw32/bin/../lib/gcc/nios2-elf/5.3.0/../../../../../H-x86_64-mingw32/nios2-elf/lib/mhw-mulx\libc.a(lib_a-__call_atexit.o)
 .debug_aranges
                0x0000000000000598       0x20 ../lab0_bsp/\libhal_bsp.a(alt_exit.o)

.debug_pubnames
 *(.debug_pubnames)

.debug_info     0x0000000000000000     0x78d5
 *(.debug_info .gnu.linkonce.wi.*)
 .debug_info    0x0000000000000000       0x7b ../lab0_bsp//obj/HAL/src/crt0.o
 .debug_info    0x000000000000007b       0x73 obj/default/main.o
 .debug_info    0x00000000000000ee      0x145 ../lab0_bsp/\libhal_bsp.a(alt_load.o)
 .debug_info    0x0000000000000233      0x157 ../lab0_bsp/\libhal_bsp.a(alt_main.o)
 .debug_info    0x000000000000038a      0x74d ../lab0_bsp/\libhal_bsp.a(alt_sys_init.o)
 .debug_info    0x0000000000000ad7      0x52e ../lab0_bsp/\libhal_bsp.a(altera_avalon_jtag_uart_fd.o)
 .debug_info    0x0000000000001005      0x3c3 ../lab0_bsp/\libhal_bsp.a(altera_avalon_jtag_uart_init.o)
 .debug_info    0x00000000000013c8      0x280 ../lab0_bsp/\libhal_bsp.a(altera_avalon_jtag_uart_ioctl.o)
 .debug_info    0x0000000000001648      0x35b ../lab0_bsp/\libhal_bsp.a(altera_avalon_jtag_uart_read.o)
 .debug_info    0x00000000000019a3      0x356 ../lab0_bsp/\libhal_bsp.a(altera_avalon_jtag_uart_write.o)
 .debug_info    0x0000000000001cf9      0x249 ../lab0_bsp/\libhal_bsp.a(altera_avalon_timer_sc.o)
 .debug_info    0x0000000000001f42      0x2e2 ../lab0_bsp/\libhal_bsp.a(alt_alarm_start.o)
 .debug_info    0x0000000000002224      0x321 ../lab0_bsp/\libhal_bsp.a(alt_close.o)
 .debug_info    0x0000000000002545       0x92 ../lab0_bsp/\libhal_bsp.a(alt_dcache_flush_all.o)
 .debug_info    0x00000000000025d7      0x49c ../lab0_bsp/\libhal_bsp.a(alt_dev.o)
 .debug_info    0x0000000000002a73      0x1a9 ../lab0_bsp/\libhal_bsp.a(alt_dev_llist_insert.o)
 .debug_info    0x0000000000002c1c       0x83 ../lab0_bsp/\libhal_bsp.a(alt_do_ctors.o)
 .debug_info    0x0000000000002c9f       0x83 ../lab0_bsp/\libhal_bsp.a(alt_do_dtors.o)
 .debug_info    0x0000000000002d22       0xa6 ../lab0_bsp/\libhal_bsp.a(alt_errno.o)
 .debug_info    0x0000000000002dc8       0x92 ../lab0_bsp/\libhal_bsp.a(alt_icache_flush_all.o)
 .debug_info    0x0000000000002e5a      0x4a5 ../lab0_bsp/\libhal_bsp.a(alt_io_redirect.o)
 .debug_info    0x00000000000032ff      0x329 ../lab0_bsp/\libhal_bsp.a(alt_irq_register.o)
 .debug_info    0x0000000000003628       0x88 ../lab0_bsp/\libhal_bsp.a(alt_irq_vars.o)
 .debug_info    0x00000000000036b0      0x3bb ../lab0_bsp/\libhal_bsp.a(alt_open.o)
 .debug_info    0x0000000000003a6b      0x2b0 ../lab0_bsp/\libhal_bsp.a(alt_release_fd.o)
 .debug_info    0x0000000000003d1b      0x2af ../lab0_bsp/\libhal_bsp.a(alt_tick.o)
 .debug_info    0x0000000000003fca       0xb8 ../lab0_bsp/\libhal_bsp.a(altera_nios2_gen2_irq.o)
 .debug_info    0x0000000000004082      0x2e9 ../lab0_bsp/\libhal_bsp.a(alt_find_dev.o)
 .debug_info    0x000000000000436b      0x2e6 ../lab0_bsp/\libhal_bsp.a(alt_find_file.o)
 .debug_info    0x0000000000004651      0x310 ../lab0_bsp/\libhal_bsp.a(alt_get_fd.o)
 .debug_info    0x0000000000004961       0xdc ../lab0_bsp/\libhal_bsp.a(alt_icache_flush.o)
 .debug_info    0x0000000000004a3d       0x84 ../lab0_bsp/\libhal_bsp.a(alt_irq_entry.o)
 .debug_info    0x0000000000004ac1      0x1a7 ../lab0_bsp/\libhal_bsp.a(alt_irq_handler.o)
 .debug_info    0x0000000000004c68       0x8a ../lab0_bsp/\libhal_bsp.a(alt_exception_entry.o)
 .debug_info    0x0000000000004cf2      0x1e7 ../lab0_bsp/\libhal_bsp.a(alt_instruction_exception_entry.o)
 .debug_info    0x0000000000004ed9       0xfe c:/intelfpga_lite/18.1/nios2eds/bin/gnu/h-x86_64-mingw32/bin/../lib/gcc/nios2-elf/5.3.0/../../../../../H-x86_64-mingw32/nios2-elf/lib/mhw-mulx\libc.a(lib_a-atexit.o)
 .debug_info    0x0000000000004fd7      0x8e4 c:/intelfpga_lite/18.1/nios2eds/bin/gnu/h-x86_64-mingw32/bin/../lib/gcc/nios2-elf/5.3.0/../../../../../H-x86_64-mingw32/nios2-elf/lib/mhw-mulx\libc.a(lib_a-exit.o)
 .debug_info    0x00000000000058bb      0x8a1 c:/intelfpga_lite/18.1/nios2eds/bin/gnu/h-x86_64-mingw32/bin/../lib/gcc/nios2-elf/5.3.0/../../../../../H-x86_64-mingw32/nios2-elf/lib/mhw-mulx\libc.a(lib_a-impure.o)
 .debug_info    0x000000000000615c       0x8a c:/intelfpga_lite/18.1/nios2eds/bin/gnu/h-x86_64-mingw32/bin/../lib/gcc/nios2-elf/5.3.0/../../../../../H-x86_64-mingw32/nios2-elf/lib/mhw-mulx\libc.a(lib_a-int_errno.o)
 .debug_info    0x00000000000061e6      0x11a c:/intelfpga_lite/18.1/nios2eds/bin/gnu/h-x86_64-mingw32/bin/../lib/gcc/nios2-elf/5.3.0/../../../../../H-x86_64-mingw32/nios2-elf/lib/mhw-mulx\libc.a(lib_a-memcmp.o)
 .debug_info    0x0000000000006300      0x144 c:/intelfpga_lite/18.1/nios2eds/bin/gnu/h-x86_64-mingw32/bin/../lib/gcc/nios2-elf/5.3.0/../../../../../H-x86_64-mingw32/nios2-elf/lib/mhw-mulx\libc.a(lib_a-memcpy.o)
 .debug_info    0x0000000000006444       0xe2 c:/intelfpga_lite/18.1/nios2eds/bin/gnu/h-x86_64-mingw32/bin/../lib/gcc/nios2-elf/5.3.0/../../../../../H-x86_64-mingw32/nios2-elf/lib/mhw-mulx\libc.a(lib_a-strlen.o)
 .debug_info    0x0000000000006526      0x934 c:/intelfpga_lite/18.1/nios2eds/bin/gnu/h-x86_64-mingw32/bin/../lib/gcc/nios2-elf/5.3.0/../../../../../H-x86_64-mingw32/nios2-elf/lib/mhw-mulx\libc.a(lib_a-__atexit.o)
 .debug_info    0x0000000000006e5a      0x965 c:/intelfpga_lite/18.1/nios2eds/bin/gnu/h-x86_64-mingw32/bin/../lib/gcc/nios2-elf/5.3.0/../../../../../H-x86_64-mingw32/nios2-elf/lib/mhw-mulx\libc.a(lib_a-__call_atexit.o)
 .debug_info    0x00000000000077bf      0x116 ../lab0_bsp/\libhal_bsp.a(alt_exit.o)

.debug_abbrev   0x0000000000000000     0x297b
 *(.debug_abbrev)
 .debug_abbrev  0x0000000000000000       0x12 ../lab0_bsp//obj/HAL/src/crt0.o
 .debug_abbrev  0x0000000000000012       0x14 obj/default/main.o
 .debug_abbrev  0x0000000000000026       0x9f ../lab0_bsp/\libhal_bsp.a(alt_load.o)
 .debug_abbrev  0x00000000000000c5       0xc1 ../lab0_bsp/\libhal_bsp.a(alt_main.o)
 .debug_abbrev  0x0000000000000186      0x192 ../lab0_bsp/\libhal_bsp.a(alt_sys_init.o)
 .debug_abbrev  0x0000000000000318      0x127 ../lab0_bsp/\libhal_bsp.a(altera_avalon_jtag_uart_fd.o)
 .debug_abbrev  0x000000000000043f      0x19e ../lab0_bsp/\libhal_bsp.a(altera_avalon_jtag_uart_init.o)
 .debug_abbrev  0x00000000000005dd      0x111 ../lab0_bsp/\libhal_bsp.a(altera_avalon_jtag_uart_ioctl.o)
 .debug_abbrev  0x00000000000006ee      0x1aa ../lab0_bsp/\libhal_bsp.a(altera_avalon_jtag_uart_read.o)
 .debug_abbrev  0x0000000000000898      0x1a8 ../lab0_bsp/\libhal_bsp.a(altera_avalon_jtag_uart_write.o)
 .debug_abbrev  0x0000000000000a40      0x155 ../lab0_bsp/\libhal_bsp.a(altera_avalon_timer_sc.o)
 .debug_abbrev  0x0000000000000b95      0x162 ../lab0_bsp/\libhal_bsp.a(alt_alarm_start.o)
 .debug_abbrev  0x0000000000000cf7      0x11f ../lab0_bsp/\libhal_bsp.a(alt_close.o)
 .debug_abbrev  0x0000000000000e16       0x42 ../lab0_bsp/\libhal_bsp.a(alt_dcache_flush_all.o)
 .debug_abbrev  0x0000000000000e58       0xd9 ../lab0_bsp/\libhal_bsp.a(alt_dev.o)
 .debug_abbrev  0x0000000000000f31      0x114 ../lab0_bsp/\libhal_bsp.a(alt_dev_llist_insert.o)
 .debug_abbrev  0x0000000000001045       0x79 ../lab0_bsp/\libhal_bsp.a(alt_do_ctors.o)
 .debug_abbrev  0x00000000000010be       0x79 ../lab0_bsp/\libhal_bsp.a(alt_do_dtors.o)
 .debug_abbrev  0x0000000000001137       0x5a ../lab0_bsp/\libhal_bsp.a(alt_errno.o)
 .debug_abbrev  0x0000000000001191       0x42 ../lab0_bsp/\libhal_bsp.a(alt_icache_flush_all.o)
 .debug_abbrev  0x00000000000011d3      0x114 ../lab0_bsp/\libhal_bsp.a(alt_io_redirect.o)
 .debug_abbrev  0x00000000000012e7      0x186 ../lab0_bsp/\libhal_bsp.a(alt_irq_register.o)
 .debug_abbrev  0x000000000000146d       0x40 ../lab0_bsp/\libhal_bsp.a(alt_irq_vars.o)
 .debug_abbrev  0x00000000000014ad      0x148 ../lab0_bsp/\libhal_bsp.a(alt_open.o)
 .debug_abbrev  0x00000000000015f5       0xde ../lab0_bsp/\libhal_bsp.a(alt_release_fd.o)
 .debug_abbrev  0x00000000000016d3      0x16b ../lab0_bsp/\libhal_bsp.a(alt_tick.o)
 .debug_abbrev  0x000000000000183e       0x67 ../lab0_bsp/\libhal_bsp.a(altera_nios2_gen2_irq.o)
 .debug_abbrev  0x00000000000018a5       0xf0 ../lab0_bsp/\libhal_bsp.a(alt_find_dev.o)
 .debug_abbrev  0x0000000000001995       0xf0 ../lab0_bsp/\libhal_bsp.a(alt_find_file.o)
 .debug_abbrev  0x0000000000001a85      0x10d ../lab0_bsp/\libhal_bsp.a(alt_get_fd.o)
 .debug_abbrev  0x0000000000001b92       0x8c ../lab0_bsp/\libhal_bsp.a(alt_icache_flush.o)
 .debug_abbrev  0x0000000000001c1e       0x12 ../lab0_bsp/\libhal_bsp.a(alt_irq_entry.o)
 .debug_abbrev  0x0000000000001c30      0x13a ../lab0_bsp/\libhal_bsp.a(alt_irq_handler.o)
 .debug_abbrev  0x0000000000001d6a       0x12 ../lab0_bsp/\libhal_bsp.a(alt_exception_entry.o)
 .debug_abbrev  0x0000000000001d7c       0xdc ../lab0_bsp/\libhal_bsp.a(alt_instruction_exception_entry.o)
 .debug_abbrev  0x0000000000001e58       0xaa c:/intelfpga_lite/18.1/nios2eds/bin/gnu/h-x86_64-mingw32/bin/../lib/gcc/nios2-elf/5.3.0/../../../../../H-x86_64-mingw32/nios2-elf/lib/mhw-mulx\libc.a(lib_a-atexit.o)
 .debug_abbrev  0x0000000000001f02      0x1e5 c:/intelfpga_lite/18.1/nios2eds/bin/gnu/h-x86_64-mingw32/bin/../lib/gcc/nios2-elf/5.3.0/../../../../../H-x86_64-mingw32/nios2-elf/lib/mhw-mulx\libc.a(lib_a-exit.o)
 .debug_abbrev  0x00000000000020e7      0x18f c:/intelfpga_lite/18.1/nios2eds/bin/gnu/h-x86_64-mingw32/bin/../lib/gcc/nios2-elf/5.3.0/../../../../../H-x86_64-mingw32/nios2-elf/lib/mhw-mulx\libc.a(lib_a-impure.o)
 .debug_abbrev  0x0000000000002276       0x37 c:/intelfpga_lite/18.1/nios2eds/bin/gnu/h-x86_64-mingw32/bin/../lib/gcc/nios2-elf/5.3.0/../../../../../H-x86_64-mingw32/nios2-elf/lib/mhw-mulx\libc.a(lib_a-int_errno.o)
 .debug_abbrev  0x00000000000022ad       0x7f c:/intelfpga_lite/18.1/nios2eds/bin/gnu/h-x86_64-mingw32/bin/../lib/gcc/nios2-elf/5.3.0/../../../../../H-x86_64-mingw32/nios2-elf/lib/mhw-mulx\libc.a(lib_a-memcmp.o)
 .debug_abbrev  0x000000000000232c       0xa3 c:/intelfpga_lite/18.1/nios2eds/bin/gnu/h-x86_64-mingw32/bin/../lib/gcc/nios2-elf/5.3.0/../../../../../H-x86_64-mingw32/nios2-elf/lib/mhw-mulx\libc.a(lib_a-memcpy.o)
 .debug_abbrev  0x00000000000023cf       0x90 c:/intelfpga_lite/18.1/nios2eds/bin/gnu/h-x86_64-mingw32/bin/../lib/gcc/nios2-elf/5.3.0/../../../../../H-x86_64-mingw32/nios2-elf/lib/mhw-mulx\libc.a(lib_a-strlen.o)
 .debug_abbrev  0x000000000000245f      0x21e c:/intelfpga_lite/18.1/nios2eds/bin/gnu/h-x86_64-mingw32/bin/../lib/gcc/nios2-elf/5.3.0/../../../../../H-x86_64-mingw32/nios2-elf/lib/mhw-mulx\libc.a(lib_a-__atexit.o)
 .debug_abbrev  0x000000000000267d      0x22e c:/intelfpga_lite/18.1/nios2eds/bin/gnu/h-x86_64-mingw32/bin/../lib/gcc/nios2-elf/5.3.0/../../../../../H-x86_64-mingw32/nios2-elf/lib/mhw-mulx\libc.a(lib_a-__call_atexit.o)
 .debug_abbrev  0x00000000000028ab       0xd0 ../lab0_bsp/\libhal_bsp.a(alt_exit.o)

.debug_line     0x0000000000000000     0x2c8b
 *(.debug_line)
 .debug_line    0x0000000000000000       0x6c ../lab0_bsp//obj/HAL/src/crt0.o
 .debug_line    0x000000000000006c       0x52 obj/default/main.o
 .debug_line    0x00000000000000be       0x8e ../lab0_bsp/\libhal_bsp.a(alt_load.o)
 .debug_line    0x000000000000014c       0xd1 ../lab0_bsp/\libhal_bsp.a(alt_main.o)
 .debug_line    0x000000000000021d      0x28f ../lab0_bsp/\libhal_bsp.a(alt_sys_init.o)
 .debug_line    0x00000000000004ac      0x12f ../lab0_bsp/\libhal_bsp.a(altera_avalon_jtag_uart_fd.o)
 .debug_line    0x00000000000005db      0x19f ../lab0_bsp/\libhal_bsp.a(altera_avalon_jtag_uart_init.o)
 .debug_line    0x000000000000077a      0x131 ../lab0_bsp/\libhal_bsp.a(altera_avalon_jtag_uart_ioctl.o)
 .debug_line    0x00000000000008ab      0x185 ../lab0_bsp/\libhal_bsp.a(altera_avalon_jtag_uart_read.o)
 .debug_line    0x0000000000000a30      0x184 ../lab0_bsp/\libhal_bsp.a(altera_avalon_jtag_uart_write.o)
 .debug_line    0x0000000000000bb4      0x113 ../lab0_bsp/\libhal_bsp.a(altera_avalon_timer_sc.o)
 .debug_line    0x0000000000000cc7      0x10d ../lab0_bsp/\libhal_bsp.a(alt_alarm_start.o)
 .debug_line    0x0000000000000dd4      0x165 ../lab0_bsp/\libhal_bsp.a(alt_close.o)
 .debug_line    0x0000000000000f39       0x51 ../lab0_bsp/\libhal_bsp.a(alt_dcache_flush_all.o)
 .debug_line    0x0000000000000f8a       0xf8 ../lab0_bsp/\libhal_bsp.a(alt_dev.o)
 .debug_line    0x0000000000001082       0xcf ../lab0_bsp/\libhal_bsp.a(alt_dev_llist_insert.o)
 .debug_line    0x0000000000001151       0x59 ../lab0_bsp/\libhal_bsp.a(alt_do_ctors.o)
 .debug_line    0x00000000000011aa       0x59 ../lab0_bsp/\libhal_bsp.a(alt_do_dtors.o)
 .debug_line    0x0000000000001203       0x51 ../lab0_bsp/\libhal_bsp.a(alt_errno.o)
 .debug_line    0x0000000000001254       0x50 ../lab0_bsp/\libhal_bsp.a(alt_icache_flush_all.o)
 .debug_line    0x00000000000012a4      0x133 ../lab0_bsp/\libhal_bsp.a(alt_io_redirect.o)
 .debug_line    0x00000000000013d7      0x155 ../lab0_bsp/\libhal_bsp.a(alt_irq_register.o)
 .debug_line    0x000000000000152c       0x50 ../lab0_bsp/\libhal_bsp.a(alt_irq_vars.o)
 .debug_line    0x000000000000157c      0x128 ../lab0_bsp/\libhal_bsp.a(alt_open.o)
 .debug_line    0x00000000000016a4       0xae ../lab0_bsp/\libhal_bsp.a(alt_release_fd.o)
 .debug_line    0x0000000000001752      0x113 ../lab0_bsp/\libhal_bsp.a(alt_tick.o)
 .debug_line    0x0000000000001865       0x8d ../lab0_bsp/\libhal_bsp.a(altera_nios2_gen2_irq.o)
 .debug_line    0x00000000000018f2       0xb5 ../lab0_bsp/\libhal_bsp.a(alt_find_dev.o)
 .debug_line    0x00000000000019a7       0xd1 ../lab0_bsp/\libhal_bsp.a(alt_find_file.o)
 .debug_line    0x0000000000001a78       0xd4 ../lab0_bsp/\libhal_bsp.a(alt_get_fd.o)
 .debug_line    0x0000000000001b4c       0x81 ../lab0_bsp/\libhal_bsp.a(alt_icache_flush.o)
 .debug_line    0x0000000000001bcd       0x6b ../lab0_bsp/\libhal_bsp.a(alt_irq_entry.o)
 .debug_line    0x0000000000001c38       0xcd ../lab0_bsp/\libhal_bsp.a(alt_irq_handler.o)
 .debug_line    0x0000000000001d05       0xb3 ../lab0_bsp/\libhal_bsp.a(alt_exception_entry.o)
 .debug_line    0x0000000000001db8       0xba ../lab0_bsp/\libhal_bsp.a(alt_instruction_exception_entry.o)
 .debug_line    0x0000000000001e72       0xe7 c:/intelfpga_lite/18.1/nios2eds/bin/gnu/h-x86_64-mingw32/bin/../lib/gcc/nios2-elf/5.3.0/../../../../../H-x86_64-mingw32/nios2-elf/lib/mhw-mulx\libc.a(lib_a-atexit.o)
 .debug_line    0x0000000000001f59      0x1fc c:/intelfpga_lite/18.1/nios2eds/bin/gnu/h-x86_64-mingw32/bin/../lib/gcc/nios2-elf/5.3.0/../../../../../H-x86_64-mingw32/nios2-elf/lib/mhw-mulx\libc.a(lib_a-exit.o)
 .debug_line    0x0000000000002155      0x160 c:/intelfpga_lite/18.1/nios2eds/bin/gnu/h-x86_64-mingw32/bin/../lib/gcc/nios2-elf/5.3.0/../../../../../H-x86_64-mingw32/nios2-elf/lib/mhw-mulx\libc.a(lib_a-impure.o)
 .debug_line    0x00000000000022b5       0x5f c:/intelfpga_lite/18.1/nios2eds/bin/gnu/h-x86_64-mingw32/bin/../lib/gcc/nios2-elf/5.3.0/../../../../../H-x86_64-mingw32/nios2-elf/lib/mhw-mulx\libc.a(lib_a-int_errno.o)
 .debug_line    0x0000000000002314      0x176 c:/intelfpga_lite/18.1/nios2eds/bin/gnu/h-x86_64-mingw32/bin/../lib/gcc/nios2-elf/5.3.0/../../../../../H-x86_64-mingw32/nios2-elf/lib/mhw-mulx\libc.a(lib_a-memcmp.o)
 .debug_line    0x000000000000248a      0x18c c:/intelfpga_lite/18.1/nios2eds/bin/gnu/h-x86_64-mingw32/bin/../lib/gcc/nios2-elf/5.3.0/../../../../../H-x86_64-mingw32/nios2-elf/lib/mhw-mulx\libc.a(lib_a-memcpy.o)
 .debug_line    0x0000000000002616      0x16f c:/intelfpga_lite/18.1/nios2eds/bin/gnu/h-x86_64-mingw32/bin/../lib/gcc/nios2-elf/5.3.0/../../../../../H-x86_64-mingw32/nios2-elf/lib/mhw-mulx\libc.a(lib_a-strlen.o)
 .debug_line    0x0000000000002785      0x21f c:/intelfpga_lite/18.1/nios2eds/bin/gnu/h-x86_64-mingw32/bin/../lib/gcc/nios2-elf/5.3.0/../../../../../H-x86_64-mingw32/nios2-elf/lib/mhw-mulx\libc.a(lib_a-__atexit.o)
 .debug_line    0x00000000000029a4      0x23a c:/intelfpga_lite/18.1/nios2eds/bin/gnu/h-x86_64-mingw32/bin/../lib/gcc/nios2-elf/5.3.0/../../../../../H-x86_64-mingw32/nios2-elf/lib/mhw-mulx\libc.a(lib_a-__call_atexit.o)
 .debug_line    0x0000000000002bde       0xad ../lab0_bsp/\libhal_bsp.a(alt_exit.o)

.debug_frame    0x0000000000000000      0xa2c
 *(.debug_frame)
 .debug_frame   0x0000000000000000       0x5c ../lab0_bsp/\libhal_bsp.a(alt_load.o)
 .debug_frame   0x000000000000005c       0x2c ../lab0_bsp/\libhal_bsp.a(alt_main.o)
 .debug_frame   0x0000000000000088       0x88 ../lab0_bsp/\libhal_bsp.a(alt_sys_init.o)
 .debug_frame   0x0000000000000110       0xb0 ../lab0_bsp/\libhal_bsp.a(altera_avalon_jtag_uart_fd.o)
 .debug_frame   0x00000000000001c0       0xa4 ../lab0_bsp/\libhal_bsp.a(altera_avalon_jtag_uart_init.o)
 .debug_frame   0x0000000000000264       0x34 ../lab0_bsp/\libhal_bsp.a(altera_avalon_jtag_uart_ioctl.o)
 .debug_frame   0x0000000000000298       0x38 ../lab0_bsp/\libhal_bsp.a(altera_avalon_jtag_uart_read.o)
 .debug_frame   0x00000000000002d0       0x38 ../lab0_bsp/\libhal_bsp.a(altera_avalon_jtag_uart_write.o)
 .debug_frame   0x0000000000000308       0x60 ../lab0_bsp/\libhal_bsp.a(altera_avalon_timer_sc.o)
 .debug_frame   0x0000000000000368       0x34 ../lab0_bsp/\libhal_bsp.a(alt_alarm_start.o)
 .debug_frame   0x000000000000039c       0x60 ../lab0_bsp/\libhal_bsp.a(alt_close.o)
 .debug_frame   0x00000000000003fc       0x34 ../lab0_bsp/\libhal_bsp.a(alt_dcache_flush_all.o)
 .debug_frame   0x0000000000000430       0x34 ../lab0_bsp/\libhal_bsp.a(alt_dev.o)
 .debug_frame   0x0000000000000464       0x60 ../lab0_bsp/\libhal_bsp.a(alt_dev_llist_insert.o)
 .debug_frame   0x00000000000004c4       0x38 ../lab0_bsp/\libhal_bsp.a(alt_do_ctors.o)
 .debug_frame   0x00000000000004fc       0x38 ../lab0_bsp/\libhal_bsp.a(alt_do_dtors.o)
 .debug_frame   0x0000000000000534       0x38 ../lab0_bsp/\libhal_bsp.a(alt_icache_flush_all.o)
 .debug_frame   0x000000000000056c       0x60 ../lab0_bsp/\libhal_bsp.a(alt_io_redirect.o)
 .debug_frame   0x00000000000005cc       0x34 ../lab0_bsp/\libhal_bsp.a(alt_irq_register.o)
 .debug_frame   0x0000000000000600       0x84 ../lab0_bsp/\libhal_bsp.a(alt_open.o)
 .debug_frame   0x0000000000000684       0x34 ../lab0_bsp/\libhal_bsp.a(alt_release_fd.o)
 .debug_frame   0x00000000000006b8       0x5c ../lab0_bsp/\libhal_bsp.a(alt_tick.o)
 .debug_frame   0x0000000000000714       0x34 ../lab0_bsp/\libhal_bsp.a(altera_nios2_gen2_irq.o)
 .debug_frame   0x0000000000000748       0x38 ../lab0_bsp/\libhal_bsp.a(alt_find_dev.o)
 .debug_frame   0x0000000000000780       0x38 ../lab0_bsp/\libhal_bsp.a(alt_find_file.o)
 .debug_frame   0x00000000000007b8       0x34 ../lab0_bsp/\libhal_bsp.a(alt_get_fd.o)
 .debug_frame   0x00000000000007ec       0x34 ../lab0_bsp/\libhal_bsp.a(alt_icache_flush.o)
 .debug_frame   0x0000000000000820       0x38 ../lab0_bsp/\libhal_bsp.a(alt_irq_handler.o)
 .debug_frame   0x0000000000000858       0x5c ../lab0_bsp/\libhal_bsp.a(alt_instruction_exception_entry.o)
 .debug_frame   0x00000000000008b4       0x20 c:/intelfpga_lite/18.1/nios2eds/bin/gnu/h-x86_64-mingw32/bin/../lib/gcc/nios2-elf/5.3.0/../../../../../H-x86_64-mingw32/nios2-elf/lib/mhw-mulx\libc.a(lib_a-atexit.o)
 .debug_frame   0x00000000000008d4       0x28 c:/intelfpga_lite/18.1/nios2eds/bin/gnu/h-x86_64-mingw32/bin/../lib/gcc/nios2-elf/5.3.0/../../../../../H-x86_64-mingw32/nios2-elf/lib/mhw-mulx\libc.a(lib_a-exit.o)
 .debug_frame   0x00000000000008fc       0x20 c:/intelfpga_lite/18.1/nios2eds/bin/gnu/h-x86_64-mingw32/bin/../lib/gcc/nios2-elf/5.3.0/../../../../../H-x86_64-mingw32/nios2-elf/lib/mhw-mulx\libc.a(lib_a-memcmp.o)
 .debug_frame   0x000000000000091c       0x38 c:/intelfpga_lite/18.1/nios2eds/bin/gnu/h-x86_64-mingw32/bin/../lib/gcc/nios2-elf/5.3.0/../../../../../H-x86_64-mingw32/nios2-elf/lib/mhw-mulx\libc.a(lib_a-memcpy.o)
 .debug_frame   0x0000000000000954       0x20 c:/intelfpga_lite/18.1/nios2eds/bin/gnu/h-x86_64-mingw32/bin/../lib/gcc/nios2-elf/5.3.0/../../../../../H-x86_64-mingw32/nios2-elf/lib/mhw-mulx\libc.a(lib_a-strlen.o)
 .debug_frame   0x0000000000000974       0x38 c:/intelfpga_lite/18.1/nios2eds/bin/gnu/h-x86_64-mingw32/bin/../lib/gcc/nios2-elf/5.3.0/../../../../../H-x86_64-mingw32/nios2-elf/lib/mhw-mulx\libc.a(lib_a-__atexit.o)
 .debug_frame   0x00000000000009ac       0x54 c:/intelfpga_lite/18.1/nios2eds/bin/gnu/h-x86_64-mingw32/bin/../lib/gcc/nios2-elf/5.3.0/../../../../../H-x86_64-mingw32/nios2-elf/lib/mhw-mulx\libc.a(lib_a-__call_atexit.o)
 .debug_frame   0x0000000000000a00       0x2c ../lab0_bsp/\libhal_bsp.a(alt_exit.o)

.debug_str      0x0000000000000000     0x1c24
 *(.debug_str)
 .debug_str     0x0000000000000000      0x1f3 ../lab0_bsp/\libhal_bsp.a(alt_load.o)
                                        0x22c (size before relaxing)
 .debug_str     0x00000000000001f3       0x91 ../lab0_bsp/\libhal_bsp.a(alt_main.o)
                                        0x1e0 (size before relaxing)
 .debug_str     0x0000000000000284      0x3d6 ../lab0_bsp/\libhal_bsp.a(alt_sys_init.o)
                                        0x5dc (size before relaxing)
 .debug_str     0x000000000000065a       0xb9 ../lab0_bsp/\libhal_bsp.a(altera_avalon_jtag_uart_fd.o)
                                        0x3be (size before relaxing)
 .debug_str     0x0000000000000713       0xd1 ../lab0_bsp/\libhal_bsp.a(altera_avalon_jtag_uart_init.o)
                                        0x373 (size before relaxing)
 .debug_str     0x00000000000007e4       0x4a ../lab0_bsp/\libhal_bsp.a(altera_avalon_jtag_uart_ioctl.o)
                                        0x2ad (size before relaxing)
 .debug_str     0x000000000000082e       0x7f ../lab0_bsp/\libhal_bsp.a(altera_avalon_jtag_uart_read.o)
                                        0x323 (size before relaxing)
 .debug_str     0x00000000000008ad       0x4a ../lab0_bsp/\libhal_bsp.a(altera_avalon_jtag_uart_write.o)
                                        0x324 (size before relaxing)
 .debug_str     0x00000000000008f7       0x6d ../lab0_bsp/\libhal_bsp.a(altera_avalon_timer_sc.o)
                                        0x286 (size before relaxing)
 .debug_str     0x0000000000000964       0x59 ../lab0_bsp/\libhal_bsp.a(alt_alarm_start.o)
                                        0x2b9 (size before relaxing)
 .debug_str     0x00000000000009bd       0x44 ../lab0_bsp/\libhal_bsp.a(alt_close.o)
                                        0x225 (size before relaxing)
 .debug_str     0x0000000000000a01       0x34 ../lab0_bsp/\libhal_bsp.a(alt_dcache_flush_all.o)
                                        0x16f (size before relaxing)
 .debug_str     0x0000000000000a35      0x120 ../lab0_bsp/\libhal_bsp.a(alt_dev.o)
                                        0x31f (size before relaxing)
 .debug_str     0x0000000000000b55       0x34 ../lab0_bsp/\libhal_bsp.a(alt_dev_llist_insert.o)
                                        0x1e6 (size before relaxing)
 .debug_str     0x0000000000000b89       0x48 ../lab0_bsp/\libhal_bsp.a(alt_do_ctors.o)
                                         0xea (size before relaxing)
 .debug_str     0x0000000000000bd1       0x4c ../lab0_bsp/\libhal_bsp.a(alt_do_dtors.o)
                                         0xe9 (size before relaxing)
 .debug_str     0x0000000000000c1d       0x14 ../lab0_bsp/\libhal_bsp.a(alt_errno.o)
                                        0x15f (size before relaxing)
 .debug_str     0x0000000000000c31       0x34 ../lab0_bsp/\libhal_bsp.a(alt_icache_flush_all.o)
                                        0x16f (size before relaxing)
 .debug_str     0x0000000000000c65       0x56 ../lab0_bsp/\libhal_bsp.a(alt_io_redirect.o)
                                        0x330 (size before relaxing)
 .debug_str     0x0000000000000cbb       0x77 ../lab0_bsp/\libhal_bsp.a(alt_irq_register.o)
                                        0x222 (size before relaxing)
 .debug_str     0x0000000000000d32       0x17 ../lab0_bsp/\libhal_bsp.a(alt_irq_vars.o)
                                        0x154 (size before relaxing)
 .debug_str     0x0000000000000d49       0x2f ../lab0_bsp/\libhal_bsp.a(alt_open.o)
                                        0x265 (size before relaxing)
 .debug_str     0x0000000000000d78       0x28 ../lab0_bsp/\libhal_bsp.a(alt_release_fd.o)
                                        0x1ed (size before relaxing)
 .debug_str     0x0000000000000da0       0x4a ../lab0_bsp/\libhal_bsp.a(alt_tick.o)
                                        0x28d (size before relaxing)
 .debug_str     0x0000000000000dea       0x3b ../lab0_bsp/\libhal_bsp.a(altera_nios2_gen2_irq.o)
                                        0x19f (size before relaxing)
 .debug_str     0x0000000000000e25       0x24 ../lab0_bsp/\libhal_bsp.a(alt_find_dev.o)
                                        0x206 (size before relaxing)
 .debug_str     0x0000000000000e49       0x26 ../lab0_bsp/\libhal_bsp.a(alt_find_file.o)
                                        0x214 (size before relaxing)
 .debug_str     0x0000000000000e6f       0x30 ../lab0_bsp/\libhal_bsp.a(alt_get_fd.o)
                                        0x236 (size before relaxing)
 .debug_str     0x0000000000000e9f       0x2c ../lab0_bsp/\libhal_bsp.a(alt_icache_flush.o)
                                        0x175 (size before relaxing)
 .debug_str     0x0000000000000ecb       0x3a ../lab0_bsp/\libhal_bsp.a(alt_irq_handler.o)
                                        0x1d2 (size before relaxing)
 .debug_str     0x0000000000000f05      0x48b ../lab0_bsp/\libhal_bsp.a(alt_instruction_exception_entry.o)
                                        0x5ba (size before relaxing)
 .debug_str     0x0000000000001390      0x178 c:/intelfpga_lite/18.1/nios2eds/bin/gnu/h-x86_64-mingw32/bin/../lib/gcc/nios2-elf/5.3.0/../../../../../H-x86_64-mingw32/nios2-elf/lib/mhw-mulx\libc.a(lib_a-atexit.o)
                                        0x21d (size before relaxing)
 .debug_str     0x0000000000001508      0x3a7 c:/intelfpga_lite/18.1/nios2eds/bin/gnu/h-x86_64-mingw32/bin/../lib/gcc/nios2-elf/5.3.0/../../../../../H-x86_64-mingw32/nios2-elf/lib/mhw-mulx\libc.a(lib_a-exit.o)
                                        0x5ba (size before relaxing)
 .debug_str     0x00000000000018af       0xd4 c:/intelfpga_lite/18.1/nios2eds/bin/gnu/h-x86_64-mingw32/bin/../lib/gcc/nios2-elf/5.3.0/../../../../../H-x86_64-mingw32/nios2-elf/lib/mhw-mulx\libc.a(lib_a-impure.o)
                                        0x5b1 (size before relaxing)
 .debug_str     0x0000000000001983       0x3f c:/intelfpga_lite/18.1/nios2eds/bin/gnu/h-x86_64-mingw32/bin/../lib/gcc/nios2-elf/5.3.0/../../../../../H-x86_64-mingw32/nios2-elf/lib/mhw-mulx\libc.a(lib_a-int_errno.o)
                                        0x1d9 (size before relaxing)
 .debug_str     0x00000000000019c2       0xd8 c:/intelfpga_lite/18.1/nios2eds/bin/gnu/h-x86_64-mingw32/bin/../lib/gcc/nios2-elf/5.3.0/../../../../../H-x86_64-mingw32/nios2-elf/lib/mhw-mulx\libc.a(lib_a-memcmp.o)
                                        0x1e0 (size before relaxing)
 .debug_str     0x0000000000001a9a       0x6b c:/intelfpga_lite/18.1/nios2eds/bin/gnu/h-x86_64-mingw32/bin/../lib/gcc/nios2-elf/5.3.0/../../../../../H-x86_64-mingw32/nios2-elf/lib/mhw-mulx\libc.a(lib_a-memcpy.o)
                                        0x207 (size before relaxing)
 .debug_str     0x0000000000001b05       0x51 c:/intelfpga_lite/18.1/nios2eds/bin/gnu/h-x86_64-mingw32/bin/../lib/gcc/nios2-elf/5.3.0/../../../../../H-x86_64-mingw32/nios2-elf/lib/mhw-mulx\libc.a(lib_a-strlen.o)
                                        0x1f3 (size before relaxing)
 .debug_str     0x0000000000001b56       0x3f c:/intelfpga_lite/18.1/nios2eds/bin/gnu/h-x86_64-mingw32/bin/../lib/gcc/nios2-elf/5.3.0/../../../../../H-x86_64-mingw32/nios2-elf/lib/mhw-mulx\libc.a(lib_a-__atexit.o)
                                        0x5f2 (size before relaxing)
 .debug_str     0x0000000000001b95       0x65 c:/intelfpga_lite/18.1/nios2eds/bin/gnu/h-x86_64-mingw32/bin/../lib/gcc/nios2-elf/5.3.0/../../../../../H-x86_64-mingw32/nios2-elf/lib/mhw-mulx\libc.a(lib_a-__call_atexit.o)
                                        0x5de (size before relaxing)
 .debug_str     0x0000000000001bfa       0x2a ../lab0_bsp/\libhal_bsp.a(alt_exit.o)
                                        0x194 (size before relaxing)

.debug_loc      0x0000000000000000      0x770
 *(.debug_loc)
 .debug_loc     0x0000000000000000       0x2c c:/intelfpga_lite/18.1/nios2eds/bin/gnu/h-x86_64-mingw32/bin/../lib/gcc/nios2-elf/5.3.0/../../../../../H-x86_64-mingw32/nios2-elf/lib/mhw-mulx\libc.a(lib_a-atexit.o)
 .debug_loc     0x000000000000002c       0x1e c:/intelfpga_lite/18.1/nios2eds/bin/gnu/h-x86_64-mingw32/bin/../lib/gcc/nios2-elf/5.3.0/../../../../../H-x86_64-mingw32/nios2-elf/lib/mhw-mulx\libc.a(lib_a-exit.o)
 .debug_loc     0x000000000000004a      0x126 c:/intelfpga_lite/18.1/nios2eds/bin/gnu/h-x86_64-mingw32/bin/../lib/gcc/nios2-elf/5.3.0/../../../../../H-x86_64-mingw32/nios2-elf/lib/mhw-mulx\libc.a(lib_a-memcmp.o)
 .debug_loc     0x0000000000000170      0x266 c:/intelfpga_lite/18.1/nios2eds/bin/gnu/h-x86_64-mingw32/bin/../lib/gcc/nios2-elf/5.3.0/../../../../../H-x86_64-mingw32/nios2-elf/lib/mhw-mulx\libc.a(lib_a-memcpy.o)
 .debug_loc     0x00000000000003d6       0x47 c:/intelfpga_lite/18.1/nios2eds/bin/gnu/h-x86_64-mingw32/bin/../lib/gcc/nios2-elf/5.3.0/../../../../../H-x86_64-mingw32/nios2-elf/lib/mhw-mulx\libc.a(lib_a-strlen.o)
 .debug_loc     0x000000000000041d      0x185 c:/intelfpga_lite/18.1/nios2eds/bin/gnu/h-x86_64-mingw32/bin/../lib/gcc/nios2-elf/5.3.0/../../../../../H-x86_64-mingw32/nios2-elf/lib/mhw-mulx\libc.a(lib_a-__atexit.o)
 .debug_loc     0x00000000000005a2      0x1ce c:/intelfpga_lite/18.1/nios2eds/bin/gnu/h-x86_64-mingw32/bin/../lib/gcc/nios2-elf/5.3.0/../../../../../H-x86_64-mingw32/nios2-elf/lib/mhw-mulx\libc.a(lib_a-__call_atexit.o)

.debug_macinfo
 *(.debug_macinfo)

.debug_weaknames
 *(.debug_weaknames)

.debug_funcnames
 *(.debug_funcnames)

.debug_typenames
 *(.debug_typenames)

.debug_varnames
 *(.debug_varnames)

.debug_alt_sim_info
                0x0000000000000000       0x20
 *(.debug_alt_sim_info)
 .debug_alt_sim_info
                0x0000000000000000       0x20 ../lab0_bsp//obj/HAL/src/crt0.o
                0x0000000002000000                __alt_data_end = 0x2000000
                0x0000000002000000                PROVIDE (__alt_stack_pointer, __alt_data_end)
                [!provide]                        PROVIDE (__alt_stack_limit, __alt_stack_base)
                [!provide]                        PROVIDE (__alt_heap_start, end)
                [!provide]                        PROVIDE (__alt_heap_limit, 0x2000000)
OUTPUT(lab0.elf elf32-littlenios2)

.debug_ranges   0x0000000000000000      0x178
 .debug_ranges  0x0000000000000000       0x20 ../lab0_bsp//obj/HAL/src/crt0.o
 .debug_ranges  0x0000000000000020       0x30 ../lab0_bsp/\libhal_bsp.a(altera_avalon_jtag_uart_init.o)
 .debug_ranges  0x0000000000000050       0x18 ../lab0_bsp/\libhal_bsp.a(altera_avalon_jtag_uart_read.o)
 .debug_ranges  0x0000000000000068       0x28 ../lab0_bsp/\libhal_bsp.a(alt_irq_entry.o)
 .debug_ranges  0x0000000000000090       0x10 ../lab0_bsp/\libhal_bsp.a(alt_irq_handler.o)
 .debug_ranges  0x00000000000000a0       0x30 ../lab0_bsp/\libhal_bsp.a(alt_exception_entry.o)
 .debug_ranges  0x00000000000000d0       0x18 ../lab0_bsp/\libhal_bsp.a(alt_instruction_exception_entry.o)
 .debug_ranges  0x00000000000000e8       0x10 c:/intelfpga_lite/18.1/nios2eds/bin/gnu/h-x86_64-mingw32/bin/../lib/gcc/nios2-elf/5.3.0/../../../../../H-x86_64-mingw32/nios2-elf/lib/mhw-mulx\libc.a(lib_a-atexit.o)
 .debug_ranges  0x00000000000000f8       0x10 c:/intelfpga_lite/18.1/nios2eds/bin/gnu/h-x86_64-mingw32/bin/../lib/gcc/nios2-elf/5.3.0/../../../../../H-x86_64-mingw32/nios2-elf/lib/mhw-mulx\libc.a(lib_a-exit.o)
 .debug_ranges  0x0000000000000108       0x10 c:/intelfpga_lite/18.1/nios2eds/bin/gnu/h-x86_64-mingw32/bin/../lib/gcc/nios2-elf/5.3.0/../../../../../H-x86_64-mingw32/nios2-elf/lib/mhw-mulx\libc.a(lib_a-memcmp.o)
 .debug_ranges  0x0000000000000118       0x10 c:/intelfpga_lite/18.1/nios2eds/bin/gnu/h-x86_64-mingw32/bin/../lib/gcc/nios2-elf/5.3.0/../../../../../H-x86_64-mingw32/nios2-elf/lib/mhw-mulx\libc.a(lib_a-memcpy.o)
 .debug_ranges  0x0000000000000128       0x10 c:/intelfpga_lite/18.1/nios2eds/bin/gnu/h-x86_64-mingw32/bin/../lib/gcc/nios2-elf/5.3.0/../../../../../H-x86_64-mingw32/nios2-elf/lib/mhw-mulx\libc.a(lib_a-strlen.o)
 .debug_ranges  0x0000000000000138       0x10 c:/intelfpga_lite/18.1/nios2eds/bin/gnu/h-x86_64-mingw32/bin/../lib/gcc/nios2-elf/5.3.0/../../../../../H-x86_64-mingw32/nios2-elf/lib/mhw-mulx\libc.a(lib_a-__atexit.o)
 .debug_ranges  0x0000000000000148       0x30 c:/intelfpga_lite/18.1/nios2eds/bin/gnu/h-x86_64-mingw32/bin/../lib/gcc/nios2-elf/5.3.0/../../../../../H-x86_64-mingw32/nios2-elf/lib/mhw-mulx\libc.a(lib_a-__call_atexit.o)
